Archive member included to satisfy reference by file (symbol)

e:/program files/simplicitystudio/developer/toolchains/gnu_arm/7.2_2017q4/bin/../lib/gcc/arm-none-eabi/7.2.1/thumb/v6-m\libgcc.a(_udivsi3.o)
                              ./CMSIS/EFM32HG/system_efm32hg.o (__aeabi_uidiv)
e:/program files/simplicitystudio/developer/toolchains/gnu_arm/7.2_2017q4/bin/../lib/gcc/arm-none-eabi/7.2.1/thumb/v6-m\libgcc.a(_dvmd_tls.o)
                              e:/program files/simplicitystudio/developer/toolchains/gnu_arm/7.2_2017q4/bin/../lib/gcc/arm-none-eabi/7.2.1/thumb/v6-m\libgcc.a(_udivsi3.o) (__aeabi_idiv0)
e:/program files/simplicitystudio/developer/toolchains/gnu_arm/7.2_2017q4/bin/../lib/gcc/arm-none-eabi/7.2.1/thumb/v6-m\libgcc.a(_clzsi2.o)
                              ./emlib/em_cmu.o (__clzsi2)
e:/program files/simplicitystudio/developer/toolchains/gnu_arm/7.2_2017q4/bin/../lib/gcc/arm-none-eabi/7.2.1/../../../../arm-none-eabi/lib/thumb/v6-m\libc_nano.a(lib_a-exit.o)
                              e:/program files/simplicitystudio/developer/toolchains/gnu_arm/7.2_2017q4/bin/../lib/gcc/arm-none-eabi/7.2.1/../../../../arm-none-eabi/lib/thumb/v6-m/crt0.o (exit)
e:/program files/simplicitystudio/developer/toolchains/gnu_arm/7.2_2017q4/bin/../lib/gcc/arm-none-eabi/7.2.1/../../../../arm-none-eabi/lib/thumb/v6-m\libc_nano.a(lib_a-impure.o)
                              e:/program files/simplicitystudio/developer/toolchains/gnu_arm/7.2_2017q4/bin/../lib/gcc/arm-none-eabi/7.2.1/../../../../arm-none-eabi/lib/thumb/v6-m\libc_nano.a(lib_a-exit.o) (_global_impure_ptr)
e:/program files/simplicitystudio/developer/toolchains/gnu_arm/7.2_2017q4/bin/../lib/gcc/arm-none-eabi/7.2.1/../../../../arm-none-eabi/lib/thumb/v6-m\libc_nano.a(lib_a-init.o)
                              e:/program files/simplicitystudio/developer/toolchains/gnu_arm/7.2_2017q4/bin/../lib/gcc/arm-none-eabi/7.2.1/../../../../arm-none-eabi/lib/thumb/v6-m/crt0.o (__libc_init_array)
e:/program files/simplicitystudio/developer/toolchains/gnu_arm/7.2_2017q4/bin/../lib/gcc/arm-none-eabi/7.2.1/../../../../arm-none-eabi/lib/thumb/v6-m\libc_nano.a(lib_a-memset.o)
                              e:/program files/simplicitystudio/developer/toolchains/gnu_arm/7.2_2017q4/bin/../lib/gcc/arm-none-eabi/7.2.1/../../../../arm-none-eabi/lib/thumb/v6-m/crt0.o (memset)
e:/program files/simplicitystudio/developer/toolchains/gnu_arm/7.2_2017q4/bin/../lib/gcc/arm-none-eabi/7.2.1/../../../../arm-none-eabi/lib/thumb/v6-m\libnosys.a(_exit.o)
                              e:/program files/simplicitystudio/developer/toolchains/gnu_arm/7.2_2017q4/bin/../lib/gcc/arm-none-eabi/7.2.1/../../../../arm-none-eabi/lib/thumb/v6-m\libc_nano.a(lib_a-exit.o) (_exit)

Discarded input sections

 .text          0x00000000        0x0 e:/program files/simplicitystudio/developer/toolchains/gnu_arm/7.2_2017q4/bin/../lib/gcc/arm-none-eabi/7.2.1/thumb/v6-m/crti.o
 .data          0x00000000        0x0 e:/program files/simplicitystudio/developer/toolchains/gnu_arm/7.2_2017q4/bin/../lib/gcc/arm-none-eabi/7.2.1/thumb/v6-m/crti.o
 .bss           0x00000000        0x0 e:/program files/simplicitystudio/developer/toolchains/gnu_arm/7.2_2017q4/bin/../lib/gcc/arm-none-eabi/7.2.1/thumb/v6-m/crti.o
 .data          0x00000000        0x4 e:/program files/simplicitystudio/developer/toolchains/gnu_arm/7.2_2017q4/bin/../lib/gcc/arm-none-eabi/7.2.1/thumb/v6-m/crtbegin.o
 .data          0x00000000        0x0 e:/program files/simplicitystudio/developer/toolchains/gnu_arm/7.2_2017q4/bin/../lib/gcc/arm-none-eabi/7.2.1/../../../../arm-none-eabi/lib/thumb/v6-m/crt0.o
 .bss           0x00000000        0x0 e:/program files/simplicitystudio/developer/toolchains/gnu_arm/7.2_2017q4/bin/../lib/gcc/arm-none-eabi/7.2.1/../../../../arm-none-eabi/lib/thumb/v6-m/crt0.o
 .ARM.extab     0x00000000        0x0 e:/program files/simplicitystudio/developer/toolchains/gnu_arm/7.2_2017q4/bin/../lib/gcc/arm-none-eabi/7.2.1/../../../../arm-none-eabi/lib/thumb/v6-m/crt0.o
 .group         0x00000000        0xc ./AMG8833/AMG8833.o
 .group         0x00000000        0xc ./AMG8833/AMG8833.o
 .group         0x00000000        0xc ./AMG8833/AMG8833.o
 .group         0x00000000        0xc ./AMG8833/AMG8833.o
 .group         0x00000000        0xc ./AMG8833/AMG8833.o
 .group         0x00000000        0xc ./AMG8833/AMG8833.o
 .group         0x00000000        0xc ./AMG8833/AMG8833.o
 .group         0x00000000        0xc ./AMG8833/AMG8833.o
 .text          0x00000000        0x0 ./AMG8833/AMG8833.o
 .data          0x00000000        0x0 ./AMG8833/AMG8833.o
 .bss           0x00000000        0x0 ./AMG8833/AMG8833.o
 .text.AMG8833_Temp
                0x00000000       0x4c ./AMG8833/AMG8833.o
 .debug_info    0x00000000       0xf4 ./AMG8833/AMG8833.o
 .debug_abbrev  0x00000000       0x8f ./AMG8833/AMG8833.o
 .debug_loc     0x00000000       0x38 ./AMG8833/AMG8833.o
 .debug_aranges
                0x00000000       0x20 ./AMG8833/AMG8833.o
 .debug_ranges  0x00000000       0x10 ./AMG8833/AMG8833.o
 .debug_macro   0x00000000       0x92 ./AMG8833/AMG8833.o
 .debug_macro   0x00000000      0xa36 ./AMG8833/AMG8833.o
 .debug_macro   0x00000000       0x22 ./AMG8833/AMG8833.o
 .debug_macro   0x00000000       0x4f ./AMG8833/AMG8833.o
 .debug_macro   0x00000000       0x51 ./AMG8833/AMG8833.o
 .debug_macro   0x00000000       0xef ./AMG8833/AMG8833.o
 .debug_macro   0x00000000       0x6a ./AMG8833/AMG8833.o
 .debug_macro   0x00000000      0x1df ./AMG8833/AMG8833.o
 .debug_macro   0x00000000       0x22 ./AMG8833/AMG8833.o
 .debug_line    0x00000000      0x273 ./AMG8833/AMG8833.o
 .debug_str     0x00000000     0x3bcb ./AMG8833/AMG8833.o
 .comment       0x00000000       0x7f ./AMG8833/AMG8833.o
 .debug_frame   0x00000000       0x30 ./AMG8833/AMG8833.o
 .ARM.attributes
                0x00000000       0x32 ./AMG8833/AMG8833.o
 .group         0x00000000        0xc ./AMG8833/I2C.o
 .group         0x00000000        0xc ./AMG8833/I2C.o
 .group         0x00000000        0xc ./AMG8833/I2C.o
 .group         0x00000000        0xc ./AMG8833/I2C.o
 .group         0x00000000        0xc ./AMG8833/I2C.o
 .group         0x00000000        0xc ./AMG8833/I2C.o
 .group         0x00000000        0xc ./AMG8833/I2C.o
 .group         0x00000000        0xc ./AMG8833/I2C.o
 .group         0x00000000        0xc ./AMG8833/I2C.o
 .group         0x00000000        0xc ./AMG8833/I2C.o
 .group         0x00000000        0xc ./AMG8833/I2C.o
 .group         0x00000000        0xc ./AMG8833/I2C.o
 .group         0x00000000        0xc ./AMG8833/I2C.o
 .group         0x00000000        0xc ./AMG8833/I2C.o
 .group         0x00000000        0xc ./AMG8833/I2C.o
 .group         0x00000000        0xc ./AMG8833/I2C.o
 .group         0x00000000        0xc ./AMG8833/I2C.o
 .group         0x00000000        0xc ./AMG8833/I2C.o
 .group         0x00000000        0xc ./AMG8833/I2C.o
 .group         0x00000000        0xc ./AMG8833/I2C.o
 .group         0x00000000        0xc ./AMG8833/I2C.o
 .group         0x00000000        0xc ./AMG8833/I2C.o
 .group         0x00000000        0xc ./AMG8833/I2C.o
 .group         0x00000000        0xc ./AMG8833/I2C.o
 .group         0x00000000        0xc ./AMG8833/I2C.o
 .group         0x00000000        0xc ./AMG8833/I2C.o
 .group         0x00000000        0xc ./AMG8833/I2C.o
 .group         0x00000000        0xc ./AMG8833/I2C.o
 .group         0x00000000        0xc ./AMG8833/I2C.o
 .group         0x00000000        0xc ./AMG8833/I2C.o
 .group         0x00000000        0xc ./AMG8833/I2C.o
 .group         0x00000000        0xc ./AMG8833/I2C.o
 .group         0x00000000        0xc ./AMG8833/I2C.o
 .group         0x00000000        0xc ./AMG8833/I2C.o
 .group         0x00000000        0xc ./AMG8833/I2C.o
 .group         0x00000000        0xc ./AMG8833/I2C.o
 .group         0x00000000        0xc ./AMG8833/I2C.o
 .group         0x00000000        0xc ./AMG8833/I2C.o
 .group         0x00000000        0xc ./AMG8833/I2C.o
 .group         0x00000000        0xc ./AMG8833/I2C.o
 .group         0x00000000        0xc ./AMG8833/I2C.o
 .group         0x00000000        0xc ./AMG8833/I2C.o
 .group         0x00000000        0xc ./AMG8833/I2C.o
 .group         0x00000000        0xc ./AMG8833/I2C.o
 .group         0x00000000        0xc ./AMG8833/I2C.o
 .group         0x00000000        0xc ./AMG8833/I2C.o
 .group         0x00000000        0xc ./AMG8833/I2C.o
 .group         0x00000000        0xc ./AMG8833/I2C.o
 .group         0x00000000        0xc ./AMG8833/I2C.o
 .group         0x00000000        0xc ./AMG8833/I2C.o
 .group         0x00000000        0xc ./AMG8833/I2C.o
 .group         0x00000000        0xc ./AMG8833/I2C.o
 .group         0x00000000        0xc ./AMG8833/I2C.o
 .group         0x00000000        0xc ./AMG8833/I2C.o
 .group         0x00000000        0xc ./AMG8833/I2C.o
 .group         0x00000000        0xc ./AMG8833/I2C.o
 .group         0x00000000        0xc ./AMG8833/I2C.o
 .group         0x00000000        0xc ./AMG8833/I2C.o
 .group         0x00000000        0xc ./AMG8833/I2C.o
 .group         0x00000000        0xc ./AMG8833/I2C.o
 .group         0x00000000        0xc ./AMG8833/I2C.o
 .group         0x00000000        0xc ./AMG8833/I2C.o
 .group         0x00000000        0xc ./AMG8833/I2C.o
 .group         0x00000000        0xc ./AMG8833/I2C.o
 .text          0x00000000        0x0 ./AMG8833/I2C.o
 .data          0x00000000        0x0 ./AMG8833/I2C.o
 .bss           0x00000000        0x0 ./AMG8833/I2C.o
 .data.i2cInit  0x00000000       0x18 ./AMG8833/I2C.o
 .text.IIC_Init
                0x00000000       0x18 ./AMG8833/I2C.o
 .text.IIC_Reset
                0x00000000       0x18 ./AMG8833/I2C.o
 .text.IIC_WriteBuffer
                0x00000000       0x78 ./AMG8833/I2C.o
 .text.IIC_ReadBuffer
                0x00000000       0x90 ./AMG8833/I2C.o
 .text.IIC_WriteReadBuffer
                0x00000000       0x88 ./AMG8833/I2C.o
 .debug_info    0x00000000      0xe5f ./AMG8833/I2C.o
 .debug_abbrev  0x00000000      0x239 ./AMG8833/I2C.o
 .debug_loc     0x00000000      0x100 ./AMG8833/I2C.o
 .debug_aranges
                0x00000000       0x40 ./AMG8833/I2C.o
 .debug_ranges  0x00000000       0x30 ./AMG8833/I2C.o
 .debug_macro   0x00000000      0x335 ./AMG8833/I2C.o
 .debug_macro   0x00000000      0xa36 ./AMG8833/I2C.o
 .debug_macro   0x00000000       0x16 ./AMG8833/I2C.o
 .debug_macro   0x00000000      0x318 ./AMG8833/I2C.o
 .debug_macro   0x00000000       0x12 ./AMG8833/I2C.o
 .debug_macro   0x00000000       0x22 ./AMG8833/I2C.o
 .debug_macro   0x00000000       0x4f ./AMG8833/I2C.o
 .debug_macro   0x00000000       0x51 ./AMG8833/I2C.o
 .debug_macro   0x00000000       0xef ./AMG8833/I2C.o
 .debug_macro   0x00000000       0x6a ./AMG8833/I2C.o
 .debug_macro   0x00000000      0x1df ./AMG8833/I2C.o
 .debug_macro   0x00000000       0x1c ./AMG8833/I2C.o
 .debug_macro   0x00000000       0x22 ./AMG8833/I2C.o
 .debug_macro   0x00000000       0xb5 ./AMG8833/I2C.o
 .debug_macro   0x00000000       0x12 ./AMG8833/I2C.o
 .debug_macro   0x00000000       0x58 ./AMG8833/I2C.o
 .debug_macro   0x00000000       0x17 ./AMG8833/I2C.o
 .debug_macro   0x00000000       0x35 ./AMG8833/I2C.o
 .debug_macro   0x00000000       0x9c ./AMG8833/I2C.o
 .debug_macro   0x00000000      0x16d ./AMG8833/I2C.o
 .debug_macro   0x00000000       0x58 ./AMG8833/I2C.o
 .debug_macro   0x00000000       0x1f ./AMG8833/I2C.o
 .debug_macro   0x00000000       0x43 ./AMG8833/I2C.o
 .debug_macro   0x00000000       0x20 ./AMG8833/I2C.o
 .debug_macro   0x00000000      0x18e ./AMG8833/I2C.o
 .debug_macro   0x00000000      0x34d ./AMG8833/I2C.o
 .debug_macro   0x00000000       0x10 ./AMG8833/I2C.o
 .debug_macro   0x00000000       0x35 ./AMG8833/I2C.o
 .debug_macro   0x00000000       0xde ./AMG8833/I2C.o
 .debug_macro   0x00000000       0xe4 ./AMG8833/I2C.o
 .debug_macro   0x00000000      0x37c ./AMG8833/I2C.o
 .debug_macro   0x00000000      0x2b1 ./AMG8833/I2C.o
 .debug_macro   0x00000000     0x14a6 ./AMG8833/I2C.o
 .debug_macro   0x00000000     0x2af9 ./AMG8833/I2C.o
 .debug_macro   0x00000000      0x82e ./AMG8833/I2C.o
 .debug_macro   0x00000000       0xfa ./AMG8833/I2C.o
 .debug_macro   0x00000000      0x1b4 ./AMG8833/I2C.o
 .debug_macro   0x00000000     0x1c9a ./AMG8833/I2C.o
 .debug_macro   0x00000000     0x16af ./AMG8833/I2C.o
 .debug_macro   0x00000000      0x6cb ./AMG8833/I2C.o
 .debug_macro   0x00000000     0x1bdb ./AMG8833/I2C.o
 .debug_macro   0x00000000      0x7a0 ./AMG8833/I2C.o
 .debug_macro   0x00000000      0x22a ./AMG8833/I2C.o
 .debug_macro   0x00000000     0x1c0a ./AMG8833/I2C.o
 .debug_macro   0x00000000      0x33e ./AMG8833/I2C.o
 .debug_macro   0x00000000      0xf1d ./AMG8833/I2C.o
 .debug_macro   0x00000000      0xf9b ./AMG8833/I2C.o
 .debug_macro   0x00000000      0xa5c ./AMG8833/I2C.o
 .debug_macro   0x00000000     0x106b ./AMG8833/I2C.o
 .debug_macro   0x00000000      0x380 ./AMG8833/I2C.o
 .debug_macro   0x00000000      0x1ca ./AMG8833/I2C.o
 .debug_macro   0x00000000      0x166 ./AMG8833/I2C.o
 .debug_macro   0x00000000      0x257 ./AMG8833/I2C.o
 .debug_macro   0x00000000       0x40 ./AMG8833/I2C.o
 .debug_macro   0x00000000      0x18c ./AMG8833/I2C.o
 .debug_macro   0x00000000      0x11e ./AMG8833/I2C.o
 .debug_macro   0x00000000       0xc4 ./AMG8833/I2C.o
 .debug_macro   0x00000000      0x253 ./AMG8833/I2C.o
 .debug_macro   0x00000000       0x27 ./AMG8833/I2C.o
 .debug_macro   0x00000000      0x100 ./AMG8833/I2C.o
 .debug_macro   0x00000000      0x100 ./AMG8833/I2C.o
 .debug_macro   0x00000000       0x22 ./AMG8833/I2C.o
 .debug_macro   0x00000000       0x10 ./AMG8833/I2C.o
 .debug_macro   0x00000000       0xb9 ./AMG8833/I2C.o
 .debug_macro   0x00000000       0x45 ./AMG8833/I2C.o
 .debug_line    0x00000000      0x8f0 ./AMG8833/I2C.o
 .debug_str     0x00000000    0x77583 ./AMG8833/I2C.o
 .comment       0x00000000       0x7f ./AMG8833/I2C.o
 .debug_frame   0x00000000       0xb4 ./AMG8833/I2C.o
 .ARM.attributes
                0x00000000       0x32 ./AMG8833/I2C.o
 .data          0x00000000        0x0 ./CMSIS/EFM32HG/startup_efm32hg.o
 .bss           0x00000000        0x0 ./CMSIS/EFM32HG/startup_efm32hg.o
 .group         0x00000000        0xc ./CMSIS/EFM32HG/system_efm32hg.o
 .group         0x00000000        0xc ./CMSIS/EFM32HG/system_efm32hg.o
 .group         0x00000000        0xc ./CMSIS/EFM32HG/system_efm32hg.o
 .group         0x00000000        0xc ./CMSIS/EFM32HG/system_efm32hg.o
 .group         0x00000000        0xc ./CMSIS/EFM32HG/system_efm32hg.o
 .group         0x00000000        0xc ./CMSIS/EFM32HG/system_efm32hg.o
 .group         0x00000000        0xc ./CMSIS/EFM32HG/system_efm32hg.o
 .group         0x00000000        0xc ./CMSIS/EFM32HG/system_efm32hg.o
 .group         0x00000000        0xc ./CMSIS/EFM32HG/system_efm32hg.o
 .group         0x00000000        0xc ./CMSIS/EFM32HG/system_efm32hg.o
 .group         0x00000000        0xc ./CMSIS/EFM32HG/system_efm32hg.o
 .group         0x00000000        0xc ./CMSIS/EFM32HG/system_efm32hg.o
 .group         0x00000000        0xc ./CMSIS/EFM32HG/system_efm32hg.o
 .group         0x00000000        0xc ./CMSIS/EFM32HG/system_efm32hg.o
 .group         0x00000000        0xc ./CMSIS/EFM32HG/system_efm32hg.o
 .group         0x00000000        0xc ./CMSIS/EFM32HG/system_efm32hg.o
 .group         0x00000000        0xc ./CMSIS/EFM32HG/system_efm32hg.o
 .group         0x00000000        0xc ./CMSIS/EFM32HG/system_efm32hg.o
 .group         0x00000000        0xc ./CMSIS/EFM32HG/system_efm32hg.o
 .group         0x00000000        0xc ./CMSIS/EFM32HG/system_efm32hg.o
 .group         0x00000000        0xc ./CMSIS/EFM32HG/system_efm32hg.o
 .group         0x00000000        0xc ./CMSIS/EFM32HG/system_efm32hg.o
 .group         0x00000000        0xc ./CMSIS/EFM32HG/system_efm32hg.o
 .group         0x00000000        0xc ./CMSIS/EFM32HG/system_efm32hg.o
 .group         0x00000000        0xc ./CMSIS/EFM32HG/system_efm32hg.o
 .group         0x00000000        0xc ./CMSIS/EFM32HG/system_efm32hg.o
 .group         0x00000000        0xc ./CMSIS/EFM32HG/system_efm32hg.o
 .group         0x00000000        0xc ./CMSIS/EFM32HG/system_efm32hg.o
 .group         0x00000000        0xc ./CMSIS/EFM32HG/system_efm32hg.o
 .group         0x00000000        0xc ./CMSIS/EFM32HG/system_efm32hg.o
 .group         0x00000000        0xc ./CMSIS/EFM32HG/system_efm32hg.o
 .group         0x00000000        0xc ./CMSIS/EFM32HG/system_efm32hg.o
 .group         0x00000000        0xc ./CMSIS/EFM32HG/system_efm32hg.o
 .group         0x00000000        0xc ./CMSIS/EFM32HG/system_efm32hg.o
 .group         0x00000000        0xc ./CMSIS/EFM32HG/system_efm32hg.o
 .group         0x00000000        0xc ./CMSIS/EFM32HG/system_efm32hg.o
 .group         0x00000000        0xc ./CMSIS/EFM32HG/system_efm32hg.o
 .group         0x00000000        0xc ./CMSIS/EFM32HG/system_efm32hg.o
 .group         0x00000000        0xc ./CMSIS/EFM32HG/system_efm32hg.o
 .group         0x00000000        0xc ./CMSIS/EFM32HG/system_efm32hg.o
 .group         0x00000000        0xc ./CMSIS/EFM32HG/system_efm32hg.o
 .group         0x00000000        0xc ./CMSIS/EFM32HG/system_efm32hg.o
 .group         0x00000000        0xc ./CMSIS/EFM32HG/system_efm32hg.o
 .group         0x00000000        0xc ./CMSIS/EFM32HG/system_efm32hg.o
 .group         0x00000000        0xc ./CMSIS/EFM32HG/system_efm32hg.o
 .group         0x00000000        0xc ./CMSIS/EFM32HG/system_efm32hg.o
 .group         0x00000000        0xc ./CMSIS/EFM32HG/system_efm32hg.o
 .group         0x00000000        0xc ./CMSIS/EFM32HG/system_efm32hg.o
 .group         0x00000000        0xc ./CMSIS/EFM32HG/system_efm32hg.o
 .group         0x00000000        0xc ./CMSIS/EFM32HG/system_efm32hg.o
 .group         0x00000000        0xc ./CMSIS/EFM32HG/system_efm32hg.o
 .group         0x00000000        0xc ./CMSIS/EFM32HG/system_efm32hg.o
 .group         0x00000000        0xc ./CMSIS/EFM32HG/system_efm32hg.o
 .group         0x00000000        0xc ./CMSIS/EFM32HG/system_efm32hg.o
 .group         0x00000000        0xc ./CMSIS/EFM32HG/system_efm32hg.o
 .group         0x00000000        0xc ./CMSIS/EFM32HG/system_efm32hg.o
 .group         0x00000000        0xc ./CMSIS/EFM32HG/system_efm32hg.o
 .group         0x00000000        0xc ./CMSIS/EFM32HG/system_efm32hg.o
 .group         0x00000000        0xc ./CMSIS/EFM32HG/system_efm32hg.o
 .text          0x00000000        0x0 ./CMSIS/EFM32HG/system_efm32hg.o
 .data          0x00000000        0x0 ./CMSIS/EFM32HG/system_efm32hg.o
 .bss           0x00000000        0x0 ./CMSIS/EFM32HG/system_efm32hg.o
 .data.SystemHFXOClock
                0x00000000        0x4 ./CMSIS/EFM32HG/system_efm32hg.o
 .data.SystemLFXOClock
                0x00000000        0x4 ./CMSIS/EFM32HG/system_efm32hg.o
 .data.SystemCoreClock
                0x00000000        0x4 ./CMSIS/EFM32HG/system_efm32hg.o
 .text.SystemCoreClockGet
                0x00000000       0x38 ./CMSIS/EFM32HG/system_efm32hg.o
 .text.SystemMaxCoreClockGet
                0x00000000       0x10 ./CMSIS/EFM32HG/system_efm32hg.o
 .text.SystemHFClockGet
                0x00000000       0xfc ./CMSIS/EFM32HG/system_efm32hg.o
 .text.SystemHFXOClockGet
                0x00000000       0x14 ./CMSIS/EFM32HG/system_efm32hg.o
 .text.SystemHFXOClockSet
                0x00000000       0x30 ./CMSIS/EFM32HG/system_efm32hg.o
 .text.SystemLFRCOClockGet
                0x00000000        0xe ./CMSIS/EFM32HG/system_efm32hg.o
 .text.SystemULFRCOClockGet
                0x00000000        0xe ./CMSIS/EFM32HG/system_efm32hg.o
 .text.SystemLFXOClockGet
                0x00000000       0x14 ./CMSIS/EFM32HG/system_efm32hg.o
 .text.SystemLFXOClockSet
                0x00000000       0x30 ./CMSIS/EFM32HG/system_efm32hg.o
 .debug_macro   0x00000000      0xa36 ./CMSIS/EFM32HG/system_efm32hg.o
 .debug_macro   0x00000000       0x22 ./CMSIS/EFM32HG/system_efm32hg.o
 .debug_macro   0x00000000       0x4f ./CMSIS/EFM32HG/system_efm32hg.o
 .debug_macro   0x00000000       0x51 ./CMSIS/EFM32HG/system_efm32hg.o
 .debug_macro   0x00000000       0xef ./CMSIS/EFM32HG/system_efm32hg.o
 .debug_macro   0x00000000       0x6a ./CMSIS/EFM32HG/system_efm32hg.o
 .debug_macro   0x00000000      0x1df ./CMSIS/EFM32HG/system_efm32hg.o
 .debug_macro   0x00000000      0x318 ./CMSIS/EFM32HG/system_efm32hg.o
 .debug_macro   0x00000000       0x12 ./CMSIS/EFM32HG/system_efm32hg.o
 .debug_macro   0x00000000       0x1c ./CMSIS/EFM32HG/system_efm32hg.o
 .debug_macro   0x00000000       0x22 ./CMSIS/EFM32HG/system_efm32hg.o
 .debug_macro   0x00000000       0xb5 ./CMSIS/EFM32HG/system_efm32hg.o
 .debug_macro   0x00000000       0x12 ./CMSIS/EFM32HG/system_efm32hg.o
 .debug_macro   0x00000000       0x58 ./CMSIS/EFM32HG/system_efm32hg.o
 .debug_macro   0x00000000       0x17 ./CMSIS/EFM32HG/system_efm32hg.o
 .debug_macro   0x00000000       0x35 ./CMSIS/EFM32HG/system_efm32hg.o
 .debug_macro   0x00000000       0x9c ./CMSIS/EFM32HG/system_efm32hg.o
 .debug_macro   0x00000000      0x16d ./CMSIS/EFM32HG/system_efm32hg.o
 .debug_macro   0x00000000       0x58 ./CMSIS/EFM32HG/system_efm32hg.o
 .debug_macro   0x00000000       0x1f ./CMSIS/EFM32HG/system_efm32hg.o
 .debug_macro   0x00000000       0x43 ./CMSIS/EFM32HG/system_efm32hg.o
 .debug_macro   0x00000000       0x20 ./CMSIS/EFM32HG/system_efm32hg.o
 .debug_macro   0x00000000      0x18e ./CMSIS/EFM32HG/system_efm32hg.o
 .debug_macro   0x00000000      0x34d ./CMSIS/EFM32HG/system_efm32hg.o
 .debug_macro   0x00000000       0x10 ./CMSIS/EFM32HG/system_efm32hg.o
 .debug_macro   0x00000000       0x35 ./CMSIS/EFM32HG/system_efm32hg.o
 .debug_macro   0x00000000       0xde ./CMSIS/EFM32HG/system_efm32hg.o
 .debug_macro   0x00000000       0xe4 ./CMSIS/EFM32HG/system_efm32hg.o
 .debug_macro   0x00000000      0x37c ./CMSIS/EFM32HG/system_efm32hg.o
 .debug_macro   0x00000000      0x2b1 ./CMSIS/EFM32HG/system_efm32hg.o
 .debug_macro   0x00000000     0x14a6 ./CMSIS/EFM32HG/system_efm32hg.o
 .debug_macro   0x00000000     0x2af9 ./CMSIS/EFM32HG/system_efm32hg.o
 .debug_macro   0x00000000      0x82e ./CMSIS/EFM32HG/system_efm32hg.o
 .debug_macro   0x00000000       0xfa ./CMSIS/EFM32HG/system_efm32hg.o
 .debug_macro   0x00000000      0x1b4 ./CMSIS/EFM32HG/system_efm32hg.o
 .debug_macro   0x00000000     0x1c9a ./CMSIS/EFM32HG/system_efm32hg.o
 .debug_macro   0x00000000     0x16af ./CMSIS/EFM32HG/system_efm32hg.o
 .debug_macro   0x00000000      0x6cb ./CMSIS/EFM32HG/system_efm32hg.o
 .debug_macro   0x00000000     0x1bdb ./CMSIS/EFM32HG/system_efm32hg.o
 .debug_macro   0x00000000      0x7a0 ./CMSIS/EFM32HG/system_efm32hg.o
 .debug_macro   0x00000000      0x22a ./CMSIS/EFM32HG/system_efm32hg.o
 .debug_macro   0x00000000     0x1c0a ./CMSIS/EFM32HG/system_efm32hg.o
 .debug_macro   0x00000000      0x33e ./CMSIS/EFM32HG/system_efm32hg.o
 .debug_macro   0x00000000      0xf1d ./CMSIS/EFM32HG/system_efm32hg.o
 .debug_macro   0x00000000      0xf9b ./CMSIS/EFM32HG/system_efm32hg.o
 .debug_macro   0x00000000      0xa5c ./CMSIS/EFM32HG/system_efm32hg.o
 .debug_macro   0x00000000     0x106b ./CMSIS/EFM32HG/system_efm32hg.o
 .debug_macro   0x00000000      0x380 ./CMSIS/EFM32HG/system_efm32hg.o
 .debug_macro   0x00000000      0x1ca ./CMSIS/EFM32HG/system_efm32hg.o
 .debug_macro   0x00000000      0x166 ./CMSIS/EFM32HG/system_efm32hg.o
 .debug_macro   0x00000000      0x257 ./CMSIS/EFM32HG/system_efm32hg.o
 .debug_macro   0x00000000       0x40 ./CMSIS/EFM32HG/system_efm32hg.o
 .debug_macro   0x00000000      0x18c ./CMSIS/EFM32HG/system_efm32hg.o
 .debug_macro   0x00000000      0x11e ./CMSIS/EFM32HG/system_efm32hg.o
 .debug_macro   0x00000000       0xc4 ./CMSIS/EFM32HG/system_efm32hg.o
 .debug_macro   0x00000000      0x253 ./CMSIS/EFM32HG/system_efm32hg.o
 .debug_macro   0x00000000       0x27 ./CMSIS/EFM32HG/system_efm32hg.o
 .debug_macro   0x00000000      0x100 ./CMSIS/EFM32HG/system_efm32hg.o
 .debug_macro   0x00000000      0x100 ./CMSIS/EFM32HG/system_efm32hg.o
 .group         0x00000000        0xc ./emlib/em_cmu.o
 .group         0x00000000        0xc ./emlib/em_cmu.o
 .group         0x00000000        0xc ./emlib/em_cmu.o
 .group         0x00000000        0xc ./emlib/em_cmu.o
 .group         0x00000000        0xc ./emlib/em_cmu.o
 .group         0x00000000        0xc ./emlib/em_cmu.o
 .group         0x00000000        0xc ./emlib/em_cmu.o
 .group         0x00000000        0xc ./emlib/em_cmu.o
 .group         0x00000000        0xc ./emlib/em_cmu.o
 .group         0x00000000        0xc ./emlib/em_cmu.o
 .group         0x00000000        0xc ./emlib/em_cmu.o
 .group         0x00000000        0xc ./emlib/em_cmu.o
 .group         0x00000000        0xc ./emlib/em_cmu.o
 .group         0x00000000        0xc ./emlib/em_cmu.o
 .group         0x00000000        0xc ./emlib/em_cmu.o
 .group         0x00000000        0xc ./emlib/em_cmu.o
 .group         0x00000000        0xc ./emlib/em_cmu.o
 .group         0x00000000        0xc ./emlib/em_cmu.o
 .group         0x00000000        0xc ./emlib/em_cmu.o
 .group         0x00000000        0xc ./emlib/em_cmu.o
 .group         0x00000000        0xc ./emlib/em_cmu.o
 .group         0x00000000        0xc ./emlib/em_cmu.o
 .group         0x00000000        0xc ./emlib/em_cmu.o
 .group         0x00000000        0xc ./emlib/em_cmu.o
 .group         0x00000000        0xc ./emlib/em_cmu.o
 .group         0x00000000        0xc ./emlib/em_cmu.o
 .group         0x00000000        0xc ./emlib/em_cmu.o
 .group         0x00000000        0xc ./emlib/em_cmu.o
 .group         0x00000000        0xc ./emlib/em_cmu.o
 .group         0x00000000        0xc ./emlib/em_cmu.o
 .group         0x00000000        0xc ./emlib/em_cmu.o
 .group         0x00000000        0xc ./emlib/em_cmu.o
 .group         0x00000000        0xc ./emlib/em_cmu.o
 .group         0x00000000        0xc ./emlib/em_cmu.o
 .group         0x00000000        0xc ./emlib/em_cmu.o
 .group         0x00000000        0xc ./emlib/em_cmu.o
 .group         0x00000000        0xc ./emlib/em_cmu.o
 .group         0x00000000        0xc ./emlib/em_cmu.o
 .group         0x00000000        0xc ./emlib/em_cmu.o
 .group         0x00000000        0xc ./emlib/em_cmu.o
 .group         0x00000000        0xc ./emlib/em_cmu.o
 .group         0x00000000        0xc ./emlib/em_cmu.o
 .group         0x00000000        0xc ./emlib/em_cmu.o
 .group         0x00000000        0xc ./emlib/em_cmu.o
 .group         0x00000000        0xc ./emlib/em_cmu.o
 .group         0x00000000        0xc ./emlib/em_cmu.o
 .group         0x00000000        0xc ./emlib/em_cmu.o
 .group         0x00000000        0xc ./emlib/em_cmu.o
 .group         0x00000000        0xc ./emlib/em_cmu.o
 .group         0x00000000        0xc ./emlib/em_cmu.o
 .group         0x00000000        0xc ./emlib/em_cmu.o
 .group         0x00000000        0xc ./emlib/em_cmu.o
 .group         0x00000000        0xc ./emlib/em_cmu.o
 .group         0x00000000        0xc ./emlib/em_cmu.o
 .group         0x00000000        0xc ./emlib/em_cmu.o
 .group         0x00000000        0xc ./emlib/em_cmu.o
 .group         0x00000000        0xc ./emlib/em_cmu.o
 .group         0x00000000        0xc ./emlib/em_cmu.o
 .group         0x00000000        0xc ./emlib/em_cmu.o
 .group         0x00000000        0xc ./emlib/em_cmu.o
 .group         0x00000000        0xc ./emlib/em_cmu.o
 .group         0x00000000        0xc ./emlib/em_cmu.o
 .group         0x00000000        0xc ./emlib/em_cmu.o
 .group         0x00000000        0xc ./emlib/em_cmu.o
 .group         0x00000000        0xc ./emlib/em_cmu.o
 .group         0x00000000        0xc ./emlib/em_cmu.o
 .group         0x00000000        0xc ./emlib/em_cmu.o
 .text          0x00000000        0x0 ./emlib/em_cmu.o
 .data          0x00000000        0x0 ./emlib/em_cmu.o
 .bss           0x00000000        0x0 ./emlib/em_cmu.o
 .text.BUS_RegBitRead
                0x00000000       0x20 ./emlib/em_cmu.o
 .text.BUS_RegMaskedWrite
                0x00000000       0x26 ./emlib/em_cmu.o
 .text.SL_Log2ToDiv
                0x00000000       0x18 ./emlib/em_cmu.o
 .text.CMU_DivToLog2
                0x00000000       0x2c ./emlib/em_cmu.o
 .text.SYSTEM_GetProdRev
                0x00000000       0x18 ./emlib/em_cmu.o
 .data.ushfrcoFreq
                0x00000000        0x4 ./emlib/em_cmu.o
 .text.auxClkGet
                0x00000000       0xb0 ./emlib/em_cmu.o
 .text.dbgClkGet
                0x00000000       0x48 ./emlib/em_cmu.o
 .text.flashWaitStateControl
                0x00000000       0x54 ./emlib/em_cmu.o
 .text.flashWaitStateMax
                0x00000000       0x44 ./emlib/em_cmu.o
 .text.CMU_UpdateWaitStates
                0x00000000       0x48 ./emlib/em_cmu.o
 .text.lfClkGet
                0x00000000       0xf8 ./emlib/em_cmu.o
 .text.usbCClkGet
                0x00000000       0x6c ./emlib/em_cmu.o
 .text.hfperClkSafePrescaler
                0x00000000        0xa ./emlib/em_cmu.o
 .text.hfperClkOptimizedPrescaler
                0x00000000        0xa ./emlib/em_cmu.o
 .text.CMU_AUXHFRCOBandGet
                0x00000000       0x1c ./emlib/em_cmu.o
 .text.CMU_AUXHFRCOBandSet
                0x00000000       0x90 ./emlib/em_cmu.o
 .rodata.CMU_AUXHFRCOBandSet
                0x00000000       0x20 ./emlib/em_cmu.o
 .text.CMU_Calibrate
                0x00000000       0x88 ./emlib/em_cmu.o
 .rodata.CMU_Calibrate
                0x00000000       0x18 ./emlib/em_cmu.o
 .text.CMU_CalibrateConfig
                0x00000000       0xdc ./emlib/em_cmu.o
 .rodata.CMU_CalibrateConfig
                0x00000000       0x30 ./emlib/em_cmu.o
 .text.CMU_CalibrateCountGet
                0x00000000       0x38 ./emlib/em_cmu.o
 .text.CMU_ClockDivGet
                0x00000000       0xd4 ./emlib/em_cmu.o
 .rodata.CMU_ClockDivGet
                0x00000000       0x28 ./emlib/em_cmu.o
 .text.CMU_ClockDivSet
                0x00000000      0x148 ./emlib/em_cmu.o
 .rodata.CMU_ClockDivSet
                0x00000000       0x28 ./emlib/em_cmu.o
 .text.CMU_ClockFreqGet
                0x00000000      0x140 ./emlib/em_cmu.o
 .text.CMU_ClockSelectGet
                0x00000000      0x1dc ./emlib/em_cmu.o
 .rodata.CMU_ClockSelectGet
                0x00000000       0x20 ./emlib/em_cmu.o
 .text.CMU_ClockSelectSet
                0x00000000      0x24c ./emlib/em_cmu.o
 .rodata.CMU_ClockSelectSet
                0x00000000       0x88 ./emlib/em_cmu.o
 .text.CMU_FreezeEnable
                0x00000000       0x38 ./emlib/em_cmu.o
 .text.CMU_HFRCOBandGet
                0x00000000       0x1c ./emlib/em_cmu.o
 .text.CMU_HFRCOBandSet
                0x00000000       0xc8 ./emlib/em_cmu.o
 .rodata.CMU_HFRCOBandSet
                0x00000000       0x14 ./emlib/em_cmu.o
 .text.CMU_HFRCOStartupDelayGet
                0x00000000       0x18 ./emlib/em_cmu.o
 .text.CMU_HFRCOStartupDelaySet
                0x00000000       0x34 ./emlib/em_cmu.o
 .text.CMU_HFXOInit
                0x00000000       0x5c ./emlib/em_cmu.o
 .text.CMU_LCDClkFDIVGet
                0x00000000        0xc ./emlib/em_cmu.o
 .text.CMU_LCDClkFDIVSet
                0x00000000       0x10 ./emlib/em_cmu.o
 .text.CMU_LFXOInit
                0x00000000       0x68 ./emlib/em_cmu.o
 .text.CMU_OscillatorEnable
                0x00000000       0xd4 ./emlib/em_cmu.o
 .rodata.CMU_OscillatorEnable
                0x00000000       0x18 ./emlib/em_cmu.o
 .text.CMU_OscillatorTuningGet
                0x00000000       0x6c ./emlib/em_cmu.o
 .text.CMU_OscillatorTuningSet
                0x00000000       0xa8 ./emlib/em_cmu.o
 .text.CMU_PCNTClockExternalGet
                0x00000000       0x34 ./emlib/em_cmu.o
 .text.CMU_PCNTClockExternalSet
                0x00000000       0x3c ./emlib/em_cmu.o
 .text.CMU_USHFRCOBandGet
                0x00000000       0x1c ./emlib/em_cmu.o
 .text.CMU_USHFRCOFreqGet
                0x00000000       0x14 ./emlib/em_cmu.o
 .text.CMU_USHFRCOBandSet
                0x00000000       0xe0 ./emlib/em_cmu.o
 .debug_macro   0x00000000      0xa36 ./emlib/em_cmu.o
 .debug_macro   0x00000000      0x318 ./emlib/em_cmu.o
 .debug_macro   0x00000000       0x12 ./emlib/em_cmu.o
 .debug_macro   0x00000000       0x22 ./emlib/em_cmu.o
 .debug_macro   0x00000000       0x4f ./emlib/em_cmu.o
 .debug_macro   0x00000000       0x51 ./emlib/em_cmu.o
 .debug_macro   0x00000000       0xef ./emlib/em_cmu.o
 .debug_macro   0x00000000       0x6a ./emlib/em_cmu.o
 .debug_macro   0x00000000      0x1df ./emlib/em_cmu.o
 .debug_macro   0x00000000       0x1c ./emlib/em_cmu.o
 .debug_macro   0x00000000       0x22 ./emlib/em_cmu.o
 .debug_macro   0x00000000       0xb5 ./emlib/em_cmu.o
 .debug_macro   0x00000000       0x12 ./emlib/em_cmu.o
 .debug_macro   0x00000000       0x58 ./emlib/em_cmu.o
 .debug_macro   0x00000000       0x17 ./emlib/em_cmu.o
 .debug_macro   0x00000000       0x35 ./emlib/em_cmu.o
 .debug_macro   0x00000000       0x9c ./emlib/em_cmu.o
 .debug_macro   0x00000000      0x16d ./emlib/em_cmu.o
 .debug_macro   0x00000000       0x58 ./emlib/em_cmu.o
 .debug_macro   0x00000000       0x1f ./emlib/em_cmu.o
 .debug_macro   0x00000000       0x43 ./emlib/em_cmu.o
 .debug_macro   0x00000000       0x20 ./emlib/em_cmu.o
 .debug_macro   0x00000000      0x18e ./emlib/em_cmu.o
 .debug_macro   0x00000000      0x34d ./emlib/em_cmu.o
 .debug_macro   0x00000000       0x10 ./emlib/em_cmu.o
 .debug_macro   0x00000000       0x35 ./emlib/em_cmu.o
 .debug_macro   0x00000000       0xde ./emlib/em_cmu.o
 .debug_macro   0x00000000       0xe4 ./emlib/em_cmu.o
 .debug_macro   0x00000000      0x37c ./emlib/em_cmu.o
 .debug_macro   0x00000000      0x2b1 ./emlib/em_cmu.o
 .debug_macro   0x00000000     0x14a6 ./emlib/em_cmu.o
 .debug_macro   0x00000000     0x2af9 ./emlib/em_cmu.o
 .debug_macro   0x00000000      0x82e ./emlib/em_cmu.o
 .debug_macro   0x00000000       0xfa ./emlib/em_cmu.o
 .debug_macro   0x00000000      0x1b4 ./emlib/em_cmu.o
 .debug_macro   0x00000000     0x1c9a ./emlib/em_cmu.o
 .debug_macro   0x00000000     0x16af ./emlib/em_cmu.o
 .debug_macro   0x00000000      0x6cb ./emlib/em_cmu.o
 .debug_macro   0x00000000     0x1bdb ./emlib/em_cmu.o
 .debug_macro   0x00000000      0x7a0 ./emlib/em_cmu.o
 .debug_macro   0x00000000      0x22a ./emlib/em_cmu.o
 .debug_macro   0x00000000     0x1c0a ./emlib/em_cmu.o
 .debug_macro   0x00000000      0x33e ./emlib/em_cmu.o
 .debug_macro   0x00000000      0xf1d ./emlib/em_cmu.o
 .debug_macro   0x00000000      0xf9b ./emlib/em_cmu.o
 .debug_macro   0x00000000      0xa5c ./emlib/em_cmu.o
 .debug_macro   0x00000000     0x106b ./emlib/em_cmu.o
 .debug_macro   0x00000000      0x380 ./emlib/em_cmu.o
 .debug_macro   0x00000000      0x1ca ./emlib/em_cmu.o
 .debug_macro   0x00000000      0x166 ./emlib/em_cmu.o
 .debug_macro   0x00000000      0x257 ./emlib/em_cmu.o
 .debug_macro   0x00000000       0x40 ./emlib/em_cmu.o
 .debug_macro   0x00000000      0x18c ./emlib/em_cmu.o
 .debug_macro   0x00000000      0x11e ./emlib/em_cmu.o
 .debug_macro   0x00000000       0xc4 ./emlib/em_cmu.o
 .debug_macro   0x00000000      0x253 ./emlib/em_cmu.o
 .debug_macro   0x00000000       0x27 ./emlib/em_cmu.o
 .debug_macro   0x00000000      0x100 ./emlib/em_cmu.o
 .debug_macro   0x00000000      0x100 ./emlib/em_cmu.o
 .debug_macro   0x00000000       0x22 ./emlib/em_cmu.o
 .debug_macro   0x00000000       0x10 ./emlib/em_cmu.o
 .group         0x00000000        0xc ./emlib/em_i2c.o
 .group         0x00000000        0xc ./emlib/em_i2c.o
 .group         0x00000000        0xc ./emlib/em_i2c.o
 .group         0x00000000        0xc ./emlib/em_i2c.o
 .group         0x00000000        0xc ./emlib/em_i2c.o
 .group         0x00000000        0xc ./emlib/em_i2c.o
 .group         0x00000000        0xc ./emlib/em_i2c.o
 .group         0x00000000        0xc ./emlib/em_i2c.o
 .group         0x00000000        0xc ./emlib/em_i2c.o
 .group         0x00000000        0xc ./emlib/em_i2c.o
 .group         0x00000000        0xc ./emlib/em_i2c.o
 .group         0x00000000        0xc ./emlib/em_i2c.o
 .group         0x00000000        0xc ./emlib/em_i2c.o
 .group         0x00000000        0xc ./emlib/em_i2c.o
 .group         0x00000000        0xc ./emlib/em_i2c.o
 .group         0x00000000        0xc ./emlib/em_i2c.o
 .group         0x00000000        0xc ./emlib/em_i2c.o
 .group         0x00000000        0xc ./emlib/em_i2c.o
 .group         0x00000000        0xc ./emlib/em_i2c.o
 .group         0x00000000        0xc ./emlib/em_i2c.o
 .group         0x00000000        0xc ./emlib/em_i2c.o
 .group         0x00000000        0xc ./emlib/em_i2c.o
 .group         0x00000000        0xc ./emlib/em_i2c.o
 .group         0x00000000        0xc ./emlib/em_i2c.o
 .group         0x00000000        0xc ./emlib/em_i2c.o
 .group         0x00000000        0xc ./emlib/em_i2c.o
 .group         0x00000000        0xc ./emlib/em_i2c.o
 .group         0x00000000        0xc ./emlib/em_i2c.o
 .group         0x00000000        0xc ./emlib/em_i2c.o
 .group         0x00000000        0xc ./emlib/em_i2c.o
 .group         0x00000000        0xc ./emlib/em_i2c.o
 .group         0x00000000        0xc ./emlib/em_i2c.o
 .group         0x00000000        0xc ./emlib/em_i2c.o
 .group         0x00000000        0xc ./emlib/em_i2c.o
 .group         0x00000000        0xc ./emlib/em_i2c.o
 .group         0x00000000        0xc ./emlib/em_i2c.o
 .group         0x00000000        0xc ./emlib/em_i2c.o
 .group         0x00000000        0xc ./emlib/em_i2c.o
 .group         0x00000000        0xc ./emlib/em_i2c.o
 .group         0x00000000        0xc ./emlib/em_i2c.o
 .group         0x00000000        0xc ./emlib/em_i2c.o
 .group         0x00000000        0xc ./emlib/em_i2c.o
 .group         0x00000000        0xc ./emlib/em_i2c.o
 .group         0x00000000        0xc ./emlib/em_i2c.o
 .group         0x00000000        0xc ./emlib/em_i2c.o
 .group         0x00000000        0xc ./emlib/em_i2c.o
 .group         0x00000000        0xc ./emlib/em_i2c.o
 .group         0x00000000        0xc ./emlib/em_i2c.o
 .group         0x00000000        0xc ./emlib/em_i2c.o
 .group         0x00000000        0xc ./emlib/em_i2c.o
 .group         0x00000000        0xc ./emlib/em_i2c.o
 .group         0x00000000        0xc ./emlib/em_i2c.o
 .group         0x00000000        0xc ./emlib/em_i2c.o
 .group         0x00000000        0xc ./emlib/em_i2c.o
 .group         0x00000000        0xc ./emlib/em_i2c.o
 .group         0x00000000        0xc ./emlib/em_i2c.o
 .group         0x00000000        0xc ./emlib/em_i2c.o
 .group         0x00000000        0xc ./emlib/em_i2c.o
 .group         0x00000000        0xc ./emlib/em_i2c.o
 .group         0x00000000        0xc ./emlib/em_i2c.o
 .group         0x00000000        0xc ./emlib/em_i2c.o
 .group         0x00000000        0xc ./emlib/em_i2c.o
 .group         0x00000000        0xc ./emlib/em_i2c.o
 .group         0x00000000        0xc ./emlib/em_i2c.o
 .group         0x00000000        0xc ./emlib/em_i2c.o
 .group         0x00000000        0xc ./emlib/em_i2c.o
 .group         0x00000000        0xc ./emlib/em_i2c.o
 .text          0x00000000        0x0 ./emlib/em_i2c.o
 .data          0x00000000        0x0 ./emlib/em_i2c.o
 .bss           0x00000000        0x0 ./emlib/em_i2c.o
 .text.BUS_RegBitWrite
                0x00000000       0x3c ./emlib/em_i2c.o
 .text.BUS_RegMaskedWrite
                0x00000000       0x26 ./emlib/em_i2c.o
 .rodata.i2cNSum
                0x00000000        0x4 ./emlib/em_i2c.o
 .text.I2C_BusFreqGet
                0x00000000       0x5c ./emlib/em_i2c.o
 .text.I2C_BusFreqSet
                0x00000000      0x13c ./emlib/em_i2c.o
 .text.I2C_Enable
                0x00000000       0x24 ./emlib/em_i2c.o
 .text.I2C_Init
                0x00000000       0x5c ./emlib/em_i2c.o
 .text.I2C_Reset
                0x00000000       0x4c ./emlib/em_i2c.o
 .debug_macro   0x00000000      0xa36 ./emlib/em_i2c.o
 .debug_macro   0x00000000      0x318 ./emlib/em_i2c.o
 .debug_macro   0x00000000       0x12 ./emlib/em_i2c.o
 .debug_macro   0x00000000       0x22 ./emlib/em_i2c.o
 .debug_macro   0x00000000       0x4f ./emlib/em_i2c.o
 .debug_macro   0x00000000       0x51 ./emlib/em_i2c.o
 .debug_macro   0x00000000       0xef ./emlib/em_i2c.o
 .debug_macro   0x00000000       0x6a ./emlib/em_i2c.o
 .debug_macro   0x00000000      0x1df ./emlib/em_i2c.o
 .debug_macro   0x00000000       0x1c ./emlib/em_i2c.o
 .debug_macro   0x00000000       0x22 ./emlib/em_i2c.o
 .debug_macro   0x00000000       0xb5 ./emlib/em_i2c.o
 .debug_macro   0x00000000       0x12 ./emlib/em_i2c.o
 .debug_macro   0x00000000       0x58 ./emlib/em_i2c.o
 .debug_macro   0x00000000       0x17 ./emlib/em_i2c.o
 .debug_macro   0x00000000       0x35 ./emlib/em_i2c.o
 .debug_macro   0x00000000       0x9c ./emlib/em_i2c.o
 .debug_macro   0x00000000      0x16d ./emlib/em_i2c.o
 .debug_macro   0x00000000       0x58 ./emlib/em_i2c.o
 .debug_macro   0x00000000       0x1f ./emlib/em_i2c.o
 .debug_macro   0x00000000       0x43 ./emlib/em_i2c.o
 .debug_macro   0x00000000       0x20 ./emlib/em_i2c.o
 .debug_macro   0x00000000      0x18e ./emlib/em_i2c.o
 .debug_macro   0x00000000      0x34d ./emlib/em_i2c.o
 .debug_macro   0x00000000       0x10 ./emlib/em_i2c.o
 .debug_macro   0x00000000       0x35 ./emlib/em_i2c.o
 .debug_macro   0x00000000       0xde ./emlib/em_i2c.o
 .debug_macro   0x00000000       0xe4 ./emlib/em_i2c.o
 .debug_macro   0x00000000      0x37c ./emlib/em_i2c.o
 .debug_macro   0x00000000      0x2b1 ./emlib/em_i2c.o
 .debug_macro   0x00000000     0x14a6 ./emlib/em_i2c.o
 .debug_macro   0x00000000     0x2af9 ./emlib/em_i2c.o
 .debug_macro   0x00000000      0x82e ./emlib/em_i2c.o
 .debug_macro   0x00000000       0xfa ./emlib/em_i2c.o
 .debug_macro   0x00000000      0x1b4 ./emlib/em_i2c.o
 .debug_macro   0x00000000     0x1c9a ./emlib/em_i2c.o
 .debug_macro   0x00000000     0x16af ./emlib/em_i2c.o
 .debug_macro   0x00000000      0x6cb ./emlib/em_i2c.o
 .debug_macro   0x00000000     0x1bdb ./emlib/em_i2c.o
 .debug_macro   0x00000000      0x7a0 ./emlib/em_i2c.o
 .debug_macro   0x00000000      0x22a ./emlib/em_i2c.o
 .debug_macro   0x00000000     0x1c0a ./emlib/em_i2c.o
 .debug_macro   0x00000000      0x33e ./emlib/em_i2c.o
 .debug_macro   0x00000000      0xf1d ./emlib/em_i2c.o
 .debug_macro   0x00000000      0xf9b ./emlib/em_i2c.o
 .debug_macro   0x00000000      0xa5c ./emlib/em_i2c.o
 .debug_macro   0x00000000     0x106b ./emlib/em_i2c.o
 .debug_macro   0x00000000      0x380 ./emlib/em_i2c.o
 .debug_macro   0x00000000      0x1ca ./emlib/em_i2c.o
 .debug_macro   0x00000000      0x166 ./emlib/em_i2c.o
 .debug_macro   0x00000000      0x257 ./emlib/em_i2c.o
 .debug_macro   0x00000000       0x40 ./emlib/em_i2c.o
 .debug_macro   0x00000000      0x18c ./emlib/em_i2c.o
 .debug_macro   0x00000000      0x11e ./emlib/em_i2c.o
 .debug_macro   0x00000000       0xc4 ./emlib/em_i2c.o
 .debug_macro   0x00000000      0x253 ./emlib/em_i2c.o
 .debug_macro   0x00000000       0x27 ./emlib/em_i2c.o
 .debug_macro   0x00000000      0x100 ./emlib/em_i2c.o
 .debug_macro   0x00000000      0x100 ./emlib/em_i2c.o
 .debug_macro   0x00000000       0x22 ./emlib/em_i2c.o
 .debug_macro   0x00000000       0x10 ./emlib/em_i2c.o
 .debug_macro   0x00000000       0xbf ./emlib/em_i2c.o
 .debug_macro   0x00000000       0x69 ./emlib/em_i2c.o
 .debug_macro   0x00000000      0x322 ./emlib/em_i2c.o
 .debug_macro   0x00000000       0x2b ./emlib/em_i2c.o
 .debug_macro   0x00000000       0xee ./emlib/em_i2c.o
 .group         0x00000000        0xc ./emlib/em_system.o
 .group         0x00000000        0xc ./emlib/em_system.o
 .group         0x00000000        0xc ./emlib/em_system.o
 .group         0x00000000        0xc ./emlib/em_system.o
 .group         0x00000000        0xc ./emlib/em_system.o
 .group         0x00000000        0xc ./emlib/em_system.o
 .group         0x00000000        0xc ./emlib/em_system.o
 .group         0x00000000        0xc ./emlib/em_system.o
 .group         0x00000000        0xc ./emlib/em_system.o
 .group         0x00000000        0xc ./emlib/em_system.o
 .group         0x00000000        0xc ./emlib/em_system.o
 .group         0x00000000        0xc ./emlib/em_system.o
 .group         0x00000000        0xc ./emlib/em_system.o
 .group         0x00000000        0xc ./emlib/em_system.o
 .group         0x00000000        0xc ./emlib/em_system.o
 .group         0x00000000        0xc ./emlib/em_system.o
 .group         0x00000000        0xc ./emlib/em_system.o
 .group         0x00000000        0xc ./emlib/em_system.o
 .group         0x00000000        0xc ./emlib/em_system.o
 .group         0x00000000        0xc ./emlib/em_system.o
 .group         0x00000000        0xc ./emlib/em_system.o
 .group         0x00000000        0xc ./emlib/em_system.o
 .group         0x00000000        0xc ./emlib/em_system.o
 .group         0x00000000        0xc ./emlib/em_system.o
 .group         0x00000000        0xc ./emlib/em_system.o
 .group         0x00000000        0xc ./emlib/em_system.o
 .group         0x00000000        0xc ./emlib/em_system.o
 .group         0x00000000        0xc ./emlib/em_system.o
 .group         0x00000000        0xc ./emlib/em_system.o
 .group         0x00000000        0xc ./emlib/em_system.o
 .group         0x00000000        0xc ./emlib/em_system.o
 .group         0x00000000        0xc ./emlib/em_system.o
 .group         0x00000000        0xc ./emlib/em_system.o
 .group         0x00000000        0xc ./emlib/em_system.o
 .group         0x00000000        0xc ./emlib/em_system.o
 .group         0x00000000        0xc ./emlib/em_system.o
 .group         0x00000000        0xc ./emlib/em_system.o
 .group         0x00000000        0xc ./emlib/em_system.o
 .group         0x00000000        0xc ./emlib/em_system.o
 .group         0x00000000        0xc ./emlib/em_system.o
 .group         0x00000000        0xc ./emlib/em_system.o
 .group         0x00000000        0xc ./emlib/em_system.o
 .group         0x00000000        0xc ./emlib/em_system.o
 .group         0x00000000        0xc ./emlib/em_system.o
 .group         0x00000000        0xc ./emlib/em_system.o
 .group         0x00000000        0xc ./emlib/em_system.o
 .group         0x00000000        0xc ./emlib/em_system.o
 .group         0x00000000        0xc ./emlib/em_system.o
 .group         0x00000000        0xc ./emlib/em_system.o
 .group         0x00000000        0xc ./emlib/em_system.o
 .group         0x00000000        0xc ./emlib/em_system.o
 .group         0x00000000        0xc ./emlib/em_system.o
 .group         0x00000000        0xc ./emlib/em_system.o
 .group         0x00000000        0xc ./emlib/em_system.o
 .group         0x00000000        0xc ./emlib/em_system.o
 .group         0x00000000        0xc ./emlib/em_system.o
 .group         0x00000000        0xc ./emlib/em_system.o
 .group         0x00000000        0xc ./emlib/em_system.o
 .group         0x00000000        0xc ./emlib/em_system.o
 .group         0x00000000        0xc ./emlib/em_system.o
 .group         0x00000000        0xc ./emlib/em_system.o
 .text          0x00000000        0x0 ./emlib/em_system.o
 .data          0x00000000        0x0 ./emlib/em_system.o
 .bss           0x00000000        0x0 ./emlib/em_system.o
 .text.SYSTEM_ChipRevisionGet
                0x00000000       0x8c ./emlib/em_system.o
 .text.SYSTEM_GetCalibrationValue
                0x00000000       0x54 ./emlib/em_system.o
 .debug_info    0x00000000      0xb67 ./emlib/em_system.o
 .debug_abbrev  0x00000000      0x1e0 ./emlib/em_system.o
 .debug_loc     0x00000000       0x70 ./emlib/em_system.o
 .debug_aranges
                0x00000000       0x28 ./emlib/em_system.o
 .debug_ranges  0x00000000       0x18 ./emlib/em_system.o
 .debug_macro   0x00000000      0x304 ./emlib/em_system.o
 .debug_macro   0x00000000      0xa36 ./emlib/em_system.o
 .debug_macro   0x00000000       0x22 ./emlib/em_system.o
 .debug_macro   0x00000000      0x318 ./emlib/em_system.o
 .debug_macro   0x00000000       0x12 ./emlib/em_system.o
 .debug_macro   0x00000000       0x22 ./emlib/em_system.o
 .debug_macro   0x00000000       0x4f ./emlib/em_system.o
 .debug_macro   0x00000000       0x51 ./emlib/em_system.o
 .debug_macro   0x00000000       0xef ./emlib/em_system.o
 .debug_macro   0x00000000       0x6a ./emlib/em_system.o
 .debug_macro   0x00000000      0x1df ./emlib/em_system.o
 .debug_macro   0x00000000       0x1c ./emlib/em_system.o
 .debug_macro   0x00000000       0x22 ./emlib/em_system.o
 .debug_macro   0x00000000       0xb5 ./emlib/em_system.o
 .debug_macro   0x00000000       0x12 ./emlib/em_system.o
 .debug_macro   0x00000000       0x58 ./emlib/em_system.o
 .debug_macro   0x00000000       0x17 ./emlib/em_system.o
 .debug_macro   0x00000000       0x35 ./emlib/em_system.o
 .debug_macro   0x00000000       0x9c ./emlib/em_system.o
 .debug_macro   0x00000000      0x16d ./emlib/em_system.o
 .debug_macro   0x00000000       0x58 ./emlib/em_system.o
 .debug_macro   0x00000000       0x1f ./emlib/em_system.o
 .debug_macro   0x00000000       0x43 ./emlib/em_system.o
 .debug_macro   0x00000000       0x20 ./emlib/em_system.o
 .debug_macro   0x00000000      0x18e ./emlib/em_system.o
 .debug_macro   0x00000000      0x34d ./emlib/em_system.o
 .debug_macro   0x00000000       0x10 ./emlib/em_system.o
 .debug_macro   0x00000000       0x35 ./emlib/em_system.o
 .debug_macro   0x00000000       0xde ./emlib/em_system.o
 .debug_macro   0x00000000       0xe4 ./emlib/em_system.o
 .debug_macro   0x00000000      0x37c ./emlib/em_system.o
 .debug_macro   0x00000000      0x2b1 ./emlib/em_system.o
 .debug_macro   0x00000000     0x14a6 ./emlib/em_system.o
 .debug_macro   0x00000000     0x2af9 ./emlib/em_system.o
 .debug_macro   0x00000000      0x82e ./emlib/em_system.o
 .debug_macro   0x00000000       0xfa ./emlib/em_system.o
 .debug_macro   0x00000000      0x1b4 ./emlib/em_system.o
 .debug_macro   0x00000000     0x1c9a ./emlib/em_system.o
 .debug_macro   0x00000000     0x16af ./emlib/em_system.o
 .debug_macro   0x00000000      0x6cb ./emlib/em_system.o
 .debug_macro   0x00000000     0x1bdb ./emlib/em_system.o
 .debug_macro   0x00000000      0x7a0 ./emlib/em_system.o
 .debug_macro   0x00000000      0x22a ./emlib/em_system.o
 .debug_macro   0x00000000     0x1c0a ./emlib/em_system.o
 .debug_macro   0x00000000      0x33e ./emlib/em_system.o
 .debug_macro   0x00000000      0xf1d ./emlib/em_system.o
 .debug_macro   0x00000000      0xf9b ./emlib/em_system.o
 .debug_macro   0x00000000      0xa5c ./emlib/em_system.o
 .debug_macro   0x00000000     0x106b ./emlib/em_system.o
 .debug_macro   0x00000000      0x380 ./emlib/em_system.o
 .debug_macro   0x00000000      0x1ca ./emlib/em_system.o
 .debug_macro   0x00000000      0x166 ./emlib/em_system.o
 .debug_macro   0x00000000      0x257 ./emlib/em_system.o
 .debug_macro   0x00000000       0x40 ./emlib/em_system.o
 .debug_macro   0x00000000      0x18c ./emlib/em_system.o
 .debug_macro   0x00000000      0x11e ./emlib/em_system.o
 .debug_macro   0x00000000       0xc4 ./emlib/em_system.o
 .debug_macro   0x00000000      0x253 ./emlib/em_system.o
 .debug_macro   0x00000000       0x27 ./emlib/em_system.o
 .debug_macro   0x00000000      0x100 ./emlib/em_system.o
 .debug_macro   0x00000000      0x100 ./emlib/em_system.o
 .debug_macro   0x00000000       0x10 ./emlib/em_system.o
 .debug_line    0x00000000      0x7fe ./emlib/em_system.o
 .debug_str     0x00000000    0x76b52 ./emlib/em_system.o
 .comment       0x00000000       0x7f ./emlib/em_system.o
 .debug_frame   0x00000000       0x50 ./emlib/em_system.o
 .ARM.attributes
                0x00000000       0x32 ./emlib/em_system.o
 .group         0x00000000        0xc ./emlib/i2cspm.o
 .group         0x00000000        0xc ./emlib/i2cspm.o
 .group         0x00000000        0xc ./emlib/i2cspm.o
 .group         0x00000000        0xc ./emlib/i2cspm.o
 .group         0x00000000        0xc ./emlib/i2cspm.o
 .group         0x00000000        0xc ./emlib/i2cspm.o
 .group         0x00000000        0xc ./emlib/i2cspm.o
 .group         0x00000000        0xc ./emlib/i2cspm.o
 .group         0x00000000        0xc ./emlib/i2cspm.o
 .group         0x00000000        0xc ./emlib/i2cspm.o
 .group         0x00000000        0xc ./emlib/i2cspm.o
 .group         0x00000000        0xc ./emlib/i2cspm.o
 .group         0x00000000        0xc ./emlib/i2cspm.o
 .group         0x00000000        0xc ./emlib/i2cspm.o
 .group         0x00000000        0xc ./emlib/i2cspm.o
 .group         0x00000000        0xc ./emlib/i2cspm.o
 .group         0x00000000        0xc ./emlib/i2cspm.o
 .group         0x00000000        0xc ./emlib/i2cspm.o
 .group         0x00000000        0xc ./emlib/i2cspm.o
 .group         0x00000000        0xc ./emlib/i2cspm.o
 .group         0x00000000        0xc ./emlib/i2cspm.o
 .group         0x00000000        0xc ./emlib/i2cspm.o
 .group         0x00000000        0xc ./emlib/i2cspm.o
 .group         0x00000000        0xc ./emlib/i2cspm.o
 .group         0x00000000        0xc ./emlib/i2cspm.o
 .group         0x00000000        0xc ./emlib/i2cspm.o
 .group         0x00000000        0xc ./emlib/i2cspm.o
 .group         0x00000000        0xc ./emlib/i2cspm.o
 .group         0x00000000        0xc ./emlib/i2cspm.o
 .group         0x00000000        0xc ./emlib/i2cspm.o
 .group         0x00000000        0xc ./emlib/i2cspm.o
 .group         0x00000000        0xc ./emlib/i2cspm.o
 .group         0x00000000        0xc ./emlib/i2cspm.o
 .group         0x00000000        0xc ./emlib/i2cspm.o
 .group         0x00000000        0xc ./emlib/i2cspm.o
 .group         0x00000000        0xc ./emlib/i2cspm.o
 .group         0x00000000        0xc ./emlib/i2cspm.o
 .group         0x00000000        0xc ./emlib/i2cspm.o
 .group         0x00000000        0xc ./emlib/i2cspm.o
 .group         0x00000000        0xc ./emlib/i2cspm.o
 .group         0x00000000        0xc ./emlib/i2cspm.o
 .group         0x00000000        0xc ./emlib/i2cspm.o
 .group         0x00000000        0xc ./emlib/i2cspm.o
 .group         0x00000000        0xc ./emlib/i2cspm.o
 .group         0x00000000        0xc ./emlib/i2cspm.o
 .group         0x00000000        0xc ./emlib/i2cspm.o
 .group         0x00000000        0xc ./emlib/i2cspm.o
 .group         0x00000000        0xc ./emlib/i2cspm.o
 .group         0x00000000        0xc ./emlib/i2cspm.o
 .group         0x00000000        0xc ./emlib/i2cspm.o
 .group         0x00000000        0xc ./emlib/i2cspm.o
 .group         0x00000000        0xc ./emlib/i2cspm.o
 .group         0x00000000        0xc ./emlib/i2cspm.o
 .group         0x00000000        0xc ./emlib/i2cspm.o
 .group         0x00000000        0xc ./emlib/i2cspm.o
 .group         0x00000000        0xc ./emlib/i2cspm.o
 .group         0x00000000        0xc ./emlib/i2cspm.o
 .group         0x00000000        0xc ./emlib/i2cspm.o
 .group         0x00000000        0xc ./emlib/i2cspm.o
 .group         0x00000000        0xc ./emlib/i2cspm.o
 .group         0x00000000        0xc ./emlib/i2cspm.o
 .group         0x00000000        0xc ./emlib/i2cspm.o
 .group         0x00000000        0xc ./emlib/i2cspm.o
 .group         0x00000000        0xc ./emlib/i2cspm.o
 .group         0x00000000        0xc ./emlib/i2cspm.o
 .group         0x00000000        0xc ./emlib/i2cspm.o
 .text          0x00000000        0x0 ./emlib/i2cspm.o
 .data          0x00000000        0x0 ./emlib/i2cspm.o
 .bss           0x00000000        0x0 ./emlib/i2cspm.o
 .text.GPIO_PinOutClear
                0x00000000       0x5c ./emlib/i2cspm.o
 .text.GPIO_PinOutSet
                0x00000000       0x5c ./emlib/i2cspm.o
 .text.I2CSPM_Init
                0x00000000       0xdc ./emlib/i2cspm.o
 .debug_macro   0x00000000      0xa36 ./emlib/i2cspm.o
 .debug_macro   0x00000000      0x16d ./emlib/i2cspm.o
 .debug_macro   0x00000000      0x318 ./emlib/i2cspm.o
 .debug_macro   0x00000000       0x12 ./emlib/i2cspm.o
 .debug_macro   0x00000000       0x22 ./emlib/i2cspm.o
 .debug_macro   0x00000000       0x4f ./emlib/i2cspm.o
 .debug_macro   0x00000000       0x51 ./emlib/i2cspm.o
 .debug_macro   0x00000000       0xef ./emlib/i2cspm.o
 .debug_macro   0x00000000       0x6a ./emlib/i2cspm.o
 .debug_macro   0x00000000      0x1df ./emlib/i2cspm.o
 .debug_macro   0x00000000       0x1c ./emlib/i2cspm.o
 .debug_macro   0x00000000       0x22 ./emlib/i2cspm.o
 .debug_macro   0x00000000       0xb5 ./emlib/i2cspm.o
 .debug_macro   0x00000000       0x12 ./emlib/i2cspm.o
 .debug_macro   0x00000000       0x58 ./emlib/i2cspm.o
 .debug_macro   0x00000000       0x17 ./emlib/i2cspm.o
 .debug_macro   0x00000000       0x35 ./emlib/i2cspm.o
 .debug_macro   0x00000000       0x9c ./emlib/i2cspm.o
 .debug_macro   0x00000000       0x58 ./emlib/i2cspm.o
 .debug_macro   0x00000000       0x1f ./emlib/i2cspm.o
 .debug_macro   0x00000000       0x43 ./emlib/i2cspm.o
 .debug_macro   0x00000000       0x20 ./emlib/i2cspm.o
 .debug_macro   0x00000000      0x18e ./emlib/i2cspm.o
 .debug_macro   0x00000000      0x34d ./emlib/i2cspm.o
 .debug_macro   0x00000000       0x10 ./emlib/i2cspm.o
 .debug_macro   0x00000000       0x35 ./emlib/i2cspm.o
 .debug_macro   0x00000000       0xde ./emlib/i2cspm.o
 .debug_macro   0x00000000       0xe4 ./emlib/i2cspm.o
 .debug_macro   0x00000000      0x37c ./emlib/i2cspm.o
 .debug_macro   0x00000000      0x2b1 ./emlib/i2cspm.o
 .debug_macro   0x00000000     0x14a6 ./emlib/i2cspm.o
 .debug_macro   0x00000000     0x2af9 ./emlib/i2cspm.o
 .debug_macro   0x00000000      0x82e ./emlib/i2cspm.o
 .debug_macro   0x00000000       0xfa ./emlib/i2cspm.o
 .debug_macro   0x00000000      0x1b4 ./emlib/i2cspm.o
 .debug_macro   0x00000000     0x1c9a ./emlib/i2cspm.o
 .debug_macro   0x00000000     0x16af ./emlib/i2cspm.o
 .debug_macro   0x00000000      0x6cb ./emlib/i2cspm.o
 .debug_macro   0x00000000     0x1bdb ./emlib/i2cspm.o
 .debug_macro   0x00000000      0x7a0 ./emlib/i2cspm.o
 .debug_macro   0x00000000      0x22a ./emlib/i2cspm.o
 .debug_macro   0x00000000     0x1c0a ./emlib/i2cspm.o
 .debug_macro   0x00000000      0x33e ./emlib/i2cspm.o
 .debug_macro   0x00000000      0xf1d ./emlib/i2cspm.o
 .debug_macro   0x00000000      0xf9b ./emlib/i2cspm.o
 .debug_macro   0x00000000      0xa5c ./emlib/i2cspm.o
 .debug_macro   0x00000000     0x106b ./emlib/i2cspm.o
 .debug_macro   0x00000000      0x380 ./emlib/i2cspm.o
 .debug_macro   0x00000000      0x1ca ./emlib/i2cspm.o
 .debug_macro   0x00000000      0x166 ./emlib/i2cspm.o
 .debug_macro   0x00000000      0x257 ./emlib/i2cspm.o
 .debug_macro   0x00000000       0x40 ./emlib/i2cspm.o
 .debug_macro   0x00000000      0x18c ./emlib/i2cspm.o
 .debug_macro   0x00000000      0x11e ./emlib/i2cspm.o
 .debug_macro   0x00000000       0xc4 ./emlib/i2cspm.o
 .debug_macro   0x00000000      0x253 ./emlib/i2cspm.o
 .debug_macro   0x00000000       0x27 ./emlib/i2cspm.o
 .debug_macro   0x00000000      0x100 ./emlib/i2cspm.o
 .debug_macro   0x00000000      0x100 ./emlib/i2cspm.o
 .debug_macro   0x00000000       0x22 ./emlib/i2cspm.o
 .debug_macro   0x00000000       0x10 ./emlib/i2cspm.o
 .debug_macro   0x00000000       0xbf ./emlib/i2cspm.o
 .debug_macro   0x00000000       0x69 ./emlib/i2cspm.o
 .debug_macro   0x00000000      0x322 ./emlib/i2cspm.o
 .debug_macro   0x00000000       0x16 ./emlib/i2cspm.o
 .debug_macro   0x00000000       0x45 ./emlib/i2cspm.o
 .group         0x00000000        0xc ./src/main.o
 .group         0x00000000        0xc ./src/main.o
 .group         0x00000000        0xc ./src/main.o
 .group         0x00000000        0xc ./src/main.o
 .group         0x00000000        0xc ./src/main.o
 .group         0x00000000        0xc ./src/main.o
 .group         0x00000000        0xc ./src/main.o
 .group         0x00000000        0xc ./src/main.o
 .group         0x00000000        0xc ./src/main.o
 .group         0x00000000        0xc ./src/main.o
 .group         0x00000000        0xc ./src/main.o
 .group         0x00000000        0xc ./src/main.o
 .group         0x00000000        0xc ./src/main.o
 .group         0x00000000        0xc ./src/main.o
 .group         0x00000000        0xc ./src/main.o
 .group         0x00000000        0xc ./src/main.o
 .group         0x00000000        0xc ./src/main.o
 .group         0x00000000        0xc ./src/main.o
 .group         0x00000000        0xc ./src/main.o
 .group         0x00000000        0xc ./src/main.o
 .group         0x00000000        0xc ./src/main.o
 .group         0x00000000        0xc ./src/main.o
 .group         0x00000000        0xc ./src/main.o
 .group         0x00000000        0xc ./src/main.o
 .group         0x00000000        0xc ./src/main.o
 .group         0x00000000        0xc ./src/main.o
 .group         0x00000000        0xc ./src/main.o
 .group         0x00000000        0xc ./src/main.o
 .group         0x00000000        0xc ./src/main.o
 .group         0x00000000        0xc ./src/main.o
 .group         0x00000000        0xc ./src/main.o
 .group         0x00000000        0xc ./src/main.o
 .group         0x00000000        0xc ./src/main.o
 .group         0x00000000        0xc ./src/main.o
 .group         0x00000000        0xc ./src/main.o
 .group         0x00000000        0xc ./src/main.o
 .group         0x00000000        0xc ./src/main.o
 .group         0x00000000        0xc ./src/main.o
 .group         0x00000000        0xc ./src/main.o
 .group         0x00000000        0xc ./src/main.o
 .group         0x00000000        0xc ./src/main.o
 .group         0x00000000        0xc ./src/main.o
 .group         0x00000000        0xc ./src/main.o
 .group         0x00000000        0xc ./src/main.o
 .group         0x00000000        0xc ./src/main.o
 .group         0x00000000        0xc ./src/main.o
 .group         0x00000000        0xc ./src/main.o
 .group         0x00000000        0xc ./src/main.o
 .group         0x00000000        0xc ./src/main.o
 .group         0x00000000        0xc ./src/main.o
 .group         0x00000000        0xc ./src/main.o
 .group         0x00000000        0xc ./src/main.o
 .group         0x00000000        0xc ./src/main.o
 .group         0x00000000        0xc ./src/main.o
 .group         0x00000000        0xc ./src/main.o
 .group         0x00000000        0xc ./src/main.o
 .group         0x00000000        0xc ./src/main.o
 .group         0x00000000        0xc ./src/main.o
 .group         0x00000000        0xc ./src/main.o
 .group         0x00000000        0xc ./src/main.o
 .group         0x00000000        0xc ./src/main.o
 .group         0x00000000        0xc ./src/main.o
 .group         0x00000000        0xc ./src/main.o
 .group         0x00000000        0xc ./src/main.o
 .group         0x00000000        0xc ./src/main.o
 .group         0x00000000        0xc ./src/main.o
 .group         0x00000000        0xc ./src/main.o
 .group         0x00000000        0xc ./src/main.o
 .group         0x00000000        0xc ./src/main.o
 .text          0x00000000        0x0 ./src/main.o
 .data          0x00000000        0x0 ./src/main.o
 .bss           0x00000000        0x0 ./src/main.o
 .debug_macro   0x00000000      0xa36 ./src/main.o
 .debug_macro   0x00000000      0x318 ./src/main.o
 .debug_macro   0x00000000       0x12 ./src/main.o
 .debug_macro   0x00000000       0x22 ./src/main.o
 .debug_macro   0x00000000       0x4f ./src/main.o
 .debug_macro   0x00000000       0x51 ./src/main.o
 .debug_macro   0x00000000       0xef ./src/main.o
 .debug_macro   0x00000000       0x6a ./src/main.o
 .debug_macro   0x00000000      0x1df ./src/main.o
 .debug_macro   0x00000000       0x1c ./src/main.o
 .debug_macro   0x00000000       0x22 ./src/main.o
 .debug_macro   0x00000000       0xb5 ./src/main.o
 .debug_macro   0x00000000       0x12 ./src/main.o
 .debug_macro   0x00000000       0x58 ./src/main.o
 .debug_macro   0x00000000       0x17 ./src/main.o
 .debug_macro   0x00000000       0x35 ./src/main.o
 .debug_macro   0x00000000       0x9c ./src/main.o
 .debug_macro   0x00000000      0x16d ./src/main.o
 .debug_macro   0x00000000       0x58 ./src/main.o
 .debug_macro   0x00000000       0x1f ./src/main.o
 .debug_macro   0x00000000       0x43 ./src/main.o
 .debug_macro   0x00000000       0x20 ./src/main.o
 .debug_macro   0x00000000      0x18e ./src/main.o
 .debug_macro   0x00000000      0x34d ./src/main.o
 .debug_macro   0x00000000       0x10 ./src/main.o
 .debug_macro   0x00000000       0x35 ./src/main.o
 .debug_macro   0x00000000       0xde ./src/main.o
 .debug_macro   0x00000000       0xe4 ./src/main.o
 .debug_macro   0x00000000      0x37c ./src/main.o
 .debug_macro   0x00000000      0x2b1 ./src/main.o
 .debug_macro   0x00000000     0x14a6 ./src/main.o
 .debug_macro   0x00000000     0x2af9 ./src/main.o
 .debug_macro   0x00000000      0x82e ./src/main.o
 .debug_macro   0x00000000       0xfa ./src/main.o
 .debug_macro   0x00000000      0x1b4 ./src/main.o
 .debug_macro   0x00000000     0x1c9a ./src/main.o
 .debug_macro   0x00000000     0x16af ./src/main.o
 .debug_macro   0x00000000      0x6cb ./src/main.o
 .debug_macro   0x00000000     0x1bdb ./src/main.o
 .debug_macro   0x00000000      0x7a0 ./src/main.o
 .debug_macro   0x00000000      0x22a ./src/main.o
 .debug_macro   0x00000000     0x1c0a ./src/main.o
 .debug_macro   0x00000000      0x33e ./src/main.o
 .debug_macro   0x00000000      0xf1d ./src/main.o
 .debug_macro   0x00000000      0xf9b ./src/main.o
 .debug_macro   0x00000000      0xa5c ./src/main.o
 .debug_macro   0x00000000     0x106b ./src/main.o
 .debug_macro   0x00000000      0x380 ./src/main.o
 .debug_macro   0x00000000      0x1ca ./src/main.o
 .debug_macro   0x00000000      0x166 ./src/main.o
 .debug_macro   0x00000000      0x257 ./src/main.o
 .debug_macro   0x00000000       0x40 ./src/main.o
 .debug_macro   0x00000000      0x18c ./src/main.o
 .debug_macro   0x00000000      0x11e ./src/main.o
 .debug_macro   0x00000000       0xc4 ./src/main.o
 .debug_macro   0x00000000      0x253 ./src/main.o
 .debug_macro   0x00000000       0x27 ./src/main.o
 .debug_macro   0x00000000      0x100 ./src/main.o
 .debug_macro   0x00000000      0x100 ./src/main.o
 .debug_macro   0x00000000       0x22 ./src/main.o
 .debug_macro   0x00000000       0x10 ./src/main.o
 .debug_macro   0x00000000       0xb9 ./src/main.o
 .debug_macro   0x00000000       0x69 ./src/main.o
 .debug_macro   0x00000000      0x322 ./src/main.o
 .debug_macro   0x00000000       0x45 ./src/main.o
 .debug_macro   0x00000000       0x11 ./src/main.o
 .debug_macro   0x00000000       0x16 ./src/main.o
 .text          0x00000000      0x114 e:/program files/simplicitystudio/developer/toolchains/gnu_arm/7.2_2017q4/bin/../lib/gcc/arm-none-eabi/7.2.1/thumb/v6-m\libgcc.a(_udivsi3.o)
 .data          0x00000000        0x0 e:/program files/simplicitystudio/developer/toolchains/gnu_arm/7.2_2017q4/bin/../lib/gcc/arm-none-eabi/7.2.1/thumb/v6-m\libgcc.a(_udivsi3.o)
 .bss           0x00000000        0x0 e:/program files/simplicitystudio/developer/toolchains/gnu_arm/7.2_2017q4/bin/../lib/gcc/arm-none-eabi/7.2.1/thumb/v6-m\libgcc.a(_udivsi3.o)
 .debug_frame   0x00000000       0x20 e:/program files/simplicitystudio/developer/toolchains/gnu_arm/7.2_2017q4/bin/../lib/gcc/arm-none-eabi/7.2.1/thumb/v6-m\libgcc.a(_udivsi3.o)
 .ARM.attributes
                0x00000000       0x1e e:/program files/simplicitystudio/developer/toolchains/gnu_arm/7.2_2017q4/bin/../lib/gcc/arm-none-eabi/7.2.1/thumb/v6-m\libgcc.a(_udivsi3.o)
 .text          0x00000000        0x4 e:/program files/simplicitystudio/developer/toolchains/gnu_arm/7.2_2017q4/bin/../lib/gcc/arm-none-eabi/7.2.1/thumb/v6-m\libgcc.a(_dvmd_tls.o)
 .data          0x00000000        0x0 e:/program files/simplicitystudio/developer/toolchains/gnu_arm/7.2_2017q4/bin/../lib/gcc/arm-none-eabi/7.2.1/thumb/v6-m\libgcc.a(_dvmd_tls.o)
 .bss           0x00000000        0x0 e:/program files/simplicitystudio/developer/toolchains/gnu_arm/7.2_2017q4/bin/../lib/gcc/arm-none-eabi/7.2.1/thumb/v6-m\libgcc.a(_dvmd_tls.o)
 .ARM.attributes
                0x00000000       0x1e e:/program files/simplicitystudio/developer/toolchains/gnu_arm/7.2_2017q4/bin/../lib/gcc/arm-none-eabi/7.2.1/thumb/v6-m\libgcc.a(_dvmd_tls.o)
 .text          0x00000000       0x3c e:/program files/simplicitystudio/developer/toolchains/gnu_arm/7.2_2017q4/bin/../lib/gcc/arm-none-eabi/7.2.1/thumb/v6-m\libgcc.a(_clzsi2.o)
 .data          0x00000000        0x0 e:/program files/simplicitystudio/developer/toolchains/gnu_arm/7.2_2017q4/bin/../lib/gcc/arm-none-eabi/7.2.1/thumb/v6-m\libgcc.a(_clzsi2.o)
 .bss           0x00000000        0x0 e:/program files/simplicitystudio/developer/toolchains/gnu_arm/7.2_2017q4/bin/../lib/gcc/arm-none-eabi/7.2.1/thumb/v6-m\libgcc.a(_clzsi2.o)
 .ARM.attributes
                0x00000000       0x1e e:/program files/simplicitystudio/developer/toolchains/gnu_arm/7.2_2017q4/bin/../lib/gcc/arm-none-eabi/7.2.1/thumb/v6-m\libgcc.a(_clzsi2.o)
 .text          0x00000000        0x0 e:/program files/simplicitystudio/developer/toolchains/gnu_arm/7.2_2017q4/bin/../lib/gcc/arm-none-eabi/7.2.1/../../../../arm-none-eabi/lib/thumb/v6-m\libc_nano.a(lib_a-exit.o)
 .data          0x00000000        0x0 e:/program files/simplicitystudio/developer/toolchains/gnu_arm/7.2_2017q4/bin/../lib/gcc/arm-none-eabi/7.2.1/../../../../arm-none-eabi/lib/thumb/v6-m\libc_nano.a(lib_a-exit.o)
 .bss           0x00000000        0x0 e:/program files/simplicitystudio/developer/toolchains/gnu_arm/7.2_2017q4/bin/../lib/gcc/arm-none-eabi/7.2.1/../../../../arm-none-eabi/lib/thumb/v6-m\libc_nano.a(lib_a-exit.o)
 .text          0x00000000        0x0 e:/program files/simplicitystudio/developer/toolchains/gnu_arm/7.2_2017q4/bin/../lib/gcc/arm-none-eabi/7.2.1/../../../../arm-none-eabi/lib/thumb/v6-m\libc_nano.a(lib_a-impure.o)
 .data          0x00000000        0x0 e:/program files/simplicitystudio/developer/toolchains/gnu_arm/7.2_2017q4/bin/../lib/gcc/arm-none-eabi/7.2.1/../../../../arm-none-eabi/lib/thumb/v6-m\libc_nano.a(lib_a-impure.o)
 .bss           0x00000000        0x0 e:/program files/simplicitystudio/developer/toolchains/gnu_arm/7.2_2017q4/bin/../lib/gcc/arm-none-eabi/7.2.1/../../../../arm-none-eabi/lib/thumb/v6-m\libc_nano.a(lib_a-impure.o)
 .data._impure_ptr
                0x00000000        0x4 e:/program files/simplicitystudio/developer/toolchains/gnu_arm/7.2_2017q4/bin/../lib/gcc/arm-none-eabi/7.2.1/../../../../arm-none-eabi/lib/thumb/v6-m\libc_nano.a(lib_a-impure.o)
 .text          0x00000000        0x0 e:/program files/simplicitystudio/developer/toolchains/gnu_arm/7.2_2017q4/bin/../lib/gcc/arm-none-eabi/7.2.1/../../../../arm-none-eabi/lib/thumb/v6-m\libc_nano.a(lib_a-init.o)
 .data          0x00000000        0x0 e:/program files/simplicitystudio/developer/toolchains/gnu_arm/7.2_2017q4/bin/../lib/gcc/arm-none-eabi/7.2.1/../../../../arm-none-eabi/lib/thumb/v6-m\libc_nano.a(lib_a-init.o)
 .bss           0x00000000        0x0 e:/program files/simplicitystudio/developer/toolchains/gnu_arm/7.2_2017q4/bin/../lib/gcc/arm-none-eabi/7.2.1/../../../../arm-none-eabi/lib/thumb/v6-m\libc_nano.a(lib_a-init.o)
 .text          0x00000000        0x0 e:/program files/simplicitystudio/developer/toolchains/gnu_arm/7.2_2017q4/bin/../lib/gcc/arm-none-eabi/7.2.1/../../../../arm-none-eabi/lib/thumb/v6-m\libc_nano.a(lib_a-memset.o)
 .data          0x00000000        0x0 e:/program files/simplicitystudio/developer/toolchains/gnu_arm/7.2_2017q4/bin/../lib/gcc/arm-none-eabi/7.2.1/../../../../arm-none-eabi/lib/thumb/v6-m\libc_nano.a(lib_a-memset.o)
 .bss           0x00000000        0x0 e:/program files/simplicitystudio/developer/toolchains/gnu_arm/7.2_2017q4/bin/../lib/gcc/arm-none-eabi/7.2.1/../../../../arm-none-eabi/lib/thumb/v6-m\libc_nano.a(lib_a-memset.o)
 .text          0x00000000        0x0 e:/program files/simplicitystudio/developer/toolchains/gnu_arm/7.2_2017q4/bin/../lib/gcc/arm-none-eabi/7.2.1/../../../../arm-none-eabi/lib/thumb/v6-m\libnosys.a(_exit.o)
 .data          0x00000000        0x0 e:/program files/simplicitystudio/developer/toolchains/gnu_arm/7.2_2017q4/bin/../lib/gcc/arm-none-eabi/7.2.1/../../../../arm-none-eabi/lib/thumb/v6-m\libnosys.a(_exit.o)
 .bss           0x00000000        0x0 e:/program files/simplicitystudio/developer/toolchains/gnu_arm/7.2_2017q4/bin/../lib/gcc/arm-none-eabi/7.2.1/../../../../arm-none-eabi/lib/thumb/v6-m\libnosys.a(_exit.o)
 .text          0x00000000        0x0 e:/program files/simplicitystudio/developer/toolchains/gnu_arm/7.2_2017q4/bin/../lib/gcc/arm-none-eabi/7.2.1/thumb/v6-m/crtend.o
 .data          0x00000000        0x0 e:/program files/simplicitystudio/developer/toolchains/gnu_arm/7.2_2017q4/bin/../lib/gcc/arm-none-eabi/7.2.1/thumb/v6-m/crtend.o
 .bss           0x00000000        0x0 e:/program files/simplicitystudio/developer/toolchains/gnu_arm/7.2_2017q4/bin/../lib/gcc/arm-none-eabi/7.2.1/thumb/v6-m/crtend.o
 .text          0x00000000        0x0 e:/program files/simplicitystudio/developer/toolchains/gnu_arm/7.2_2017q4/bin/../lib/gcc/arm-none-eabi/7.2.1/thumb/v6-m/crtn.o
 .data          0x00000000        0x0 e:/program files/simplicitystudio/developer/toolchains/gnu_arm/7.2_2017q4/bin/../lib/gcc/arm-none-eabi/7.2.1/thumb/v6-m/crtn.o
 .bss           0x00000000        0x0 e:/program files/simplicitystudio/developer/toolchains/gnu_arm/7.2_2017q4/bin/../lib/gcc/arm-none-eabi/7.2.1/thumb/v6-m/crtn.o

Memory Configuration

Name             Origin             Length             Attributes
FLASH            0x00000000         0x00010000         xr
RAM              0x20000000         0x00002000         xrw
*default*        0x00000000         0xffffffff

Linker script and memory map

LOAD e:/program files/simplicitystudio/developer/toolchains/gnu_arm/7.2_2017q4/bin/../lib/gcc/arm-none-eabi/7.2.1/thumb/v6-m/crti.o
LOAD e:/program files/simplicitystudio/developer/toolchains/gnu_arm/7.2_2017q4/bin/../lib/gcc/arm-none-eabi/7.2.1/thumb/v6-m/crtbegin.o
LOAD e:/program files/simplicitystudio/developer/toolchains/gnu_arm/7.2_2017q4/bin/../lib/gcc/arm-none-eabi/7.2.1/../../../../arm-none-eabi/lib/thumb/v6-m/crt0.o
LOAD ./AMG8833/AMG8833.o
LOAD ./AMG8833/I2C.o
LOAD ./CMSIS/EFM32HG/startup_efm32hg.o
LOAD ./CMSIS/EFM32HG/system_efm32hg.o
LOAD ./emlib/em_cmu.o
LOAD ./emlib/em_i2c.o
LOAD ./emlib/em_system.o
LOAD ./emlib/i2cspm.o
LOAD ./src/main.o
START GROUP
LOAD e:/program files/simplicitystudio/developer/toolchains/gnu_arm/7.2_2017q4/bin/../lib/gcc/arm-none-eabi/7.2.1/thumb/v6-m\libgcc.a
LOAD e:/program files/simplicitystudio/developer/toolchains/gnu_arm/7.2_2017q4/bin/../lib/gcc/arm-none-eabi/7.2.1/../../../../arm-none-eabi/lib/thumb/v6-m\libc_nano.a
LOAD e:/program files/simplicitystudio/developer/toolchains/gnu_arm/7.2_2017q4/bin/../lib/gcc/arm-none-eabi/7.2.1/../../../../arm-none-eabi/lib/thumb/v6-m\libnosys.a
END GROUP
START GROUP
LOAD e:/program files/simplicitystudio/developer/toolchains/gnu_arm/7.2_2017q4/bin/../lib/gcc/arm-none-eabi/7.2.1/thumb/v6-m\libgcc.a
LOAD e:/program files/simplicitystudio/developer/toolchains/gnu_arm/7.2_2017q4/bin/../lib/gcc/arm-none-eabi/7.2.1/../../../../arm-none-eabi/lib/thumb/v6-m\libg_nano.a
LOAD e:/program files/simplicitystudio/developer/toolchains/gnu_arm/7.2_2017q4/bin/../lib/gcc/arm-none-eabi/7.2.1/../../../../arm-none-eabi/lib/thumb/v6-m\libc_nano.a
END GROUP
START GROUP
LOAD e:/program files/simplicitystudio/developer/toolchains/gnu_arm/7.2_2017q4/bin/../lib/gcc/arm-none-eabi/7.2.1/thumb/v6-m\libgcc.a
LOAD e:/program files/simplicitystudio/developer/toolchains/gnu_arm/7.2_2017q4/bin/../lib/gcc/arm-none-eabi/7.2.1/../../../../arm-none-eabi/lib/thumb/v6-m\libc_nano.a
END GROUP
LOAD e:/program files/simplicitystudio/developer/toolchains/gnu_arm/7.2_2017q4/bin/../lib/gcc/arm-none-eabi/7.2.1/thumb/v6-m/crtend.o
LOAD e:/program files/simplicitystudio/developer/toolchains/gnu_arm/7.2_2017q4/bin/../lib/gcc/arm-none-eabi/7.2.1/thumb/v6-m/crtn.o

.text           0x00000000      0xa94
 *(.vectors)
 .vectors       0x00000000       0x94 ./CMSIS/EFM32HG/startup_efm32hg.o
                0x00000000                __Vectors
                0x00000094                __Vectors_End = .
                0x00000094                __Vectors_Size = (__Vectors_End - __Vectors)
                0x00000094                __end__ = .
 *(.text*)
 .text          0x00000094       0x48 e:/program files/simplicitystudio/developer/toolchains/gnu_arm/7.2_2017q4/bin/../lib/gcc/arm-none-eabi/7.2.1/thumb/v6-m/crtbegin.o
 .text          0x000000dc       0x78 e:/program files/simplicitystudio/developer/toolchains/gnu_arm/7.2_2017q4/bin/../lib/gcc/arm-none-eabi/7.2.1/../../../../arm-none-eabi/lib/thumb/v6-m/crt0.o
                0x000000dc                _start
                0x000000dc                _mainCRTStartup
 .text          0x00000154       0x30 ./CMSIS/EFM32HG/startup_efm32hg.o
                0x00000154                Reset_Handler
                0x00000180                USART0_TX_IRQHandler
                0x00000180                I2C0_IRQHandler
                0x00000180                HardFault_Handler
                0x00000180                SysTick_Handler
                0x00000180                USART1_RX_IRQHandler
                0x00000180                PendSV_Handler
                0x00000180                NMI_Handler
                0x00000180                USART1_TX_IRQHandler
                0x00000180                MSC_IRQHandler
                0x00000180                ADC0_IRQHandler
                0x00000180                LEUART0_IRQHandler
                0x00000180                GPIO_EVEN_IRQHandler
                0x00000180                RTC_IRQHandler
                0x00000180                TIMER0_IRQHandler
                0x00000180                TIMER2_IRQHandler
                0x00000180                TIMER1_IRQHandler
                0x00000180                Default_Handler
                0x00000180                PCNT0_IRQHandler
                0x00000180                sl_app_properties
                0x00000180                USB_IRQHandler
                0x00000180                ACMP0_IRQHandler
                0x00000180                USART0_RX_IRQHandler
                0x00000180                SVC_Handler
                0x00000180                CMU_IRQHandler
                0x00000180                GPIO_ODD_IRQHandler
                0x00000180                AES_IRQHandler
                0x00000180                VCMP_IRQHandler
                0x00000180                DMA_IRQHandler
 .text.SystemInit
                0x00000184       0x18 ./CMSIS/EFM32HG/system_efm32hg.o
                0x00000184                SystemInit
 .text.BUS_RegBitWrite
                0x0000019c       0x3c ./emlib/em_cmu.o
 .text.syncReg  0x000001d8       0x2c ./emlib/em_cmu.o
 .text.CMU_ClockEnable
                0x00000204       0xb0 ./emlib/em_cmu.o
                0x00000204                CMU_ClockEnable
 .text.I2C_IntClear
                0x000002b4       0x18 ./emlib/em_i2c.o
 .text.flushRx  0x000002cc       0x22 ./emlib/em_i2c.o
 *fill*         0x000002ee        0x2 
 .text.I2C_Transfer
                0x000002f0      0x44c ./emlib/em_i2c.o
                0x000002f0                I2C_Transfer
 .text.I2C_TransferInit
                0x0000073c       0xc0 ./emlib/em_i2c.o
                0x0000073c                I2C_TransferInit
 .text.I2CSPM_Transfer
                0x000007fc       0x60 ./emlib/i2cspm.o
                0x000007fc                I2CSPM_Transfer
 .text.SYSTEM_GetProdRev
                0x0000085c       0x18 ./src/main.o
 .text.CHIP_Init
                0x00000874       0x4c ./src/main.o
 .text.Si7013_Measure
                0x000008c0       0xa4 ./src/main.o
 .text.main     0x00000964       0x38 ./src/main.o
                0x00000964                main
 .text.exit     0x0000099c       0x2c e:/program files/simplicitystudio/developer/toolchains/gnu_arm/7.2_2017q4/bin/../lib/gcc/arm-none-eabi/7.2.1/../../../../arm-none-eabi/lib/thumb/v6-m\libc_nano.a(lib_a-exit.o)
                0x0000099c                exit
 .text.__libc_init_array
                0x000009c8       0x48 e:/program files/simplicitystudio/developer/toolchains/gnu_arm/7.2_2017q4/bin/../lib/gcc/arm-none-eabi/7.2.1/../../../../arm-none-eabi/lib/thumb/v6-m\libc_nano.a(lib_a-init.o)
                0x000009c8                __libc_init_array
 .text.memset   0x00000a10       0x10 e:/program files/simplicitystudio/developer/toolchains/gnu_arm/7.2_2017q4/bin/../lib/gcc/arm-none-eabi/7.2.1/../../../../arm-none-eabi/lib/thumb/v6-m\libc_nano.a(lib_a-memset.o)
                0x00000a10                memset
 .text._exit    0x00000a20        0x4 e:/program files/simplicitystudio/developer/toolchains/gnu_arm/7.2_2017q4/bin/../lib/gcc/arm-none-eabi/7.2.1/../../../../arm-none-eabi/lib/thumb/v6-m\libnosys.a(_exit.o)
                0x00000a20                _exit
 *(.init)
 .init          0x00000a24        0x4 e:/program files/simplicitystudio/developer/toolchains/gnu_arm/7.2_2017q4/bin/../lib/gcc/arm-none-eabi/7.2.1/thumb/v6-m/crti.o
                0x00000a24                _init
 .init          0x00000a28        0x8 e:/program files/simplicitystudio/developer/toolchains/gnu_arm/7.2_2017q4/bin/../lib/gcc/arm-none-eabi/7.2.1/thumb/v6-m/crtn.o
 *(.fini)
 .fini          0x00000a30        0x4 e:/program files/simplicitystudio/developer/toolchains/gnu_arm/7.2_2017q4/bin/../lib/gcc/arm-none-eabi/7.2.1/thumb/v6-m/crti.o
                0x00000a30                _fini
 .fini          0x00000a34        0x8 e:/program files/simplicitystudio/developer/toolchains/gnu_arm/7.2_2017q4/bin/../lib/gcc/arm-none-eabi/7.2.1/thumb/v6-m/crtn.o
 *crtbegin.o(.ctors)
 *crtbegin?.o(.ctors)
 *(EXCLUDE_FILE(*crtend.o *crtend?.o) .ctors)
 *(SORT_BY_NAME(.ctors.*))
 *(.ctors)
 *crtbegin.o(.dtors)
 *crtbegin?.o(.dtors)
 *(EXCLUDE_FILE(*crtend.o *crtend?.o) .dtors)
 *(SORT_BY_NAME(.dtors.*))
 *(.dtors)
 *(.rodata*)
 .rodata.CMU_ClockEnable
                0x00000a3c       0x2c ./emlib/em_cmu.o
 .rodata.I2C_Transfer
                0x00000a68       0x24 ./emlib/em_i2c.o
 .rodata._global_impure_ptr
                0x00000a8c        0x4 e:/program files/simplicitystudio/developer/toolchains/gnu_arm/7.2_2017q4/bin/../lib/gcc/arm-none-eabi/7.2.1/../../../../arm-none-eabi/lib/thumb/v6-m\libc_nano.a(lib_a-impure.o)
                0x00000a8c                _global_impure_ptr
 *(.eh_frame*)
 .eh_frame      0x00000a90        0x0 e:/program files/simplicitystudio/developer/toolchains/gnu_arm/7.2_2017q4/bin/../lib/gcc/arm-none-eabi/7.2.1/thumb/v6-m/crtbegin.o
 .eh_frame      0x00000a90        0x4 e:/program files/simplicitystudio/developer/toolchains/gnu_arm/7.2_2017q4/bin/../lib/gcc/arm-none-eabi/7.2.1/thumb/v6-m/crtend.o

.glue_7         0x00000a94        0x0
 .glue_7        0x00000a94        0x0 linker stubs

.glue_7t        0x00000a94        0x0
 .glue_7t       0x00000a94        0x0 linker stubs

.vfp11_veneer   0x00000a94        0x0
 .vfp11_veneer  0x00000a94        0x0 linker stubs

.v4_bx          0x00000a94        0x0
 .v4_bx         0x00000a94        0x0 linker stubs

.iplt           0x00000a94        0x0
 .iplt          0x00000a94        0x0 e:/program files/simplicitystudio/developer/toolchains/gnu_arm/7.2_2017q4/bin/../lib/gcc/arm-none-eabi/7.2.1/thumb/v6-m/crtbegin.o

.ARM.extab
 *(.ARM.extab* .gnu.linkonce.armextab.*)
                0x00000a94                __exidx_start = .

.ARM.exidx      0x00000a94        0x8
 *(.ARM.exidx* .gnu.linkonce.armexidx.*)
 .ARM.exidx     0x00000a94        0x8 e:/program files/simplicitystudio/developer/toolchains/gnu_arm/7.2_2017q4/bin/../lib/gcc/arm-none-eabi/7.2.1/../../../../arm-none-eabi/lib/thumb/v6-m/crt0.o
                0x00000a9c                __exidx_end = .
                0x00000a9c                __etext = .

.rel.dyn        0x00000a9c        0x0
 .rel.iplt      0x00000a9c        0x0 e:/program files/simplicitystudio/developer/toolchains/gnu_arm/7.2_2017q4/bin/../lib/gcc/arm-none-eabi/7.2.1/thumb/v6-m/crtbegin.o

.data           0x20000000       0x68 load address 0x00000a9c
                0x20000000                __data_start__ = .
 *(vtable)
 *(.data*)
 .data.impure_data
                0x20000000       0x60 e:/program files/simplicitystudio/developer/toolchains/gnu_arm/7.2_2017q4/bin/../lib/gcc/arm-none-eabi/7.2.1/../../../../arm-none-eabi/lib/thumb/v6-m\libc_nano.a(lib_a-impure.o)
                0x20000060                . = ALIGN (0x4)
                [!provide]                PROVIDE (__ram_func_section_start, .)
 *(.ram)
                [!provide]                PROVIDE (__ram_func_section_end, .)
                0x20000060                . = ALIGN (0x4)
                0x20000060                PROVIDE (__preinit_array_start, .)
 *(.preinit_array)
                0x20000060                PROVIDE (__preinit_array_end, .)
                0x20000060                . = ALIGN (0x4)
                0x20000060                PROVIDE (__init_array_start, .)
 *(SORT_BY_NAME(.init_array.*))
 *(.init_array)
 .init_array    0x20000060        0x4 e:/program files/simplicitystudio/developer/toolchains/gnu_arm/7.2_2017q4/bin/../lib/gcc/arm-none-eabi/7.2.1/thumb/v6-m/crtbegin.o
                0x20000064                PROVIDE (__init_array_end, .)
                0x20000064                . = ALIGN (0x4)
                [!provide]                PROVIDE (__fini_array_start, .)
 *(SORT_BY_NAME(.fini_array.*))
 *(.fini_array)
 .fini_array    0x20000064        0x4 e:/program files/simplicitystudio/developer/toolchains/gnu_arm/7.2_2017q4/bin/../lib/gcc/arm-none-eabi/7.2.1/thumb/v6-m/crtbegin.o
                [!provide]                PROVIDE (__fini_array_end, .)
 *(.jcr*)
                0x20000068                . = ALIGN (0x4)
                0x20000068                __data_end__ = .

.igot.plt       0x20000068        0x0 load address 0x00000b04
 .igot.plt      0x20000068        0x0 e:/program files/simplicitystudio/developer/toolchains/gnu_arm/7.2_2017q4/bin/../lib/gcc/arm-none-eabi/7.2.1/thumb/v6-m/crtbegin.o

.bss            0x20000068       0x28 load address 0x00000b04
                0x20000068                . = ALIGN (0x4)
                0x20000068                __bss_start__ = .
 *(.bss*)
 .bss           0x20000068       0x1c e:/program files/simplicitystudio/developer/toolchains/gnu_arm/7.2_2017q4/bin/../lib/gcc/arm-none-eabi/7.2.1/thumb/v6-m/crtbegin.o
 .bss.i2cTransfer
                0x20000084        0xc ./emlib/em_i2c.o
 *(COMMON)
                0x20000090                . = ALIGN (0x4)
                0x20000090                __bss_end__ = .

.heap           0x20000090      0x400
                0x20000090                __HeapBase = .
                0x20000090                __end__ = .
                0x20000090                end = __end__
                0x20000090                _end = __end__
 *(.heap*)
 .heap          0x20000090      0x400 ./CMSIS/EFM32HG/startup_efm32hg.o
                0x20000490                __HeapLimit = .

.stack_dummy    0x20000090      0x400
 *(.stack*)
 .stack         0x20000090      0x400 ./CMSIS/EFM32HG/startup_efm32hg.o
                0x20002000                __StackTop = (ORIGIN (RAM) + LENGTH (RAM))
                0x20001c00                __StackLimit = (__StackTop - SIZEOF (.stack_dummy))
                0x20002000                PROVIDE (__stack, __StackTop)
                0x00000001                ASSERT ((__StackLimit >= __HeapLimit), region RAM overflowed with stack)
                0x00000001                ASSERT ((LENGTH (FLASH) >= (__etext + SIZEOF (.data))), FLASH memory overflowed !)
OUTPUT(Embedded_1_AMG8833_Temp_Sensor.axf elf32-littlearm)

.ARM.attributes
                0x00000000       0x28
 .ARM.attributes
                0x00000000       0x1e e:/program files/simplicitystudio/developer/toolchains/gnu_arm/7.2_2017q4/bin/../lib/gcc/arm-none-eabi/7.2.1/thumb/v6-m/crti.o
 .ARM.attributes
                0x0000001e       0x2c e:/program files/simplicitystudio/developer/toolchains/gnu_arm/7.2_2017q4/bin/../lib/gcc/arm-none-eabi/7.2.1/thumb/v6-m/crtbegin.o
 .ARM.attributes
                0x0000004a       0x1b e:/program files/simplicitystudio/developer/toolchains/gnu_arm/7.2_2017q4/bin/../lib/gcc/arm-none-eabi/7.2.1/../../../../arm-none-eabi/lib/thumb/v6-m/crt0.o
 .ARM.attributes
                0x00000065       0x1b ./CMSIS/EFM32HG/startup_efm32hg.o
 .ARM.attributes
                0x00000080       0x32 ./CMSIS/EFM32HG/system_efm32hg.o
 .ARM.attributes
                0x000000b2       0x32 ./emlib/em_cmu.o
 .ARM.attributes
                0x000000e4       0x32 ./emlib/em_i2c.o
 .ARM.attributes
                0x00000116       0x32 ./emlib/i2cspm.o
 .ARM.attributes
                0x00000148       0x32 ./src/main.o
 .ARM.attributes
                0x0000017a       0x2c e:/program files/simplicitystudio/developer/toolchains/gnu_arm/7.2_2017q4/bin/../lib/gcc/arm-none-eabi/7.2.1/../../../../arm-none-eabi/lib/thumb/v6-m\libc_nano.a(lib_a-exit.o)
 .ARM.attributes
                0x000001a6       0x2c e:/program files/simplicitystudio/developer/toolchains/gnu_arm/7.2_2017q4/bin/../lib/gcc/arm-none-eabi/7.2.1/../../../../arm-none-eabi/lib/thumb/v6-m\libc_nano.a(lib_a-impure.o)
 .ARM.attributes
                0x000001d2       0x2c e:/program files/simplicitystudio/developer/toolchains/gnu_arm/7.2_2017q4/bin/../lib/gcc/arm-none-eabi/7.2.1/../../../../arm-none-eabi/lib/thumb/v6-m\libc_nano.a(lib_a-init.o)
 .ARM.attributes
                0x000001fe       0x2c e:/program files/simplicitystudio/developer/toolchains/gnu_arm/7.2_2017q4/bin/../lib/gcc/arm-none-eabi/7.2.1/../../../../arm-none-eabi/lib/thumb/v6-m\libc_nano.a(lib_a-memset.o)
 .ARM.attributes
                0x0000022a       0x2c e:/program files/simplicitystudio/developer/toolchains/gnu_arm/7.2_2017q4/bin/../lib/gcc/arm-none-eabi/7.2.1/../../../../arm-none-eabi/lib/thumb/v6-m\libnosys.a(_exit.o)
 .ARM.attributes
                0x00000256       0x2c e:/program files/simplicitystudio/developer/toolchains/gnu_arm/7.2_2017q4/bin/../lib/gcc/arm-none-eabi/7.2.1/thumb/v6-m/crtend.o
 .ARM.attributes
                0x00000282       0x1e e:/program files/simplicitystudio/developer/toolchains/gnu_arm/7.2_2017q4/bin/../lib/gcc/arm-none-eabi/7.2.1/thumb/v6-m/crtn.o

.comment        0x00000000       0x7e
 .comment       0x00000000       0x7e ./CMSIS/EFM32HG/system_efm32hg.o
                                 0x7f (size before relaxing)
 .comment       0x0000007e       0x7f ./emlib/em_cmu.o
 .comment       0x0000007e       0x7f ./emlib/em_i2c.o
 .comment       0x0000007e       0x7f ./emlib/i2cspm.o
 .comment       0x0000007e       0x7f ./src/main.o

.debug_line     0x00000000     0x3623
 .debug_line    0x00000000       0xd4 ./CMSIS/EFM32HG/startup_efm32hg.o
 .debug_line    0x000000d4      0x828 ./CMSIS/EFM32HG/system_efm32hg.o
 .debug_line    0x000008fc      0xfa9 ./emlib/em_cmu.o
 .debug_line    0x000018a5      0xa9b ./emlib/em_i2c.o
 .debug_line    0x00002340      0x940 ./emlib/i2cspm.o
 .debug_line    0x00002c80      0x9a3 ./src/main.o

.debug_info     0x00000000     0x5e17
 .debug_info    0x00000000       0x26 ./CMSIS/EFM32HG/startup_efm32hg.o
 .debug_info    0x00000026      0xe45 ./CMSIS/EFM32HG/system_efm32hg.o
 .debug_info    0x00000e6b     0x1c20 ./emlib/em_cmu.o
 .debug_info    0x00002a8b     0x11ac ./emlib/em_i2c.o
 .debug_info    0x00003c37     0x1166 ./emlib/i2cspm.o
 .debug_info    0x00004d9d     0x107a ./src/main.o

.debug_abbrev   0x00000000      0xdde
 .debug_abbrev  0x00000000       0x14 ./CMSIS/EFM32HG/startup_efm32hg.o
 .debug_abbrev  0x00000014      0x262 ./CMSIS/EFM32HG/system_efm32hg.o
 .debug_abbrev  0x00000276      0x36b ./emlib/em_cmu.o
 .debug_abbrev  0x000005e1      0x2ed ./emlib/em_i2c.o
 .debug_abbrev  0x000008ce      0x294 ./emlib/i2cspm.o
 .debug_abbrev  0x00000b62      0x27c ./src/main.o

.debug_aranges  0x00000000      0x2e0
 .debug_aranges
                0x00000000       0x20 ./CMSIS/EFM32HG/startup_efm32hg.o
 .debug_aranges
                0x00000020       0x68 ./CMSIS/EFM32HG/system_efm32hg.o
 .debug_aranges
                0x00000088      0x178 ./emlib/em_cmu.o
 .debug_aranges
                0x00000200       0x70 ./emlib/em_i2c.o
 .debug_aranges
                0x00000270       0x38 ./emlib/i2cspm.o
 .debug_aranges
                0x000002a8       0x38 ./src/main.o

.debug_str      0x00000000    0x79ea0
 .debug_str     0x00000000      0x100 ./CMSIS/EFM32HG/startup_efm32hg.o
 .debug_str     0x00000100    0x76a16 ./CMSIS/EFM32HG/system_efm32hg.o
                              0x76cf4 (size before relaxing)
 .debug_str     0x00076b16     0x2291 ./emlib/em_cmu.o
                              0x78ded (size before relaxing)
 .debug_str     0x00078da7      0x561 ./emlib/em_i2c.o
                              0x788c2 (size before relaxing)
 .debug_str     0x00079308      0x42c ./emlib/i2cspm.o
                              0x786e3 (size before relaxing)
 .debug_str     0x00079734      0x76c ./src/main.o
                              0x78bb5 (size before relaxing)

.debug_loc      0x00000000      0xf2e
 .debug_loc     0x00000000      0x1e8 ./CMSIS/EFM32HG/system_efm32hg.o
 .debug_loc     0x000001e8      0x928 ./emlib/em_cmu.o
 .debug_loc     0x00000b10      0x268 ./emlib/em_i2c.o
 .debug_loc     0x00000d78       0xe0 ./emlib/i2cspm.o
 .debug_loc     0x00000e58       0xd6 ./src/main.o

.debug_ranges   0x00000000      0x288
 .debug_ranges  0x00000000       0x58 ./CMSIS/EFM32HG/system_efm32hg.o
 .debug_ranges  0x00000058      0x168 ./emlib/em_cmu.o
 .debug_ranges  0x000001c0       0x78 ./emlib/em_i2c.o
 .debug_ranges  0x00000238       0x28 ./emlib/i2cspm.o
 .debug_ranges  0x00000260       0x28 ./src/main.o

.debug_macro    0x00000000     0x178a
 .debug_macro   0x00000000      0x302 ./CMSIS/EFM32HG/system_efm32hg.o
 .debug_macro   0x00000302      0x391 ./emlib/em_cmu.o
 .debug_macro   0x00000693       0xbf ./emlib/em_cmu.o
 .debug_macro   0x00000752       0x69 ./emlib/em_cmu.o
 .debug_macro   0x000007bb      0x322 ./emlib/em_cmu.o
 .debug_macro   0x00000add       0x2b ./emlib/em_cmu.o
 .debug_macro   0x00000b08       0xee ./emlib/em_cmu.o
 .debug_macro   0x00000bf6       0x11 ./emlib/em_cmu.o
 .debug_macro   0x00000c07      0x37d ./emlib/em_i2c.o
 .debug_macro   0x00000f84       0x3f ./emlib/em_i2c.o
 .debug_macro   0x00000fc3      0x349 ./emlib/i2cspm.o
 .debug_macro   0x0000130c      0x3a8 ./src/main.o
 .debug_macro   0x000016b4       0x16 ./src/main.o
 .debug_macro   0x000016ca       0xc0 ./src/main.o

.debug_frame    0x00000000      0x9c8
 .debug_frame   0x00000000      0x138 ./CMSIS/EFM32HG/system_efm32hg.o
 .debug_frame   0x00000138      0x56c ./emlib/em_cmu.o
 .debug_frame   0x000006a4      0x170 ./emlib/em_i2c.o
 .debug_frame   0x00000814       0x90 ./emlib/i2cspm.o
 .debug_frame   0x000008a4       0x90 ./src/main.o
 .debug_frame   0x00000934       0x28 e:/program files/simplicitystudio/developer/toolchains/gnu_arm/7.2_2017q4/bin/../lib/gcc/arm-none-eabi/7.2.1/../../../../arm-none-eabi/lib/thumb/v6-m\libc_nano.a(lib_a-exit.o)
 .debug_frame   0x0000095c       0x2c e:/program files/simplicitystudio/developer/toolchains/gnu_arm/7.2_2017q4/bin/../lib/gcc/arm-none-eabi/7.2.1/../../../../arm-none-eabi/lib/thumb/v6-m\libc_nano.a(lib_a-init.o)
 .debug_frame   0x00000988       0x20 e:/program files/simplicitystudio/developer/toolchains/gnu_arm/7.2_2017q4/bin/../lib/gcc/arm-none-eabi/7.2.1/../../../../arm-none-eabi/lib/thumb/v6-m\libc_nano.a(lib_a-memset.o)
 .debug_frame   0x000009a8       0x20 e:/program files/simplicitystudio/developer/toolchains/gnu_arm/7.2_2017q4/bin/../lib/gcc/arm-none-eabi/7.2.1/../../../../arm-none-eabi/lib/thumb/v6-m\libnosys.a(_exit.o)
