Archive member included to satisfy reference by file (symbol)

e:/program files/simplicitystudio/developer/toolchains/gnu_arm/7.2_2017q4/bin/../lib/gcc/arm-none-eabi/7.2.1/thumb/v6-m\libgcc.a(_udivsi3.o)
                              ./CMSIS/EFM32HG/system_efm32hg.o (__aeabi_uidiv)
e:/program files/simplicitystudio/developer/toolchains/gnu_arm/7.2_2017q4/bin/../lib/gcc/arm-none-eabi/7.2.1/thumb/v6-m\libgcc.a(_dvmd_tls.o)
                              e:/program files/simplicitystudio/developer/toolchains/gnu_arm/7.2_2017q4/bin/../lib/gcc/arm-none-eabi/7.2.1/thumb/v6-m\libgcc.a(_udivsi3.o) (__aeabi_idiv0)
e:/program files/simplicitystudio/developer/toolchains/gnu_arm/7.2_2017q4/bin/../lib/gcc/arm-none-eabi/7.2.1/thumb/v6-m\libgcc.a(_clzsi2.o)
                              ./emlib/em_cmu.o (__clzsi2)
e:/program files/simplicitystudio/developer/toolchains/gnu_arm/7.2_2017q4/bin/../lib/gcc/arm-none-eabi/7.2.1/thumb/v6-m\libgcc.a(_aeabi_uldivmod.o)
                              ./emlib/em_usart.o (__aeabi_uldivmod)
e:/program files/simplicitystudio/developer/toolchains/gnu_arm/7.2_2017q4/bin/../lib/gcc/arm-none-eabi/7.2.1/thumb/v6-m\libgcc.a(_muldi3.o)
                              ./emlib/em_usart.o (__aeabi_lmul)
e:/program files/simplicitystudio/developer/toolchains/gnu_arm/7.2_2017q4/bin/../lib/gcc/arm-none-eabi/7.2.1/thumb/v6-m\libgcc.a(_udivmoddi4.o)
                              e:/program files/simplicitystudio/developer/toolchains/gnu_arm/7.2_2017q4/bin/../lib/gcc/arm-none-eabi/7.2.1/thumb/v6-m\libgcc.a(_aeabi_uldivmod.o) (__udivmoddi4)
e:/program files/simplicitystudio/developer/toolchains/gnu_arm/7.2_2017q4/bin/../lib/gcc/arm-none-eabi/7.2.1/thumb/v6-m\libgcc.a(muldf3.o)
                              ./AMG8833/AMG8833.o (__aeabi_dmul)
e:/program files/simplicitystudio/developer/toolchains/gnu_arm/7.2_2017q4/bin/../lib/gcc/arm-none-eabi/7.2.1/thumb/v6-m\libgcc.a(floatsidf.o)
                              ./AMG8833/AMG8833.o (__aeabi_i2d)
e:/program files/simplicitystudio/developer/toolchains/gnu_arm/7.2_2017q4/bin/../lib/gcc/arm-none-eabi/7.2.1/thumb/v6-m\libgcc.a(truncdfsf2.o)
                              ./AMG8833/AMG8833.o (__aeabi_d2f)
e:/program files/simplicitystudio/developer/toolchains/gnu_arm/7.2_2017q4/bin/../lib/gcc/arm-none-eabi/7.2.1/thumb/v6-m\libgcc.a(_clzdi2.o)
                              e:/program files/simplicitystudio/developer/toolchains/gnu_arm/7.2_2017q4/bin/../lib/gcc/arm-none-eabi/7.2.1/thumb/v6-m\libgcc.a(_udivmoddi4.o) (__clzdi2)
e:/program files/simplicitystudio/developer/toolchains/gnu_arm/7.2_2017q4/bin/../lib/gcc/arm-none-eabi/7.2.1/../../../../arm-none-eabi/lib/thumb/v6-m\libc_nano.a(lib_a-exit.o)
                              e:/program files/simplicitystudio/developer/toolchains/gnu_arm/7.2_2017q4/bin/../lib/gcc/arm-none-eabi/7.2.1/../../../../arm-none-eabi/lib/thumb/v6-m/crt0.o (exit)
e:/program files/simplicitystudio/developer/toolchains/gnu_arm/7.2_2017q4/bin/../lib/gcc/arm-none-eabi/7.2.1/../../../../arm-none-eabi/lib/thumb/v6-m\libc_nano.a(lib_a-impure.o)
                              e:/program files/simplicitystudio/developer/toolchains/gnu_arm/7.2_2017q4/bin/../lib/gcc/arm-none-eabi/7.2.1/../../../../arm-none-eabi/lib/thumb/v6-m\libc_nano.a(lib_a-exit.o) (_global_impure_ptr)
e:/program files/simplicitystudio/developer/toolchains/gnu_arm/7.2_2017q4/bin/../lib/gcc/arm-none-eabi/7.2.1/../../../../arm-none-eabi/lib/thumb/v6-m\libc_nano.a(lib_a-init.o)
                              e:/program files/simplicitystudio/developer/toolchains/gnu_arm/7.2_2017q4/bin/../lib/gcc/arm-none-eabi/7.2.1/../../../../arm-none-eabi/lib/thumb/v6-m/crt0.o (__libc_init_array)
e:/program files/simplicitystudio/developer/toolchains/gnu_arm/7.2_2017q4/bin/../lib/gcc/arm-none-eabi/7.2.1/../../../../arm-none-eabi/lib/thumb/v6-m\libc_nano.a(lib_a-memset.o)
                              e:/program files/simplicitystudio/developer/toolchains/gnu_arm/7.2_2017q4/bin/../lib/gcc/arm-none-eabi/7.2.1/../../../../arm-none-eabi/lib/thumb/v6-m/crt0.o (memset)
e:/program files/simplicitystudio/developer/toolchains/gnu_arm/7.2_2017q4/bin/../lib/gcc/arm-none-eabi/7.2.1/../../../../arm-none-eabi/lib/thumb/v6-m\libnosys.a(_exit.o)
                              e:/program files/simplicitystudio/developer/toolchains/gnu_arm/7.2_2017q4/bin/../lib/gcc/arm-none-eabi/7.2.1/../../../../arm-none-eabi/lib/thumb/v6-m\libc_nano.a(lib_a-exit.o) (_exit)

Allocating common symbols
Common symbol       size              file

msTickCount         0x4               ./src/main.o

Discarded input sections

 .text          0x00000000        0x0 e:/program files/simplicitystudio/developer/toolchains/gnu_arm/7.2_2017q4/bin/../lib/gcc/arm-none-eabi/7.2.1/thumb/v6-m/crti.o
 .data          0x00000000        0x0 e:/program files/simplicitystudio/developer/toolchains/gnu_arm/7.2_2017q4/bin/../lib/gcc/arm-none-eabi/7.2.1/thumb/v6-m/crti.o
[...]
Memory Configuration

Name             Origin             Length             Attributes
FLASH            0x00000000         0x00010000         xr
RAM              0x20000000         0x00002000         xrw
*default*        0x00000000         0xffffffff

Linker script and memory map

LOAD e:/program files/simplicitystudio/developer/toolchains/gnu_arm/7.2_2017q4/bin/../lib/gcc/arm-none-eabi/7.2.1/thumb/v6-m/crti.o
LOAD e:/program files/simplicitystudio/developer/toolchains/gnu_arm/7.2_2017q4/bin/../lib/gcc/arm-none-eabi/7.2.1/thumb/v6-m/crtbegin.o
LOAD e:/program files/simplicitystudio/developer/toolchains/gnu_arm/7.2_2017q4/bin/../lib/gcc/arm-none-eabi/7.2.1/../../../../arm-none-eabi/lib/thumb/v6-m/crt0.o
LOAD ./AMG8833/AMG8833.o
LOAD ./AMG8833/I2C.o
LOAD ./CMSIS/EFM32HG/startup_efm32hg.o
LOAD ./CMSIS/EFM32HG/system_efm32hg.o
LOAD ./dbprint/dbprint.o
LOAD ./emlib/em_cmu.o
LOAD ./emlib/em_gpio.o
LOAD ./emlib/em_i2c.o
LOAD ./emlib/em_system.o
LOAD ./emlib/em_usart.o
LOAD ./emlib/i2cspm.o
LOAD ./src/main.o
START GROUP
LOAD e:/program files/simplicitystudio/developer/toolchains/gnu_arm/7.2_2017q4/bin/../lib/gcc/arm-none-eabi/7.2.1/thumb/v6-m\libgcc.a
LOAD e:/program files/simplicitystudio/developer/toolchains/gnu_arm/7.2_2017q4/bin/../lib/gcc/arm-none-eabi/7.2.1/../../../../arm-none-eabi/lib/thumb/v6-m\libc_nano.a
LOAD e:/program files/simplicitystudio/developer/toolchains/gnu_arm/7.2_2017q4/bin/../lib/gcc/arm-none-eabi/7.2.1/../../../../arm-none-eabi/lib/thumb/v6-m\libnosys.a
END GROUP
START GROUP
LOAD e:/program files/simplicitystudio/developer/toolchains/gnu_arm/7.2_2017q4/bin/../lib/gcc/arm-none-eabi/7.2.1/thumb/v6-m\libgcc.a
LOAD e:/program files/simplicitystudio/developer/toolchains/gnu_arm/7.2_2017q4/bin/../lib/gcc/arm-none-eabi/7.2.1/../../../../arm-none-eabi/lib/thumb/v6-m\libg_nano.a
LOAD e:/program files/simplicitystudio/developer/toolchains/gnu_arm/7.2_2017q4/bin/../lib/gcc/arm-none-eabi/7.2.1/../../../../arm-none-eabi/lib/thumb/v6-m\libc_nano.a
END GROUP
START GROUP
LOAD e:/program files/simplicitystudio/developer/toolchains/gnu_arm/7.2_2017q4/bin/../lib/gcc/arm-none-eabi/7.2.1/thumb/v6-m\libgcc.a
LOAD e:/program files/simplicitystudio/developer/toolchains/gnu_arm/7.2_2017q4/bin/../lib/gcc/arm-none-eabi/7.2.1/../../../../arm-none-eabi/lib/thumb/v6-m\libc_nano.a
END GROUP
LOAD e:/program files/simplicitystudio/developer/toolchains/gnu_arm/7.2_2017q4/bin/../lib/gcc/arm-none-eabi/7.2.1/thumb/v6-m/crtend.o
LOAD e:/program files/simplicitystudio/developer/toolchains/gnu_arm/7.2_2017q4/bin/../lib/gcc/arm-none-eabi/7.2.1/thumb/v6-m/crtn.o

.text           0x00000000     0x22c0
 *(.vectors)
 .vectors       0x00000000       0x94 ./CMSIS/EFM32HG/startup_efm32hg.o
                0x00000000                __Vectors
                0x00000094                __Vectors_End = .
                0x00000094                __Vectors_Size = (__Vectors_End - __Vectors)
                0x00000094                __end__ = .
 *(.text*)
 .text          0x00000094       0x48 e:/program files/simplicitystudio/developer/toolchains/gnu_arm/7.2_2017q4/bin/../lib/gcc/arm-none-eabi/7.2.1/thumb/v6-m/crtbegin.o
 .text          0x000000dc       0x78 e:/program files/simplicitystudio/developer/toolchains/gnu_arm/7.2_2017q4/bin/../lib/gcc/arm-none-eabi/7.2.1/../../../../arm-none-eabi/lib/thumb/v6-m/crt0.o
                0x000000dc                _start
                0x000000dc                _mainCRTStartup
 .text.AMG8833_Thermistor_Read
                0x00000154       0x68 ./AMG8833/AMG8833.o
                0x00000154                AMG8833_Thermistor_Read
 .text.AMG8833_Sleep
                0x000001bc       0x44 ./AMG8833/AMG8833.o
                0x000001bc                AMG8833_Sleep
 .text.AMG8833_StandBy
                0x00000200       0x4a ./AMG8833/AMG8833.o
                0x00000200                AMG8833_StandBy
 *fill*         0x0000024a        0x2 
 .text.IIC_Init
                0x0000024c       0x18 ./AMG8833/I2C.o
                0x0000024c                IIC_Init
 .text.IIC_WriteBuffer
                0x00000264       0x78 ./AMG8833/I2C.o
                0x00000264                IIC_WriteBuffer
 .text.IIC_WriteReadBuffer
                0x000002dc       0x88 ./AMG8833/I2C.o
                0x000002dc                IIC_WriteReadBuffer
 .text          0x00000364       0x30 ./CMSIS/EFM32HG/startup_efm32hg.o
                0x00000364                Reset_Handler
                0x00000390                USART0_TX_IRQHandler
                0x00000390                I2C0_IRQHandler
                0x00000390                HardFault_Handler
                0x00000390                USART1_RX_IRQHandler
                0x00000390                PendSV_Handler
                0x00000390                NMI_Handler
                0x00000390                USART1_TX_IRQHandler
                0x00000390                MSC_IRQHandler
                0x00000390                ADC0_IRQHandler
                0x00000390                LEUART0_IRQHandler
                0x00000390                GPIO_EVEN_IRQHandler
                0x00000390                RTC_IRQHandler
                0x00000390                TIMER0_IRQHandler
                0x00000390                TIMER2_IRQHandler
                0x00000390                TIMER1_IRQHandler
                0x00000390                Default_Handler
                0x00000390                PCNT0_IRQHandler
                0x00000390                sl_app_properties
                0x00000390                USB_IRQHandler
                0x00000390                ACMP0_IRQHandler
                0x00000390                USART0_RX_IRQHandler
                0x00000390                SVC_Handler
                0x00000390                CMU_IRQHandler
                0x00000390                GPIO_ODD_IRQHandler
                0x00000390                AES_IRQHandler
                0x00000390                VCMP_IRQHandler
                0x00000390                DMA_IRQHandler
 .text.SystemCoreClockGet
                0x00000394       0x38 ./CMSIS/EFM32HG/system_efm32hg.o
                0x00000394                SystemCoreClockGet
 .text.SystemHFClockGet
                0x000003cc       0xfc ./CMSIS/EFM32HG/system_efm32hg.o
                0x000003cc                SystemHFClockGet
 .text.SystemInit
                0x000004c8       0x18 ./CMSIS/EFM32HG/system_efm32hg.o
                0x000004c8                SystemInit
 .text.SystemLFRCOClockGet
                0x000004e0        0xe ./CMSIS/EFM32HG/system_efm32hg.o
                0x000004e0                SystemLFRCOClockGet
 .text.SystemULFRCOClockGet
                0x000004ee        0xe ./CMSIS/EFM32HG/system_efm32hg.o
                0x000004ee                SystemULFRCOClockGet
 .text.SystemLFXOClockGet
                0x000004fc       0x14 ./CMSIS/EFM32HG/system_efm32hg.o
                0x000004fc                SystemLFXOClockGet
 .text.BUS_RegBitWrite
                0x00000510       0x3c ./emlib/em_cmu.o
 .text.SYSTEM_GetProdRev
                0x0000054c       0x18 ./emlib/em_cmu.o
 .text.auxClkGet
                0x00000564       0xb0 ./emlib/em_cmu.o
 .text.dbgClkGet
                0x00000614       0x48 ./emlib/em_cmu.o
 .text.lfClkGet
                0x0000065c       0xf8 ./emlib/em_cmu.o
 .text.syncReg  0x00000754       0x2c ./emlib/em_cmu.o
 .text.usbCClkGet
                0x00000780       0x6c ./emlib/em_cmu.o
 .text.CMU_ClockEnable
                0x000007ec       0xb0 ./emlib/em_cmu.o
                0x000007ec                CMU_ClockEnable
 .text.CMU_ClockFreqGet
                0x0000089c      0x140 ./emlib/em_cmu.o
                0x0000089c                CMU_ClockFreqGet
 .text.CMU_ClockSelectGet
                0x000009dc      0x1dc ./emlib/em_cmu.o
                0x000009dc                CMU_ClockSelectGet
 .text.GPIO_PinOutClear
                0x00000bb8       0x5c ./emlib/em_gpio.o
 .text.GPIO_PinOutSet
                0x00000c14       0x5c ./emlib/em_gpio.o
 .text.GPIO_PinModeSet
                0x00000c70      0x164 ./emlib/em_gpio.o
                0x00000c70                GPIO_PinModeSet
 .text.I2C_IntClear
                0x00000dd4       0x18 ./emlib/em_i2c.o
 .text.BUS_RegBitWrite
                0x00000dec       0x3c ./emlib/em_i2c.o
 .text.BUS_RegMaskedWrite
                0x00000e28       0x26 ./emlib/em_i2c.o
 .text.flushRx  0x00000e4e       0x22 ./emlib/em_i2c.o
 .text.I2C_BusFreqSet
                0x00000e70      0x13c ./emlib/em_i2c.o
                0x00000e70                I2C_BusFreqSet
 .text.I2C_Enable
                0x00000fac       0x24 ./emlib/em_i2c.o
                0x00000fac                I2C_Enable
 .text.I2C_Init
                0x00000fd0       0x5c ./emlib/em_i2c.o
                0x00000fd0                I2C_Init
 .text.I2C_Transfer
                0x0000102c      0x44c ./emlib/em_i2c.o
                0x0000102c                I2C_Transfer
 .text.I2C_TransferInit
                0x00001478       0xc0 ./emlib/em_i2c.o
                0x00001478                I2C_TransferInit
 .text.GPIO_PinOutClear
                0x00001538       0x5c ./emlib/i2cspm.o
 .text.GPIO_PinOutSet
                0x00001594       0x5c ./emlib/i2cspm.o
 .text.I2CSPM_Init
                0x000015f0       0xdc ./emlib/i2cspm.o
                0x000015f0                I2CSPM_Init
 .text.I2CSPM_Transfer
                0x000016cc       0x60 ./emlib/i2cspm.o
                0x000016cc                I2CSPM_Transfer
 .text.__NVIC_SetPriority
                0x0000172c       0xdc ./src/main.o
 .text.SysTick_Config
                0x00001808       0x48 ./src/main.o
 .text.SYSTEM_GetProdRev
                0x00001850       0x18 ./src/main.o
 .text.CHIP_Init
                0x00001868       0x4c ./src/main.o
 .text.SysTick_Handler
                0x000018b4       0x18 ./src/main.o
                0x000018b4                SysTick_Handler
 .text.delay_init
                0x000018cc       0x30 ./src/main.o
                0x000018cc                delay_init
 .text.delay    0x000018fc       0x2c ./src/main.o
                0x000018fc                delay
 .text.main     0x00001928       0x88 ./src/main.o
                0x00001928                main
 .text          0x000019b0      0x114 e:/program files/simplicitystudio/developer/toolchains/gnu_arm/7.2_2017q4/bin/../lib/gcc/arm-none-eabi/7.2.1/thumb/v6-m\libgcc.a(_udivsi3.o)
                0x000019b0                __aeabi_uidiv
                0x000019b0                __udivsi3
                0x00001abc                __aeabi_uidivmod
 .text          0x00001ac4        0x4 e:/program files/simplicitystudio/developer/toolchains/gnu_arm/7.2_2017q4/bin/../lib/gcc/arm-none-eabi/7.2.1/thumb/v6-m\libgcc.a(_dvmd_tls.o)
                0x00001ac4                __aeabi_idiv0
                0x00001ac4                __aeabi_ldiv0
 .text          0x00001ac8       0x3c e:/program files/simplicitystudio/developer/toolchains/gnu_arm/7.2_2017q4/bin/../lib/gcc/arm-none-eabi/7.2.1/thumb/v6-m\libgcc.a(_clzsi2.o)
                0x00001ac8                __clzsi2
 .text          0x00001b04      0x4e4 e:/program files/simplicitystudio/developer/toolchains/gnu_arm/7.2_2017q4/bin/../lib/gcc/arm-none-eabi/7.2.1/thumb/v6-m\libgcc.a(muldf3.o)
                0x00001b04                __aeabi_dmul
 .text          0x00001fe8       0x74 e:/program files/simplicitystudio/developer/toolchains/gnu_arm/7.2_2017q4/bin/../lib/gcc/arm-none-eabi/7.2.1/thumb/v6-m\libgcc.a(floatsidf.o)
                0x00001fe8                __aeabi_i2d
 .text          0x0000205c      0x108 e:/program files/simplicitystudio/developer/toolchains/gnu_arm/7.2_2017q4/bin/../lib/gcc/arm-none-eabi/7.2.1/thumb/v6-m\libgcc.a(truncdfsf2.o)
                0x0000205c                __aeabi_d2f
 .text.exit     0x00002164       0x2c e:/program files/simplicitystudio/developer/toolchains/gnu_arm/7.2_2017q4/bin/../lib/gcc/arm-none-eabi/7.2.1/../../../../arm-none-eabi/lib/thumb/v6-m\libc_nano.a(lib_a-exit.o)
                0x00002164                exit
 .text.__libc_init_array
                0x00002190       0x48 e:/program files/simplicitystudio/developer/toolchains/gnu_arm/7.2_2017q4/bin/../lib/gcc/arm-none-eabi/7.2.1/../../../../arm-none-eabi/lib/thumb/v6-m\libc_nano.a(lib_a-init.o)
                0x00002190                __libc_init_array
 .text.memset   0x000021d8       0x10 e:/program files/simplicitystudio/developer/toolchains/gnu_arm/7.2_2017q4/bin/../lib/gcc/arm-none-eabi/7.2.1/../../../../arm-none-eabi/lib/thumb/v6-m\libc_nano.a(lib_a-memset.o)
                0x000021d8                memset
 .text._exit    0x000021e8        0x4 e:/program files/simplicitystudio/developer/toolchains/gnu_arm/7.2_2017q4/bin/../lib/gcc/arm-none-eabi/7.2.1/../../../../arm-none-eabi/lib/thumb/v6-m\libnosys.a(_exit.o)
                0x000021e8                _exit
 *(.init)
 .init          0x000021ec        0x4 e:/program files/simplicitystudio/developer/toolchains/gnu_arm/7.2_2017q4/bin/../lib/gcc/arm-none-eabi/7.2.1/thumb/v6-m/crti.o
                0x000021ec                _init
 .init          0x000021f0        0x8 e:/program files/simplicitystudio/developer/toolchains/gnu_arm/7.2_2017q4/bin/../lib/gcc/arm-none-eabi/7.2.1/thumb/v6-m/crtn.o
 *(.fini)
 .fini          0x000021f8        0x4 e:/program files/simplicitystudio/developer/toolchains/gnu_arm/7.2_2017q4/bin/../lib/gcc/arm-none-eabi/7.2.1/thumb/v6-m/crti.o
                0x000021f8                _fini
 .fini          0x000021fc        0x8 e:/program files/simplicitystudio/developer/toolchains/gnu_arm/7.2_2017q4/bin/../lib/gcc/arm-none-eabi/7.2.1/thumb/v6-m/crtn.o
 *crtbegin.o(.ctors)
 *crtbegin?.o(.ctors)
 *(EXCLUDE_FILE(*crtend.o *crtend?.o) .ctors)
 *(SORT_BY_NAME(.ctors.*))
 *(.ctors)
 *crtbegin.o(.dtors)
 *crtbegin?.o(.dtors)
 *(EXCLUDE_FILE(*crtend.o *crtend?.o) .dtors)
 *(SORT_BY_NAME(.dtors.*))
 *(.dtors)
 *(.rodata*)
 .rodata.CMU_ClockEnable
                0x00002204       0x2c ./emlib/em_cmu.o
 .rodata.CMU_ClockSelectGet
                0x00002230       0x20 ./emlib/em_cmu.o
 .rodata.i2cNSum
                0x00002250        0x4 ./emlib/em_i2c.o
 .rodata.I2C_Transfer
                0x00002254       0x24 ./emlib/em_i2c.o
 .rodata        0x00002278       0x40 e:/program files/simplicitystudio/developer/toolchains/gnu_arm/7.2_2017q4/bin/../lib/gcc/arm-none-eabi/7.2.1/thumb/v6-m\libgcc.a(muldf3.o)
 .rodata._global_impure_ptr
                0x000022b8        0x4 e:/program files/simplicitystudio/developer/toolchains/gnu_arm/7.2_2017q4/bin/../lib/gcc/arm-none-eabi/7.2.1/../../../../arm-none-eabi/lib/thumb/v6-m\libc_nano.a(lib_a-impure.o)
                0x000022b8                _global_impure_ptr
 *(.eh_frame*)
 .eh_frame      0x000022bc        0x0 e:/program files/simplicitystudio/developer/toolchains/gnu_arm/7.2_2017q4/bin/../lib/gcc/arm-none-eabi/7.2.1/thumb/v6-m/crtbegin.o
 .eh_frame      0x000022bc        0x4 e:/program files/simplicitystudio/developer/toolchains/gnu_arm/7.2_2017q4/bin/../lib/gcc/arm-none-eabi/7.2.1/thumb/v6-m/crtend.o

.glue_7         0x000022c0        0x0
 .glue_7        0x000022c0        0x0 linker stubs

.glue_7t        0x000022c0        0x0
 .glue_7t       0x000022c0        0x0 linker stubs

.vfp11_veneer   0x000022c0        0x0
 .vfp11_veneer  0x000022c0        0x0 linker stubs

.v4_bx          0x000022c0        0x0
 .v4_bx         0x000022c0        0x0 linker stubs

.iplt           0x000022c0        0x0
 .iplt          0x000022c0        0x0 e:/program files/simplicitystudio/developer/toolchains/gnu_arm/7.2_2017q4/bin/../lib/gcc/arm-none-eabi/7.2.1/thumb/v6-m/crtbegin.o

.ARM.extab
 *(.ARM.extab* .gnu.linkonce.armextab.*)
                0x000022c0                __exidx_start = .

.ARM.exidx      0x000022c0        0x8
 *(.ARM.exidx* .gnu.linkonce.armexidx.*)
 .ARM.exidx     0x000022c0        0x8 e:/program files/simplicitystudio/developer/toolchains/gnu_arm/7.2_2017q4/bin/../lib/gcc/arm-none-eabi/7.2.1/../../../../arm-none-eabi/lib/thumb/v6-m/crt0.o
                0x000022c8                __exidx_end = .
                0x000022c8                __etext = .

.rel.dyn        0x000022c8        0x0
 .rel.iplt      0x000022c8        0x0 e:/program files/simplicitystudio/developer/toolchains/gnu_arm/7.2_2017q4/bin/../lib/gcc/arm-none-eabi/7.2.1/thumb/v6-m/crtbegin.o

.data           0x20000000       0x90 load address 0x000022c8
                0x20000000                __data_start__ = .
 *(vtable)
 *(.data*)
 .data.i2cInit  0x20000000       0x18 ./AMG8833/I2C.o
                0x20000000                i2cInit
 .data.SystemHFXOClock
                0x20000018        0x4 ./CMSIS/EFM32HG/system_efm32hg.o
 .data.SystemLFXOClock
                0x2000001c        0x4 ./CMSIS/EFM32HG/system_efm32hg.o
 .data.SystemCoreClock
                0x20000020        0x4 ./CMSIS/EFM32HG/system_efm32hg.o
                0x20000020                SystemCoreClock
 .data.ushfrcoFreq
                0x20000024        0x4 ./emlib/em_cmu.o
 .data.impure_data
                0x20000028       0x60 e:/program files/simplicitystudio/developer/toolchains/gnu_arm/7.2_2017q4/bin/../lib/gcc/arm-none-eabi/7.2.1/../../../../arm-none-eabi/lib/thumb/v6-m\libc_nano.a(lib_a-impure.o)
                0x20000088                . = ALIGN (0x4)
                [!provide]                PROVIDE (__ram_func_section_start, .)
 *(.ram)
                [!provide]                PROVIDE (__ram_func_section_end, .)
                0x20000088                . = ALIGN (0x4)
                0x20000088                PROVIDE (__preinit_array_start, .)
 *(.preinit_array)
                0x20000088                PROVIDE (__preinit_array_end, .)
                0x20000088                . = ALIGN (0x4)
                0x20000088                PROVIDE (__init_array_start, .)
 *(SORT_BY_NAME(.init_array.*))
 *(.init_array)
 .init_array    0x20000088        0x4 e:/program files/simplicitystudio/developer/toolchains/gnu_arm/7.2_2017q4/bin/../lib/gcc/arm-none-eabi/7.2.1/thumb/v6-m/crtbegin.o
                0x2000008c                PROVIDE (__init_array_end, .)
                0x2000008c                . = ALIGN (0x4)
                [!provide]                PROVIDE (__fini_array_start, .)
 *(SORT_BY_NAME(.fini_array.*))
 *(.fini_array)
 .fini_array    0x2000008c        0x4 e:/program files/simplicitystudio/developer/toolchains/gnu_arm/7.2_2017q4/bin/../lib/gcc/arm-none-eabi/7.2.1/thumb/v6-m/crtbegin.o
                [!provide]                PROVIDE (__fini_array_end, .)
 *(.jcr*)
                0x20000090                . = ALIGN (0x4)
                0x20000090                __data_end__ = .

.igot.plt       0x20000090        0x0 load address 0x00002358
 .igot.plt      0x20000090        0x0 e:/program files/simplicitystudio/developer/toolchains/gnu_arm/7.2_2017q4/bin/../lib/gcc/arm-none-eabi/7.2.1/thumb/v6-m/crtbegin.o

.bss            0x20000090       0x2c load address 0x00002358
                0x20000090                . = ALIGN (0x4)
                0x20000090                __bss_start__ = .
 *(.bss*)
 .bss           0x20000090       0x1c e:/program files/simplicitystudio/developer/toolchains/gnu_arm/7.2_2017q4/bin/../lib/gcc/arm-none-eabi/7.2.1/thumb/v6-m/crtbegin.o
 .bss.i2cTransfer
                0x200000ac        0xc ./emlib/em_i2c.o
 .bss.msTicks   0x200000b8        0x4 ./src/main.o
 *(COMMON)
                0x200000bc                . = ALIGN (0x4)
                0x200000bc                __bss_end__ = .

.heap           0x200000c0      0x400
                0x200000c0                __HeapBase = .
                0x200000c0                __end__ = .
                0x200000c0                end = __end__
                0x200000c0                _end = __end__
 *(.heap*)
 .heap          0x200000c0      0x400 ./CMSIS/EFM32HG/startup_efm32hg.o
                0x200004c0                __HeapLimit = .

.stack_dummy    0x200000c0      0x400
 *(.stack*)
 .stack         0x200000c0      0x400 ./CMSIS/EFM32HG/startup_efm32hg.o
                0x20002000                __StackTop = (ORIGIN (RAM) + LENGTH (RAM))
                0x20001c00                __StackLimit = (__StackTop - SIZEOF (.stack_dummy))
                0x20002000                PROVIDE (__stack, __StackTop)
                0x00000001                ASSERT ((__StackLimit >= __HeapLimit), region RAM overflowed with stack)
                0x00000001                ASSERT ((LENGTH (FLASH) >= (__etext + SIZEOF (.data))), FLASH memory overflowed !)
OUTPUT(Embedded_1.axf elf32-littlearm)

.ARM.attributes
                0x00000000       0x28
 .ARM.attributes
                0x00000000       0x1e e:/program files/simplicitystudio/developer/toolchains/gnu_arm/7.2_2017q4/bin/../lib/gcc/arm-none-eabi/7.2.1/thumb/v6-m/crti.o
 .ARM.attributes
                0x0000001e       0x2c e:/program files/simplicitystudio/developer/toolchains/gnu_arm/7.2_2017q4/bin/../lib/gcc/arm-none-eabi/7.2.1/thumb/v6-m/crtbegin.o
 .ARM.attributes
                0x0000004a       0x1b e:/program files/simplicitystudio/developer/toolchains/gnu_arm/7.2_2017q4/bin/../lib/gcc/arm-none-eabi/7.2.1/../../../../arm-none-eabi/lib/thumb/v6-m/crt0.o
 .ARM.attributes
                0x00000065       0x32 ./AMG8833/AMG8833.o
 .ARM.attributes
                0x00000097       0x32 ./AMG8833/I2C.o
 .ARM.attributes
                0x000000c9       0x1b ./CMSIS/EFM32HG/startup_efm32hg.o
 .ARM.attributes
                0x000000e4       0x32 ./CMSIS/EFM32HG/system_efm32hg.o
 .ARM.attributes
                0x00000116       0x32 ./emlib/em_cmu.o
 .ARM.attributes
                0x00000148       0x32 ./emlib/em_gpio.o
 .ARM.attributes
                0x0000017a       0x32 ./emlib/em_i2c.o
 .ARM.attributes
                0x000001ac       0x32 ./emlib/i2cspm.o
 .ARM.attributes
                0x000001de       0x32 ./src/main.o
 .ARM.attributes
                0x00000210       0x1e e:/program files/simplicitystudio/developer/toolchains/gnu_arm/7.2_2017q4/bin/../lib/gcc/arm-none-eabi/7.2.1/thumb/v6-m\libgcc.a(_udivsi3.o)
 .ARM.attributes
                0x0000022e       0x1e e:/program files/simplicitystudio/developer/toolchains/gnu_arm/7.2_2017q4/bin/../lib/gcc/arm-none-eabi/7.2.1/thumb/v6-m\libgcc.a(_dvmd_tls.o)
 .ARM.attributes
                0x0000024c       0x1e e:/program files/simplicitystudio/developer/toolchains/gnu_arm/7.2_2017q4/bin/../lib/gcc/arm-none-eabi/7.2.1/thumb/v6-m\libgcc.a(_clzsi2.o)
 .ARM.attributes
                0x0000026a       0x2c e:/program files/simplicitystudio/developer/toolchains/gnu_arm/7.2_2017q4/bin/../lib/gcc/arm-none-eabi/7.2.1/thumb/v6-m\libgcc.a(muldf3.o)
 .ARM.attributes
                0x00000296       0x2c e:/program files/simplicitystudio/developer/toolchains/gnu_arm/7.2_2017q4/bin/../lib/gcc/arm-none-eabi/7.2.1/thumb/v6-m\libgcc.a(floatsidf.o)
 .ARM.attributes
                0x000002c2       0x2c e:/program files/simplicitystudio/developer/toolchains/gnu_arm/7.2_2017q4/bin/../lib/gcc/arm-none-eabi/7.2.1/thumb/v6-m\libgcc.a(truncdfsf2.o)
 .ARM.attributes
                0x000002ee       0x2c e:/program files/simplicitystudio/developer/toolchains/gnu_arm/7.2_2017q4/bin/../lib/gcc/arm-none-eabi/7.2.1/../../../../arm-none-eabi/lib/thumb/v6-m\libc_nano.a(lib_a-exit.o)
 .ARM.attributes
                0x0000031a       0x2c e:/program files/simplicitystudio/developer/toolchains/gnu_arm/7.2_2017q4/bin/../lib/gcc/arm-none-eabi/7.2.1/../../../../arm-none-eabi/lib/thumb/v6-m\libc_nano.a(lib_a-impure.o)
 .ARM.attributes
                0x00000346       0x2c e:/program files/simplicitystudio/developer/toolchains/gnu_arm/7.2_2017q4/bin/../lib/gcc/arm-none-eabi/7.2.1/../../../../arm-none-eabi/lib/thumb/v6-m\libc_nano.a(lib_a-init.o)
 .ARM.attributes
                0x00000372       0x2c e:/program files/simplicitystudio/developer/toolchains/gnu_arm/7.2_2017q4/bin/../lib/gcc/arm-none-eabi/7.2.1/../../../../arm-none-eabi/lib/thumb/v6-m\libc_nano.a(lib_a-memset.o)
 .ARM.attributes
                0x0000039e       0x2c e:/program files/simplicitystudio/developer/toolchains/gnu_arm/7.2_2017q4/bin/../lib/gcc/arm-none-eabi/7.2.1/../../../../arm-none-eabi/lib/thumb/v6-m\libnosys.a(_exit.o)
 .ARM.attributes
                0x000003ca       0x2c e:/program files/simplicitystudio/developer/toolchains/gnu_arm/7.2_2017q4/bin/../lib/gcc/arm-none-eabi/7.2.1/thumb/v6-m/crtend.o
 .ARM.attributes
                0x000003f6       0x1e e:/program files/simplicitystudio/developer/toolchains/gnu_arm/7.2_2017q4/bin/../lib/gcc/arm-none-eabi/7.2.1/thumb/v6-m/crtn.o

.comment        0x00000000       0x7e
 .comment       0x00000000       0x7e ./AMG8833/AMG8833.o
                                 0x7f (size before relaxing)
 .comment       0x0000007e       0x7f ./AMG8833/I2C.o
 .comment       0x0000007e       0x7f ./CMSIS/EFM32HG/system_efm32hg.o
 .comment       0x0000007e       0x7f ./emlib/em_cmu.o
 .comment       0x0000007e       0x7f ./emlib/em_gpio.o
 .comment       0x0000007e       0x7f ./emlib/em_i2c.o
 .comment       0x0000007e       0x7f ./emlib/i2cspm.o
 .comment       0x0000007e       0x7f ./src/main.o

.debug_info     0x00000000     0x8885
 .debug_info    0x00000000      0xb54 ./AMG8833/AMG8833.o
 .debug_info    0x00000b54      0xe5f ./AMG8833/I2C.o
 .debug_info    0x000019b3       0x26 ./CMSIS/EFM32HG/startup_efm32hg.o
 .debug_info    0x000019d9      0xe45 ./CMSIS/EFM32HG/system_efm32hg.o
 .debug_info    0x0000281e     0x1c20 ./emlib/em_cmu.o
 .debug_info    0x0000443e      0xf85 ./emlib/em_gpio.o
 .debug_info    0x000053c3     0x11ac ./emlib/em_i2c.o
 .debug_info    0x0000656f     0x1166 ./emlib/i2cspm.o
 .debug_info    0x000076d5     0x11b0 ./src/main.o

.debug_abbrev   0x00000000     0x1526
 .debug_abbrev  0x00000000      0x210 ./AMG8833/AMG8833.o
 .debug_abbrev  0x00000210      0x239 ./AMG8833/I2C.o
 .debug_abbrev  0x00000449       0x14 ./CMSIS/EFM32HG/startup_efm32hg.o
 .debug_abbrev  0x0000045d      0x262 ./CMSIS/EFM32HG/system_efm32hg.o
 .debug_abbrev  0x000006bf      0x36b ./emlib/em_cmu.o
 .debug_abbrev  0x00000a2a      0x29f ./emlib/em_gpio.o
 .debug_abbrev  0x00000cc9      0x2ed ./emlib/em_i2c.o
 .debug_abbrev  0x00000fb6      0x294 ./emlib/i2cspm.o
 .debug_abbrev  0x0000124a      0x2dc ./src/main.o

.debug_loc      0x00000000     0x14dc
 .debug_loc     0x00000000      0x146 ./AMG8833/AMG8833.o
 .debug_loc     0x00000146      0x100 ./AMG8833/I2C.o
 .debug_loc     0x00000246      0x1e8 ./CMSIS/EFM32HG/system_efm32hg.o
 .debug_loc     0x0000042e      0x928 ./emlib/em_cmu.o
 .debug_loc     0x00000d56      0x2a0 ./emlib/em_gpio.o
 .debug_loc     0x00000ff6      0x268 ./emlib/em_i2c.o
 .debug_loc     0x0000125e       0xe0 ./emlib/i2cspm.o
 .debug_loc     0x0000133e      0x19e ./src/main.o

.debug_aranges  0x00000000      0x400
 .debug_aranges
                0x00000000       0x48 ./AMG8833/AMG8833.o
 .debug_aranges
                0x00000048       0x40 ./AMG8833/I2C.o
 .debug_aranges
                0x00000088       0x20 ./CMSIS/EFM32HG/startup_efm32hg.o
 .debug_aranges
                0x000000a8       0x68 ./CMSIS/EFM32HG/system_efm32hg.o
 .debug_aranges
                0x00000110      0x178 ./emlib/em_cmu.o
 .debug_aranges
                0x00000288       0x78 ./emlib/em_gpio.o
 .debug_aranges
                0x00000300       0x70 ./emlib/em_i2c.o
 .debug_aranges
                0x00000370       0x38 ./emlib/i2cspm.o
 .debug_aranges
                0x000003a8       0x58 ./src/main.o

.debug_ranges   0x00000000      0x378
 .debug_ranges  0x00000000       0x38 ./AMG8833/AMG8833.o
 .debug_ranges  0x00000038       0x30 ./AMG8833/I2C.o
 .debug_ranges  0x00000068       0x58 ./CMSIS/EFM32HG/system_efm32hg.o
 .debug_ranges  0x000000c0      0x168 ./emlib/em_cmu.o
 .debug_ranges  0x00000228       0x68 ./emlib/em_gpio.o
 .debug_ranges  0x00000290       0x78 ./emlib/em_i2c.o
 .debug_ranges  0x00000308       0x28 ./emlib/i2cspm.o
 .debug_ranges  0x00000330       0x48 ./src/main.o

.debug_macro    0x00000000    0x15bec
 .debug_macro   0x00000000      0x31e ./AMG8833/AMG8833.o
 .debug_macro   0x0000031e      0xa36 ./AMG8833/AMG8833.o
 .debug_macro   0x00000d54       0x22 ./AMG8833/AMG8833.o
 .debug_macro   0x00000d76       0x4f ./AMG8833/AMG8833.o
 .debug_macro   0x00000dc5       0x51 ./AMG8833/AMG8833.o
 .debug_macro   0x00000e16       0xef ./AMG8833/AMG8833.o
 .debug_macro   0x00000f05       0x6a ./AMG8833/AMG8833.o
 .debug_macro   0x00000f6f      0x1df ./AMG8833/AMG8833.o
 .debug_macro   0x0000114e       0x22 ./AMG8833/AMG8833.o
 .debug_macro   0x00001170       0x52 ./AMG8833/AMG8833.o
 .debug_macro   0x000011c2       0x10 ./AMG8833/AMG8833.o
 .debug_macro   0x000011d2      0x318 ./AMG8833/AMG8833.o
 .debug_macro   0x000014ea       0x12 ./AMG8833/AMG8833.o
 .debug_macro   0x000014fc       0x1c ./AMG8833/AMG8833.o
 .debug_macro   0x00001518       0x22 ./AMG8833/AMG8833.o
 .debug_macro   0x0000153a       0xb5 ./AMG8833/AMG8833.o
 .debug_macro   0x000015ef       0x12 ./AMG8833/AMG8833.o
 .debug_macro   0x00001601       0x58 ./AMG8833/AMG8833.o
 .debug_macro   0x00001659       0x17 ./AMG8833/AMG8833.o
 .debug_macro   0x00001670       0x35 ./AMG8833/AMG8833.o
 .debug_macro   0x000016a5       0x9c ./AMG8833/AMG8833.o
 .debug_macro   0x00001741      0x16d ./AMG8833/AMG8833.o
 .debug_macro   0x000018ae       0x58 ./AMG8833/AMG8833.o
 .debug_macro   0x00001906       0x1f ./AMG8833/AMG8833.o
 .debug_macro   0x00001925       0x43 ./AMG8833/AMG8833.o
 .debug_macro   0x00001968       0x20 ./AMG8833/AMG8833.o
 .debug_macro   0x00001988      0x18e ./AMG8833/AMG8833.o
 .debug_macro   0x00001b16      0x34d ./AMG8833/AMG8833.o
 .debug_macro   0x00001e63       0x10 ./AMG8833/AMG8833.o
 .debug_macro   0x00001e73       0x35 ./AMG8833/AMG8833.o
 .debug_macro   0x00001ea8       0xde ./AMG8833/AMG8833.o
 .debug_macro   0x00001f86       0xe4 ./AMG8833/AMG8833.o
 .debug_macro   0x0000206a      0x37c ./AMG8833/AMG8833.o
 .debug_macro   0x000023e6      0x2b1 ./AMG8833/AMG8833.o
 .debug_macro   0x00002697     0x14a6 ./AMG8833/AMG8833.o
 .debug_macro   0x00003b3d     0x2af9 ./AMG8833/AMG8833.o
 .debug_macro   0x00006636      0x82e ./AMG8833/AMG8833.o
 .debug_macro   0x00006e64       0xfa ./AMG8833/AMG8833.o
 .debug_macro   0x00006f5e      0x1b4 ./AMG8833/AMG8833.o
 .debug_macro   0x00007112     0x1c9a ./AMG8833/AMG8833.o
 .debug_macro   0x00008dac     0x16af ./AMG8833/AMG8833.o
 .debug_macro   0x0000a45b      0x6cb ./AMG8833/AMG8833.o
 .debug_macro   0x0000ab26     0x1bdb ./AMG8833/AMG8833.o
 .debug_macro   0x0000c701      0x7a0 ./AMG8833/AMG8833.o
 .debug_macro   0x0000cea1      0x22a ./AMG8833/AMG8833.o
 .debug_macro   0x0000d0cb     0x1c0a ./AMG8833/AMG8833.o
 .debug_macro   0x0000ecd5      0x33e ./AMG8833/AMG8833.o
 .debug_macro   0x0000f013      0xf1d ./AMG8833/AMG8833.o
 .debug_macro   0x0000ff30      0xf9b ./AMG8833/AMG8833.o
 .debug_macro   0x00010ecb      0xa5c ./AMG8833/AMG8833.o
 .debug_macro   0x00011927     0x106b ./AMG8833/AMG8833.o
 .debug_macro   0x00012992      0x380 ./AMG8833/AMG8833.o
 .debug_macro   0x00012d12      0x1ca ./AMG8833/AMG8833.o
 .debug_macro   0x00012edc      0x166 ./AMG8833/AMG8833.o
 .debug_macro   0x00013042      0x257 ./AMG8833/AMG8833.o
 .debug_macro   0x00013299       0x40 ./AMG8833/AMG8833.o
 .debug_macro   0x000132d9      0x18c ./AMG8833/AMG8833.o
 .debug_macro   0x00013465      0x11e ./AMG8833/AMG8833.o
 .debug_macro   0x00013583       0xc4 ./AMG8833/AMG8833.o
 .debug_macro   0x00013647      0x253 ./AMG8833/AMG8833.o
 .debug_macro   0x0001389a       0x27 ./AMG8833/AMG8833.o
 .debug_macro   0x000138c1      0x100 ./AMG8833/AMG8833.o
 .debug_macro   0x000139c1      0x100 ./AMG8833/AMG8833.o
 .debug_macro   0x00013ac1       0xeb ./AMG8833/AMG8833.o
 .debug_macro   0x00013bac      0x33b ./AMG8833/I2C.o
 .debug_macro   0x00013ee7       0x16 ./AMG8833/I2C.o
 .debug_macro   0x00013efd       0x10 ./AMG8833/I2C.o
 .debug_macro   0x00013f0d       0xb9 ./AMG8833/I2C.o
 .debug_macro   0x00013fc6       0x45 ./AMG8833/I2C.o
 .debug_macro   0x0001400b      0x302 ./CMSIS/EFM32HG/system_efm32hg.o
 .debug_macro   0x0001430d      0x391 ./emlib/em_cmu.o
 .debug_macro   0x0001469e       0xbf ./emlib/em_cmu.o
 .debug_macro   0x0001475d       0x69 ./emlib/em_cmu.o
 .debug_macro   0x000147c6      0x322 ./emlib/em_cmu.o
 .debug_macro   0x00014ae8       0x2b ./emlib/em_cmu.o
 .debug_macro   0x00014b13       0xee ./emlib/em_cmu.o
 .debug_macro   0x00014c01       0x11 ./emlib/em_cmu.o
 .debug_macro   0x00014c12      0x31b ./emlib/em_gpio.o
 .debug_macro   0x00014f2d      0x37d ./emlib/em_i2c.o
 .debug_macro   0x000152aa       0x3f ./emlib/em_i2c.o
 .debug_macro   0x000152e9      0x349 ./emlib/i2cspm.o
 .debug_macro   0x00015632      0x39b ./src/main.o
 .debug_macro   0x000159cd       0x58 ./src/main.o
 .debug_macro   0x00015a25       0x16 ./src/main.o
 .debug_macro   0x00015a3b       0xc0 ./src/main.o
 .debug_macro   0x00015afb       0xf1 ./src/main.o

.debug_line     0x00000000     0x51c0
 .debug_line    0x00000000      0x84d ./AMG8833/AMG8833.o
 .debug_line    0x0000084d      0x8f4 ./AMG8833/I2C.o
 .debug_line    0x00001141       0xd4 ./CMSIS/EFM32HG/startup_efm32hg.o
 .debug_line    0x00001215      0x828 ./CMSIS/EFM32HG/system_efm32hg.o
 .debug_line    0x00001a3d      0xfa9 ./emlib/em_cmu.o
 .debug_line    0x000029e6      0x991 ./emlib/em_gpio.o
 .debug_line    0x00003377      0xa9b ./emlib/em_i2c.o
 .debug_line    0x00003e12      0x940 ./emlib/i2cspm.o
 .debug_line    0x00004752      0xa6e ./src/main.o

.debug_str      0x00000000    0x7a94a
 .debug_str     0x00000000    0x76e30 ./AMG8833/AMG8833.o
                              0x7709e (size before relaxing)
 .debug_str     0x00076e30      0xb73 ./AMG8833/I2C.o
                              0x7757b (size before relaxing)
 .debug_str     0x000779a3       0x96 ./CMSIS/EFM32HG/startup_efm32hg.o
                                 0xe4 (size before relaxing)
 .debug_str     0x00077a39      0x353 ./CMSIS/EFM32HG/system_efm32hg.o
                              0x76cd8 (size before relaxing)
 .debug_str     0x00077d8c     0x1b67 ./emlib/em_cmu.o
                              0x78dd1 (size before relaxing)
 .debug_str     0x000798f3      0x467 ./emlib/em_gpio.o
                              0x7758c (size before relaxing)
 .debug_str     0x00079d5a      0x2f7 ./emlib/em_i2c.o
                              0x788a6 (size before relaxing)
 .debug_str     0x0007a051       0x90 ./emlib/i2cspm.o
                              0x786c7 (size before relaxing)
 .debug_str     0x0007a0e1      0x869 ./src/main.o
                              0x7920c (size before relaxing)

.debug_frame    0x00000000      0xe08
 .debug_frame   0x00000000       0xd0 ./AMG8833/AMG8833.o
 .debug_frame   0x000000d0       0xb4 ./AMG8833/I2C.o
 .debug_frame   0x00000184      0x138 ./CMSIS/EFM32HG/system_efm32hg.o
 .debug_frame   0x000002bc      0x56c ./emlib/em_cmu.o
 .debug_frame   0x00000828      0x190 ./emlib/em_gpio.o
 .debug_frame   0x000009b8      0x170 ./emlib/em_i2c.o
 .debug_frame   0x00000b28       0x90 ./emlib/i2cspm.o
 .debug_frame   0x00000bb8      0x104 ./src/main.o
 .debug_frame   0x00000cbc       0x20 e:/program files/simplicitystudio/developer/toolchains/gnu_arm/7.2_2017q4/bin/../lib/gcc/arm-none-eabi/7.2.1/thumb/v6-m\libgcc.a(_udivsi3.o)
 .debug_frame   0x00000cdc       0x3c e:/program files/simplicitystudio/developer/toolchains/gnu_arm/7.2_2017q4/bin/../lib/gcc/arm-none-eabi/7.2.1/thumb/v6-m\libgcc.a(muldf3.o)
 .debug_frame   0x00000d18       0x2c e:/program files/simplicitystudio/developer/toolchains/gnu_arm/7.2_2017q4/bin/../lib/gcc/arm-none-eabi/7.2.1/thumb/v6-m\libgcc.a(floatsidf.o)
 .debug_frame   0x00000d44       0x30 e:/program files/simplicitystudio/developer/toolchains/gnu_arm/7.2_2017q4/bin/../lib/gcc/arm-none-eabi/7.2.1/thumb/v6-m\libgcc.a(truncdfsf2.o)
 .debug_frame   0x00000d74       0x28 e:/program files/simplicitystudio/developer/toolchains/gnu_arm/7.2_2017q4/bin/../lib/gcc/arm-none-eabi/7.2.1/../../../../arm-none-eabi/lib/thumb/v6-m\libc_nano.a(lib_a-exit.o)
 .debug_frame   0x00000d9c       0x2c e:/program files/simplicitystudio/developer/toolchains/gnu_arm/7.2_2017q4/bin/../lib/gcc/arm-none-eabi/7.2.1/../../../../arm-none-eabi/lib/thumb/v6-m\libc_nano.a(lib_a-init.o)
 .debug_frame   0x00000dc8       0x20 e:/program files/simplicitystudio/developer/toolchains/gnu_arm/7.2_2017q4/bin/../lib/gcc/arm-none-eabi/7.2.1/../../../../arm-none-eabi/lib/thumb/v6-m\libc_nano.a(lib_a-memset.o)
 .debug_frame   0x00000de8       0x20 e:/program files/simplicitystudio/developer/toolchains/gnu_arm/7.2_2017q4/bin/../lib/gcc/arm-none-eabi/7.2.1/../../../../arm-none-eabi/lib/thumb/v6-m\libnosys.a(_exit.o)
