Archive member included to satisfy reference by file (symbol)

e:/program files/simplicitystudio/developer/toolchains/gnu_arm/7.2_2017q4/bin/../lib/gcc/arm-none-eabi/7.2.1/thumb/v6-m\libgcc.a(_udivsi3.o)
                              ./CMSIS/EFM32HG/system_efm32hg.o (__aeabi_uidiv)
e:/program files/simplicitystudio/developer/toolchains/gnu_arm/7.2_2017q4/bin/../lib/gcc/arm-none-eabi/7.2.1/thumb/v6-m\libgcc.a(_dvmd_tls.o)
                              e:/program files/simplicitystudio/developer/toolchains/gnu_arm/7.2_2017q4/bin/../lib/gcc/arm-none-eabi/7.2.1/thumb/v6-m\libgcc.a(_udivsi3.o) (__aeabi_idiv0)
e:/program files/simplicitystudio/developer/toolchains/gnu_arm/7.2_2017q4/bin/../lib/gcc/arm-none-eabi/7.2.1/thumb/v6-m\libgcc.a(_clzsi2.o)
                              ./emlib/em_cmu.o (__clzsi2)
e:/program files/simplicitystudio/developer/toolchains/gnu_arm/7.2_2017q4/bin/../lib/gcc/arm-none-eabi/7.2.1/../../../../arm-none-eabi/lib/thumb/v6-m\libc_nano.a(lib_a-exit.o)
                              e:/program files/simplicitystudio/developer/toolchains/gnu_arm/7.2_2017q4/bin/../lib/gcc/arm-none-eabi/7.2.1/../../../../arm-none-eabi/lib/thumb/v6-m/crt0.o (exit)
e:/program files/simplicitystudio/developer/toolchains/gnu_arm/7.2_2017q4/bin/../lib/gcc/arm-none-eabi/7.2.1/../../../../arm-none-eabi/lib/thumb/v6-m\libc_nano.a(lib_a-impure.o)
                              e:/program files/simplicitystudio/developer/toolchains/gnu_arm/7.2_2017q4/bin/../lib/gcc/arm-none-eabi/7.2.1/../../../../arm-none-eabi/lib/thumb/v6-m\libc_nano.a(lib_a-exit.o) (_global_impure_ptr)
e:/program files/simplicitystudio/developer/toolchains/gnu_arm/7.2_2017q4/bin/../lib/gcc/arm-none-eabi/7.2.1/../../../../arm-none-eabi/lib/thumb/v6-m\libc_nano.a(lib_a-init.o)
                              e:/program files/simplicitystudio/developer/toolchains/gnu_arm/7.2_2017q4/bin/../lib/gcc/arm-none-eabi/7.2.1/../../../../arm-none-eabi/lib/thumb/v6-m/crt0.o (__libc_init_array)
e:/program files/simplicitystudio/developer/toolchains/gnu_arm/7.2_2017q4/bin/../lib/gcc/arm-none-eabi/7.2.1/../../../../arm-none-eabi/lib/thumb/v6-m\libc_nano.a(lib_a-memset.o)
                              e:/program files/simplicitystudio/developer/toolchains/gnu_arm/7.2_2017q4/bin/../lib/gcc/arm-none-eabi/7.2.1/../../../../arm-none-eabi/lib/thumb/v6-m/crt0.o (memset)
e:/program files/simplicitystudio/developer/toolchains/gnu_arm/7.2_2017q4/bin/../lib/gcc/arm-none-eabi/7.2.1/../../../../arm-none-eabi/lib/thumb/v6-m\libnosys.a(_exit.o)
                              e:/program files/simplicitystudio/developer/toolchains/gnu_arm/7.2_2017q4/bin/../lib/gcc/arm-none-eabi/7.2.1/../../../../arm-none-eabi/lib/thumb/v6-m\libc_nano.a(lib_a-exit.o) (_exit)

Discarded input sections

 .text          0x00000000        0x0 e:/program files/simplicitystudio/developer/toolchains/gnu_arm/7.2_2017q4/bin/../lib/gcc/arm-none-eabi/7.2.1/thumb/v6-m/crti.o
 .data          0x00000000        0x0 e:/program files/simplicitystudio/developer/toolchains/gnu_arm/7.2_2017q4/bin/../lib/gcc/arm-none-eabi/7.2.1/thumb/v6-m/crti.o
 .bss           0x00000000        0x0 e:/program files/simplicitystudio/developer/toolchains/gnu_arm/7.2_2017q4/bin/../lib/gcc/arm-none-eabi/7.2.1/thumb/v6-m/crti.o
 .data          0x00000000        0x4 e:/program files/simplicitystudio/developer/toolchains/gnu_arm/7.2_2017q4/bin/../lib/gcc/arm-none-eabi/7.2.1/thumb/v6-m/crtbegin.o
 .data          0x00000000        0x0 e:/program files/simplicitystudio/developer/toolchains/gnu_arm/7.2_2017q4/bin/../lib/gcc/arm-none-eabi/7.2.1/../../../../arm-none-eabi/lib/thumb/v6-m/crt0.o
 .bss           0x00000000        0x0 e:/program files/simplicitystudio/developer/toolchains/gnu_arm/7.2_2017q4/bin/../lib/gcc/arm-none-eabi/7.2.1/../../../../arm-none-eabi/lib/thumb/v6-m/crt0.o
 .ARM.extab     0x00000000        0x0 e:/program files/simplicitystudio/developer/toolchains/gnu_arm/7.2_2017q4/bin/../lib/gcc/arm-none-eabi/7.2.1/../../../../arm-none-eabi/lib/thumb/v6-m/crt0.o
 .group         0x00000000        0xc ./AMG8833/AMG8833.o
 .group         0x00000000        0xc ./AMG8833/AMG8833.o
 .group         0x00000000        0xc ./AMG8833/AMG8833.o
 .group         0x00000000        0xc ./AMG8833/AMG8833.o
 .group         0x00000000        0xc ./AMG8833/AMG8833.o
 .group         0x00000000        0xc ./AMG8833/AMG8833.o
 .group         0x00000000        0xc ./AMG8833/AMG8833.o
 .group         0x00000000        0xc ./AMG8833/AMG8833.o
 .text          0x00000000        0x0 ./AMG8833/AMG8833.o
 .data          0x00000000        0x0 ./AMG8833/AMG8833.o
 .bss           0x00000000        0x0 ./AMG8833/AMG8833.o
 .text.AMG8833_Temp
                0x00000000       0x4c ./AMG8833/AMG8833.o
 .debug_info    0x00000000       0xf4 ./AMG8833/AMG8833.o
 .debug_abbrev  0x00000000       0x8f ./AMG8833/AMG8833.o
 .debug_loc     0x00000000       0x38 ./AMG8833/AMG8833.o
 .debug_aranges
                0x00000000       0x20 ./AMG8833/AMG8833.o
[...]
Memory Configuration

Name             Origin             Length             Attributes
FLASH            0x00000000         0x00010000         xr
RAM              0x20000000         0x00002000         xrw
*default*        0x00000000         0xffffffff

Linker script and memory map

LOAD e:/program files/simplicitystudio/developer/toolchains/gnu_arm/7.2_2017q4/bin/../lib/gcc/arm-none-eabi/7.2.1/thumb/v6-m/crti.o
LOAD e:/program files/simplicitystudio/developer/toolchains/gnu_arm/7.2_2017q4/bin/../lib/gcc/arm-none-eabi/7.2.1/thumb/v6-m/crtbegin.o
LOAD e:/program files/simplicitystudio/developer/toolchains/gnu_arm/7.2_2017q4/bin/../lib/gcc/arm-none-eabi/7.2.1/../../../../arm-none-eabi/lib/thumb/v6-m/crt0.o
LOAD ./AMG8833/AMG8833.o
LOAD ./AMG8833/I2C.o
LOAD ./CMSIS/EFM32HG/startup_efm32hg.o
LOAD ./CMSIS/EFM32HG/system_efm32hg.o
LOAD ./emlib/em_cmu.o
LOAD ./emlib/em_gpio.o
LOAD ./emlib/em_i2c.o
LOAD ./emlib/em_system.o
LOAD ./emlib/i2cspm.o
LOAD ./src/main.o
START GROUP
LOAD e:/program files/simplicitystudio/developer/toolchains/gnu_arm/7.2_2017q4/bin/../lib/gcc/arm-none-eabi/7.2.1/thumb/v6-m\libgcc.a
LOAD e:/program files/simplicitystudio/developer/toolchains/gnu_arm/7.2_2017q4/bin/../lib/gcc/arm-none-eabi/7.2.1/../../../../arm-none-eabi/lib/thumb/v6-m\libc_nano.a
LOAD e:/program files/simplicitystudio/developer/toolchains/gnu_arm/7.2_2017q4/bin/../lib/gcc/arm-none-eabi/7.2.1/../../../../arm-none-eabi/lib/thumb/v6-m\libnosys.a
END GROUP
START GROUP
LOAD e:/program files/simplicitystudio/developer/toolchains/gnu_arm/7.2_2017q4/bin/../lib/gcc/arm-none-eabi/7.2.1/thumb/v6-m\libgcc.a
LOAD e:/program files/simplicitystudio/developer/toolchains/gnu_arm/7.2_2017q4/bin/../lib/gcc/arm-none-eabi/7.2.1/../../../../arm-none-eabi/lib/thumb/v6-m\libg_nano.a
LOAD e:/program files/simplicitystudio/developer/toolchains/gnu_arm/7.2_2017q4/bin/../lib/gcc/arm-none-eabi/7.2.1/../../../../arm-none-eabi/lib/thumb/v6-m\libc_nano.a
END GROUP
START GROUP
LOAD e:/program files/simplicitystudio/developer/toolchains/gnu_arm/7.2_2017q4/bin/../lib/gcc/arm-none-eabi/7.2.1/thumb/v6-m\libgcc.a
LOAD e:/program files/simplicitystudio/developer/toolchains/gnu_arm/7.2_2017q4/bin/../lib/gcc/arm-none-eabi/7.2.1/../../../../arm-none-eabi/lib/thumb/v6-m\libc_nano.a
END GROUP
LOAD e:/program files/simplicitystudio/developer/toolchains/gnu_arm/7.2_2017q4/bin/../lib/gcc/arm-none-eabi/7.2.1/thumb/v6-m/crtend.o
LOAD e:/program files/simplicitystudio/developer/toolchains/gnu_arm/7.2_2017q4/bin/../lib/gcc/arm-none-eabi/7.2.1/thumb/v6-m/crtn.o

.text           0x00000000     0x18a8
 *(.vectors)
 .vectors       0x00000000       0x94 ./CMSIS/EFM32HG/startup_efm32hg.o
                0x00000000                __Vectors
                0x00000094                __Vectors_End = .
                0x00000094                __Vectors_Size = (__Vectors_End - __Vectors)
                0x00000094                __end__ = .
 *(.text*)
 .text          0x00000094       0x48 e:/program files/simplicitystudio/developer/toolchains/gnu_arm/7.2_2017q4/bin/../lib/gcc/arm-none-eabi/7.2.1/thumb/v6-m/crtbegin.o
 .text          0x000000dc       0x78 e:/program files/simplicitystudio/developer/toolchains/gnu_arm/7.2_2017q4/bin/../lib/gcc/arm-none-eabi/7.2.1/../../../../arm-none-eabi/lib/thumb/v6-m/crt0.o
                0x000000dc                _start
                0x000000dc                _mainCRTStartup
 .text.IIC_Init
                0x00000154       0x18 ./AMG8833/I2C.o
                0x00000154                IIC_Init
 .text.IIC_WriteReadBuffer
                0x0000016c       0x88 ./AMG8833/I2C.o
                0x0000016c                IIC_WriteReadBuffer
 .text          0x000001f4       0x30 ./CMSIS/EFM32HG/startup_efm32hg.o
                0x000001f4                Reset_Handler
                0x00000220                USART0_TX_IRQHandler
                0x00000220                I2C0_IRQHandler
                0x00000220                HardFault_Handler
                0x00000220                SysTick_Handler
                0x00000220                USART1_RX_IRQHandler
                0x00000220                PendSV_Handler
                0x00000220                NMI_Handler
                0x00000220                USART1_TX_IRQHandler
                0x00000220                MSC_IRQHandler
                0x00000220                ADC0_IRQHandler
                0x00000220                LEUART0_IRQHandler
                0x00000220                GPIO_EVEN_IRQHandler
                0x00000220                RTC_IRQHandler
                0x00000220                TIMER0_IRQHandler
                0x00000220                TIMER2_IRQHandler
                0x00000220                TIMER1_IRQHandler
                0x00000220                Default_Handler
                0x00000220                PCNT0_IRQHandler
                0x00000220                sl_app_properties
                0x00000220                USB_IRQHandler
                0x00000220                ACMP0_IRQHandler
                0x00000220                USART0_RX_IRQHandler
                0x00000220                SVC_Handler
                0x00000220                CMU_IRQHandler
                0x00000220                GPIO_ODD_IRQHandler
                0x00000220                AES_IRQHandler
                0x00000220                VCMP_IRQHandler
                0x00000220                DMA_IRQHandler
 .text.SystemCoreClockGet
                0x00000224       0x38 ./CMSIS/EFM32HG/system_efm32hg.o
                0x00000224                SystemCoreClockGet
 .text.SystemHFClockGet
                0x0000025c       0xfc ./CMSIS/EFM32HG/system_efm32hg.o
                0x0000025c                SystemHFClockGet
 .text.SystemInit
                0x00000358       0x18 ./CMSIS/EFM32HG/system_efm32hg.o
                0x00000358                SystemInit
 .text.SystemLFRCOClockGet
                0x00000370        0xe ./CMSIS/EFM32HG/system_efm32hg.o
                0x00000370                SystemLFRCOClockGet
 .text.SystemULFRCOClockGet
                0x0000037e        0xe ./CMSIS/EFM32HG/system_efm32hg.o
                0x0000037e                SystemULFRCOClockGet
 .text.SystemLFXOClockGet
                0x0000038c       0x14 ./CMSIS/EFM32HG/system_efm32hg.o
                0x0000038c                SystemLFXOClockGet
 .text.BUS_RegBitWrite
                0x000003a0       0x3c ./emlib/em_cmu.o
 .text.SYSTEM_GetProdRev
                0x000003dc       0x18 ./emlib/em_cmu.o
 .text.auxClkGet
                0x000003f4       0xb0 ./emlib/em_cmu.o
 .text.dbgClkGet
                0x000004a4       0x48 ./emlib/em_cmu.o
 .text.lfClkGet
                0x000004ec       0xf8 ./emlib/em_cmu.o
 .text.syncReg  0x000005e4       0x2c ./emlib/em_cmu.o
 .text.usbCClkGet
                0x00000610       0x6c ./emlib/em_cmu.o
 .text.CMU_ClockEnable
                0x0000067c       0xb0 ./emlib/em_cmu.o
                0x0000067c                CMU_ClockEnable
 .text.CMU_ClockFreqGet
                0x0000072c      0x140 ./emlib/em_cmu.o
                0x0000072c                CMU_ClockFreqGet
 .text.CMU_ClockSelectGet
                0x0000086c      0x1dc ./emlib/em_cmu.o
                0x0000086c                CMU_ClockSelectGet
 .text.GPIO_PinOutClear
                0x00000a48       0x5c ./emlib/em_gpio.o
 .text.GPIO_PinOutSet
                0x00000aa4       0x5c ./emlib/em_gpio.o
 .text.GPIO_PinModeSet
                0x00000b00      0x164 ./emlib/em_gpio.o
                0x00000b00                GPIO_PinModeSet
 .text.I2C_IntClear
                0x00000c64       0x18 ./emlib/em_i2c.o
 .text.BUS_RegBitWrite
                0x00000c7c       0x3c ./emlib/em_i2c.o
 .text.BUS_RegMaskedWrite
                0x00000cb8       0x26 ./emlib/em_i2c.o
 .text.flushRx  0x00000cde       0x22 ./emlib/em_i2c.o
 .text.I2C_BusFreqSet
                0x00000d00      0x13c ./emlib/em_i2c.o
                0x00000d00                I2C_BusFreqSet
 .text.I2C_Enable
                0x00000e3c       0x24 ./emlib/em_i2c.o
                0x00000e3c                I2C_Enable
 .text.I2C_Init
                0x00000e60       0x5c ./emlib/em_i2c.o
                0x00000e60                I2C_Init
 .text.I2C_Transfer
                0x00000ebc      0x44c ./emlib/em_i2c.o
                0x00000ebc                I2C_Transfer
 .text.I2C_TransferInit
                0x00001308       0xc0 ./emlib/em_i2c.o
                0x00001308                I2C_TransferInit
 .text.GPIO_PinOutClear
                0x000013c8       0x5c ./emlib/i2cspm.o
 .text.GPIO_PinOutSet
                0x00001424       0x5c ./emlib/i2cspm.o
 .text.I2CSPM_Init
                0x00001480       0xdc ./emlib/i2cspm.o
                0x00001480                I2CSPM_Init
 .text.I2CSPM_Transfer
                0x0000155c       0x60 ./emlib/i2cspm.o
                0x0000155c                I2CSPM_Transfer
 .text.SYSTEM_GetProdRev
                0x000015bc       0x18 ./src/main.o
 .text.CHIP_Init
                0x000015d4       0x4c ./src/main.o
 .text.main     0x00001620       0x54 ./src/main.o
                0x00001620                main
 .text          0x00001674      0x114 e:/program files/simplicitystudio/developer/toolchains/gnu_arm/7.2_2017q4/bin/../lib/gcc/arm-none-eabi/7.2.1/thumb/v6-m\libgcc.a(_udivsi3.o)
                0x00001674                __aeabi_uidiv
                0x00001674                __udivsi3
                0x00001780                __aeabi_uidivmod
 .text          0x00001788        0x4 e:/program files/simplicitystudio/developer/toolchains/gnu_arm/7.2_2017q4/bin/../lib/gcc/arm-none-eabi/7.2.1/thumb/v6-m\libgcc.a(_dvmd_tls.o)
                0x00001788                __aeabi_idiv0
                0x00001788                __aeabi_ldiv0
 .text.exit     0x0000178c       0x2c e:/program files/simplicitystudio/developer/toolchains/gnu_arm/7.2_2017q4/bin/../lib/gcc/arm-none-eabi/7.2.1/../../../../arm-none-eabi/lib/thumb/v6-m\libc_nano.a(lib_a-exit.o)
                0x0000178c                exit
 .text.__libc_init_array
                0x000017b8       0x48 e:/program files/simplicitystudio/developer/toolchains/gnu_arm/7.2_2017q4/bin/../lib/gcc/arm-none-eabi/7.2.1/../../../../arm-none-eabi/lib/thumb/v6-m\libc_nano.a(lib_a-init.o)
                0x000017b8                __libc_init_array
 .text.memset   0x00001800       0x10 e:/program files/simplicitystudio/developer/toolchains/gnu_arm/7.2_2017q4/bin/../lib/gcc/arm-none-eabi/7.2.1/../../../../arm-none-eabi/lib/thumb/v6-m\libc_nano.a(lib_a-memset.o)
                0x00001800                memset
 .text._exit    0x00001810        0x4 e:/program files/simplicitystudio/developer/toolchains/gnu_arm/7.2_2017q4/bin/../lib/gcc/arm-none-eabi/7.2.1/../../../../arm-none-eabi/lib/thumb/v6-m\libnosys.a(_exit.o)
                0x00001810                _exit
 *(.init)
 .init          0x00001814        0x4 e:/program files/simplicitystudio/developer/toolchains/gnu_arm/7.2_2017q4/bin/../lib/gcc/arm-none-eabi/7.2.1/thumb/v6-m/crti.o
                0x00001814                _init
 .init          0x00001818        0x8 e:/program files/simplicitystudio/developer/toolchains/gnu_arm/7.2_2017q4/bin/../lib/gcc/arm-none-eabi/7.2.1/thumb/v6-m/crtn.o
 *(.fini)
 .fini          0x00001820        0x4 e:/program files/simplicitystudio/developer/toolchains/gnu_arm/7.2_2017q4/bin/../lib/gcc/arm-none-eabi/7.2.1/thumb/v6-m/crti.o
                0x00001820                _fini
 .fini          0x00001824        0x8 e:/program files/simplicitystudio/developer/toolchains/gnu_arm/7.2_2017q4/bin/../lib/gcc/arm-none-eabi/7.2.1/thumb/v6-m/crtn.o
 *crtbegin.o(.ctors)
 *crtbegin?.o(.ctors)
 *(EXCLUDE_FILE(*crtend.o *crtend?.o) .ctors)
 *(SORT_BY_NAME(.ctors.*))
 *(.ctors)
 *crtbegin.o(.dtors)
 *crtbegin?.o(.dtors)
 *(EXCLUDE_FILE(*crtend.o *crtend?.o) .dtors)
 *(SORT_BY_NAME(.dtors.*))
 *(.dtors)
 *(.rodata*)
 .rodata.CMU_ClockEnable
                0x0000182c       0x2c ./emlib/em_cmu.o
 .rodata.CMU_ClockSelectGet
                0x00001858       0x20 ./emlib/em_cmu.o
 .rodata.i2cNSum
                0x00001878        0x4 ./emlib/em_i2c.o
 .rodata.I2C_Transfer
                0x0000187c       0x24 ./emlib/em_i2c.o
 .rodata._global_impure_ptr
                0x000018a0        0x4 e:/program files/simplicitystudio/developer/toolchains/gnu_arm/7.2_2017q4/bin/../lib/gcc/arm-none-eabi/7.2.1/../../../../arm-none-eabi/lib/thumb/v6-m\libc_nano.a(lib_a-impure.o)
                0x000018a0                _global_impure_ptr
 *(.eh_frame*)
 .eh_frame      0x000018a4        0x0 e:/program files/simplicitystudio/developer/toolchains/gnu_arm/7.2_2017q4/bin/../lib/gcc/arm-none-eabi/7.2.1/thumb/v6-m/crtbegin.o
 .eh_frame      0x000018a4        0x4 e:/program files/simplicitystudio/developer/toolchains/gnu_arm/7.2_2017q4/bin/../lib/gcc/arm-none-eabi/7.2.1/thumb/v6-m/crtend.o

.glue_7         0x000018a8        0x0
 .glue_7        0x000018a8        0x0 linker stubs

.glue_7t        0x000018a8        0x0
 .glue_7t       0x000018a8        0x0 linker stubs

.vfp11_veneer   0x000018a8        0x0
 .vfp11_veneer  0x000018a8        0x0 linker stubs

.v4_bx          0x000018a8        0x0
 .v4_bx         0x000018a8        0x0 linker stubs

.iplt           0x000018a8        0x0
 .iplt          0x000018a8        0x0 e:/program files/simplicitystudio/developer/toolchains/gnu_arm/7.2_2017q4/bin/../lib/gcc/arm-none-eabi/7.2.1/thumb/v6-m/crtbegin.o

.ARM.extab
 *(.ARM.extab* .gnu.linkonce.armextab.*)
                0x000018a8                __exidx_start = .

.ARM.exidx      0x000018a8        0x8
 *(.ARM.exidx* .gnu.linkonce.armexidx.*)
 .ARM.exidx     0x000018a8        0x8 e:/program files/simplicitystudio/developer/toolchains/gnu_arm/7.2_2017q4/bin/../lib/gcc/arm-none-eabi/7.2.1/../../../../arm-none-eabi/lib/thumb/v6-m/crt0.o
                0x000018b0                __exidx_end = .
                0x000018b0                __etext = .

.rel.dyn        0x000018b0        0x0
 .rel.iplt      0x000018b0        0x0 e:/program files/simplicitystudio/developer/toolchains/gnu_arm/7.2_2017q4/bin/../lib/gcc/arm-none-eabi/7.2.1/thumb/v6-m/crtbegin.o

.data           0x20000000       0x90 load address 0x000018b0
                0x20000000                __data_start__ = .
 *(vtable)
 *(.data*)
 .data.i2cInit  0x20000000       0x18 ./AMG8833/I2C.o
                0x20000000                i2cInit
 .data.SystemHFXOClock
                0x20000018        0x4 ./CMSIS/EFM32HG/system_efm32hg.o
 .data.SystemLFXOClock
                0x2000001c        0x4 ./CMSIS/EFM32HG/system_efm32hg.o
 .data.SystemCoreClock
                0x20000020        0x4 ./CMSIS/EFM32HG/system_efm32hg.o
                0x20000020                SystemCoreClock
 .data.ushfrcoFreq
                0x20000024        0x4 ./emlib/em_cmu.o
 .data.impure_data
                0x20000028       0x60 e:/program files/simplicitystudio/developer/toolchains/gnu_arm/7.2_2017q4/bin/../lib/gcc/arm-none-eabi/7.2.1/../../../../arm-none-eabi/lib/thumb/v6-m\libc_nano.a(lib_a-impure.o)
                0x20000088                . = ALIGN (0x4)
                [!provide]                PROVIDE (__ram_func_section_start, .)
 *(.ram)
                [!provide]                PROVIDE (__ram_func_section_end, .)
                0x20000088                . = ALIGN (0x4)
                0x20000088                PROVIDE (__preinit_array_start, .)
 *(.preinit_array)
                0x20000088                PROVIDE (__preinit_array_end, .)
                0x20000088                . = ALIGN (0x4)
                0x20000088                PROVIDE (__init_array_start, .)
 *(SORT_BY_NAME(.init_array.*))
 *(.init_array)
 .init_array    0x20000088        0x4 e:/program files/simplicitystudio/developer/toolchains/gnu_arm/7.2_2017q4/bin/../lib/gcc/arm-none-eabi/7.2.1/thumb/v6-m/crtbegin.o
                0x2000008c                PROVIDE (__init_array_end, .)
                0x2000008c                . = ALIGN (0x4)
                [!provide]                PROVIDE (__fini_array_start, .)
 *(SORT_BY_NAME(.fini_array.*))
 *(.fini_array)
 .fini_array    0x2000008c        0x4 e:/program files/simplicitystudio/developer/toolchains/gnu_arm/7.2_2017q4/bin/../lib/gcc/arm-none-eabi/7.2.1/thumb/v6-m/crtbegin.o
                [!provide]                PROVIDE (__fini_array_end, .)
 *(.jcr*)
                0x20000090                . = ALIGN (0x4)
                0x20000090                __data_end__ = .

.igot.plt       0x20000090        0x0 load address 0x00001940
 .igot.plt      0x20000090        0x0 e:/program files/simplicitystudio/developer/toolchains/gnu_arm/7.2_2017q4/bin/../lib/gcc/arm-none-eabi/7.2.1/thumb/v6-m/crtbegin.o

.bss            0x20000090       0x28 load address 0x00001940
                0x20000090                . = ALIGN (0x4)
                0x20000090                __bss_start__ = .
 *(.bss*)
 .bss           0x20000090       0x1c e:/program files/simplicitystudio/developer/toolchains/gnu_arm/7.2_2017q4/bin/../lib/gcc/arm-none-eabi/7.2.1/thumb/v6-m/crtbegin.o
 .bss.i2cTransfer
                0x200000ac        0xc ./emlib/em_i2c.o
 *(COMMON)
                0x200000b8                . = ALIGN (0x4)
                0x200000b8                __bss_end__ = .

.heap           0x200000b8      0x400
                0x200000b8                __HeapBase = .
                0x200000b8                __end__ = .
                0x200000b8                end = __end__
                0x200000b8                _end = __end__
 *(.heap*)
 .heap          0x200000b8      0x400 ./CMSIS/EFM32HG/startup_efm32hg.o
                0x200004b8                __HeapLimit = .

.stack_dummy    0x200000b8      0x400
 *(.stack*)
 .stack         0x200000b8      0x400 ./CMSIS/EFM32HG/startup_efm32hg.o
                0x20002000                __StackTop = (ORIGIN (RAM) + LENGTH (RAM))
                0x20001c00                __StackLimit = (__StackTop - SIZEOF (.stack_dummy))
                0x20002000                PROVIDE (__stack, __StackTop)
                0x00000001                ASSERT ((__StackLimit >= __HeapLimit), region RAM overflowed with stack)
                0x00000001                ASSERT ((LENGTH (FLASH) >= (__etext + SIZEOF (.data))), FLASH memory overflowed !)
OUTPUT(Embedded_1.axf elf32-littlearm)

.ARM.attributes
                0x00000000       0x28
 .ARM.attributes
                0x00000000       0x1e e:/program files/simplicitystudio/developer/toolchains/gnu_arm/7.2_2017q4/bin/../lib/gcc/arm-none-eabi/7.2.1/thumb/v6-m/crti.o
 .ARM.attributes
                0x0000001e       0x2c e:/program files/simplicitystudio/developer/toolchains/gnu_arm/7.2_2017q4/bin/../lib/gcc/arm-none-eabi/7.2.1/thumb/v6-m/crtbegin.o
 .ARM.attributes
                0x0000004a       0x1b e:/program files/simplicitystudio/developer/toolchains/gnu_arm/7.2_2017q4/bin/../lib/gcc/arm-none-eabi/7.2.1/../../../../arm-none-eabi/lib/thumb/v6-m/crt0.o
 .ARM.attributes
                0x00000065       0x32 ./AMG8833/I2C.o
 .ARM.attributes
                0x00000097       0x1b ./CMSIS/EFM32HG/startup_efm32hg.o
 .ARM.attributes
                0x000000b2       0x32 ./CMSIS/EFM32HG/system_efm32hg.o
 .ARM.attributes
                0x000000e4       0x32 ./emlib/em_cmu.o
 .ARM.attributes
                0x00000116       0x32 ./emlib/em_gpio.o
 .ARM.attributes
                0x00000148       0x32 ./emlib/em_i2c.o
 .ARM.attributes
                0x0000017a       0x32 ./emlib/i2cspm.o
 .ARM.attributes
                0x000001ac       0x32 ./src/main.o
 .ARM.attributes
                0x000001de       0x1e e:/program files/simplicitystudio/developer/toolchains/gnu_arm/7.2_2017q4/bin/../lib/gcc/arm-none-eabi/7.2.1/thumb/v6-m\libgcc.a(_udivsi3.o)
 .ARM.attributes
                0x000001fc       0x1e e:/program files/simplicitystudio/developer/toolchains/gnu_arm/7.2_2017q4/bin/../lib/gcc/arm-none-eabi/7.2.1/thumb/v6-m\libgcc.a(_dvmd_tls.o)
 .ARM.attributes
                0x0000021a       0x2c e:/program files/simplicitystudio/developer/toolchains/gnu_arm/7.2_2017q4/bin/../lib/gcc/arm-none-eabi/7.2.1/../../../../arm-none-eabi/lib/thumb/v6-m\libc_nano.a(lib_a-exit.o)
 .ARM.attributes
                0x00000246       0x2c e:/program files/simplicitystudio/developer/toolchains/gnu_arm/7.2_2017q4/bin/../lib/gcc/arm-none-eabi/7.2.1/../../../../arm-none-eabi/lib/thumb/v6-m\libc_nano.a(lib_a-impure.o)
 .ARM.attributes
                0x00000272       0x2c e:/program files/simplicitystudio/developer/toolchains/gnu_arm/7.2_2017q4/bin/../lib/gcc/arm-none-eabi/7.2.1/../../../../arm-none-eabi/lib/thumb/v6-m\libc_nano.a(lib_a-init.o)
 .ARM.attributes
                0x0000029e       0x2c e:/program files/simplicitystudio/developer/toolchains/gnu_arm/7.2_2017q4/bin/../lib/gcc/arm-none-eabi/7.2.1/../../../../arm-none-eabi/lib/thumb/v6-m\libc_nano.a(lib_a-memset.o)
 .ARM.attributes
                0x000002ca       0x2c e:/program files/simplicitystudio/developer/toolchains/gnu_arm/7.2_2017q4/bin/../lib/gcc/arm-none-eabi/7.2.1/../../../../arm-none-eabi/lib/thumb/v6-m\libnosys.a(_exit.o)
 .ARM.attributes
                0x000002f6       0x2c e:/program files/simplicitystudio/developer/toolchains/gnu_arm/7.2_2017q4/bin/../lib/gcc/arm-none-eabi/7.2.1/thumb/v6-m/crtend.o
 .ARM.attributes
                0x00000322       0x1e e:/program files/simplicitystudio/developer/toolchains/gnu_arm/7.2_2017q4/bin/../lib/gcc/arm-none-eabi/7.2.1/thumb/v6-m/crtn.o

.comment        0x00000000       0x7e
 .comment       0x00000000       0x7e ./AMG8833/I2C.o
                                 0x7f (size before relaxing)
 .comment       0x0000007e       0x7f ./CMSIS/EFM32HG/system_efm32hg.o
 .comment       0x0000007e       0x7f ./emlib/em_cmu.o
 .comment       0x0000007e       0x7f ./emlib/em_gpio.o
 .comment       0x0000007e       0x7f ./emlib/em_i2c.o
 .comment       0x0000007e       0x7f ./emlib/i2cspm.o
 .comment       0x0000007e       0x7f ./src/main.o

.debug_info     0x00000000     0x7974
 .debug_info    0x00000000      0xe5f ./AMG8833/I2C.o
 .debug_info    0x00000e5f       0x26 ./CMSIS/EFM32HG/startup_efm32hg.o
 .debug_info    0x00000e85      0xe45 ./CMSIS/EFM32HG/system_efm32hg.o
 .debug_info    0x00001cca     0x1c20 ./emlib/em_cmu.o
 .debug_info    0x000038ea      0xf85 ./emlib/em_gpio.o
 .debug_info    0x0000486f     0x11ac ./emlib/em_i2c.o
 .debug_info    0x00005a1b     0x1166 ./emlib/i2cspm.o
 .debug_info    0x00006b81      0xdf3 ./src/main.o

.debug_abbrev   0x00000000     0x1235
 .debug_abbrev  0x00000000      0x239 ./AMG8833/I2C.o
 .debug_abbrev  0x00000239       0x14 ./CMSIS/EFM32HG/startup_efm32hg.o
 .debug_abbrev  0x0000024d      0x262 ./CMSIS/EFM32HG/system_efm32hg.o
 .debug_abbrev  0x000004af      0x36b ./emlib/em_cmu.o
 .debug_abbrev  0x0000081a      0x29f ./emlib/em_gpio.o
 .debug_abbrev  0x00000ab9      0x2ed ./emlib/em_i2c.o
 .debug_abbrev  0x00000da6      0x294 ./emlib/i2cspm.o
 .debug_abbrev  0x0000103a      0x1fb ./src/main.o

.debug_loc      0x00000000     0x1294
 .debug_loc     0x00000000      0x100 ./AMG8833/I2C.o
 .debug_loc     0x00000100      0x1e8 ./CMSIS/EFM32HG/system_efm32hg.o
 .debug_loc     0x000002e8      0x928 ./emlib/em_cmu.o
 .debug_loc     0x00000c10      0x2a0 ./emlib/em_gpio.o
 .debug_loc     0x00000eb0      0x268 ./emlib/em_i2c.o
 .debug_loc     0x00001118       0xe0 ./emlib/i2cspm.o
 .debug_loc     0x000011f8       0x9c ./src/main.o

.debug_aranges  0x00000000      0x390
 .debug_aranges
                0x00000000       0x40 ./AMG8833/I2C.o
 .debug_aranges
                0x00000040       0x20 ./CMSIS/EFM32HG/startup_efm32hg.o
 .debug_aranges
                0x00000060       0x68 ./CMSIS/EFM32HG/system_efm32hg.o
 .debug_aranges
                0x000000c8      0x178 ./emlib/em_cmu.o
 .debug_aranges
                0x00000240       0x78 ./emlib/em_gpio.o
 .debug_aranges
                0x000002b8       0x70 ./emlib/em_i2c.o
 .debug_aranges
                0x00000328       0x38 ./emlib/i2cspm.o
 .debug_aranges
                0x00000360       0x30 ./src/main.o

.debug_ranges   0x00000000      0x318
 .debug_ranges  0x00000000       0x30 ./AMG8833/I2C.o
 .debug_ranges  0x00000030       0x58 ./CMSIS/EFM32HG/system_efm32hg.o
 .debug_ranges  0x00000088      0x168 ./emlib/em_cmu.o
 .debug_ranges  0x000001f0       0x68 ./emlib/em_gpio.o
 .debug_ranges  0x00000258       0x78 ./emlib/em_i2c.o
 .debug_ranges  0x000002d0       0x28 ./emlib/i2cspm.o
 .debug_ranges  0x000002f8       0x20 ./src/main.o

.debug_macro    0x00000000    0x147f3
 .debug_macro   0x00000000      0x33b ./AMG8833/I2C.o
 .debug_macro   0x0000033b       0x16 ./AMG8833/I2C.o
 .debug_macro   0x00000351      0x318 ./AMG8833/I2C.o
 .debug_macro   0x00000669       0x12 ./AMG8833/I2C.o
 .debug_macro   0x0000067b       0x1c ./AMG8833/I2C.o
 .debug_macro   0x00000697       0x22 ./AMG8833/I2C.o
 .debug_macro   0x000006b9       0xb5 ./AMG8833/I2C.o
 .debug_macro   0x0000076e       0x12 ./AMG8833/I2C.o
 .debug_macro   0x00000780       0x58 ./AMG8833/I2C.o
 .debug_macro   0x000007d8       0x17 ./AMG8833/I2C.o
 .debug_macro   0x000007ef       0x35 ./AMG8833/I2C.o
 .debug_macro   0x00000824       0x9c ./AMG8833/I2C.o
 .debug_macro   0x000008c0      0x16d ./AMG8833/I2C.o
 .debug_macro   0x00000a2d       0x58 ./AMG8833/I2C.o
 .debug_macro   0x00000a85       0x1f ./AMG8833/I2C.o
 .debug_macro   0x00000aa4       0x43 ./AMG8833/I2C.o
 .debug_macro   0x00000ae7       0x20 ./AMG8833/I2C.o
 .debug_macro   0x00000b07      0x18e ./AMG8833/I2C.o
 .debug_macro   0x00000c95      0x34d ./AMG8833/I2C.o
 .debug_macro   0x00000fe2       0x10 ./AMG8833/I2C.o
 .debug_macro   0x00000ff2       0x35 ./AMG8833/I2C.o
 .debug_macro   0x00001027       0xde ./AMG8833/I2C.o
 .debug_macro   0x00001105       0xe4 ./AMG8833/I2C.o
 .debug_macro   0x000011e9      0x37c ./AMG8833/I2C.o
 .debug_macro   0x00001565      0x2b1 ./AMG8833/I2C.o
 .debug_macro   0x00001816     0x14a6 ./AMG8833/I2C.o
 .debug_macro   0x00002cbc     0x2af9 ./AMG8833/I2C.o
 .debug_macro   0x000057b5      0x82e ./AMG8833/I2C.o
 .debug_macro   0x00005fe3       0xfa ./AMG8833/I2C.o
 .debug_macro   0x000060dd      0x1b4 ./AMG8833/I2C.o
 .debug_macro   0x00006291     0x1c9a ./AMG8833/I2C.o
 .debug_macro   0x00007f2b     0x16af ./AMG8833/I2C.o
 .debug_macro   0x000095da      0x6cb ./AMG8833/I2C.o
 .debug_macro   0x00009ca5     0x1bdb ./AMG8833/I2C.o
 .debug_macro   0x0000b880      0x7a0 ./AMG8833/I2C.o
 .debug_macro   0x0000c020      0x22a ./AMG8833/I2C.o
 .debug_macro   0x0000c24a     0x1c0a ./AMG8833/I2C.o
 .debug_macro   0x0000de54      0x33e ./AMG8833/I2C.o
 .debug_macro   0x0000e192      0xf1d ./AMG8833/I2C.o
 .debug_macro   0x0000f0af      0xf9b ./AMG8833/I2C.o
 .debug_macro   0x0001004a      0xa5c ./AMG8833/I2C.o
 .debug_macro   0x00010aa6     0x106b ./AMG8833/I2C.o
 .debug_macro   0x00011b11      0x380 ./AMG8833/I2C.o
 .debug_macro   0x00011e91      0x1ca ./AMG8833/I2C.o
 .debug_macro   0x0001205b      0x166 ./AMG8833/I2C.o
 .debug_macro   0x000121c1      0x257 ./AMG8833/I2C.o
 .debug_macro   0x00012418       0x40 ./AMG8833/I2C.o
 .debug_macro   0x00012458      0x18c ./AMG8833/I2C.o
 .debug_macro   0x000125e4      0x11e ./AMG8833/I2C.o
 .debug_macro   0x00012702       0xc4 ./AMG8833/I2C.o
 .debug_macro   0x000127c6      0x253 ./AMG8833/I2C.o
 .debug_macro   0x00012a19       0x27 ./AMG8833/I2C.o
 .debug_macro   0x00012a40      0x100 ./AMG8833/I2C.o
 .debug_macro   0x00012b40      0x100 ./AMG8833/I2C.o
 .debug_macro   0x00012c40       0x10 ./AMG8833/I2C.o
 .debug_macro   0x00012c50       0xb9 ./AMG8833/I2C.o
 .debug_macro   0x00012d09       0x45 ./AMG8833/I2C.o
 .debug_macro   0x00012d4e      0x302 ./CMSIS/EFM32HG/system_efm32hg.o
 .debug_macro   0x00013050      0x391 ./emlib/em_cmu.o
 .debug_macro   0x000133e1       0xbf ./emlib/em_cmu.o
 .debug_macro   0x000134a0       0x69 ./emlib/em_cmu.o
 .debug_macro   0x00013509      0x322 ./emlib/em_cmu.o
 .debug_macro   0x0001382b       0x2b ./emlib/em_cmu.o
 .debug_macro   0x00013856       0xee ./emlib/em_cmu.o
 .debug_macro   0x00013944       0x11 ./emlib/em_cmu.o
 .debug_macro   0x00013955      0x31b ./emlib/em_gpio.o
 .debug_macro   0x00013c70      0x37d ./emlib/em_i2c.o
 .debug_macro   0x00013fed       0x3f ./emlib/em_i2c.o
 .debug_macro   0x0001402c      0x349 ./emlib/i2cspm.o
 .debug_macro   0x00014375      0x3a8 ./src/main.o
 .debug_macro   0x0001471d       0x16 ./src/main.o
 .debug_macro   0x00014733       0xc0 ./src/main.o

.debug_line     0x00000000     0x4866
 .debug_line    0x00000000      0x8f2 ./AMG8833/I2C.o
 .debug_line    0x000008f2       0xd4 ./CMSIS/EFM32HG/startup_efm32hg.o
 .debug_line    0x000009c6      0x828 ./CMSIS/EFM32HG/system_efm32hg.o
 .debug_line    0x000011ee      0xfa9 ./emlib/em_cmu.o
 .debug_line    0x00002197      0x991 ./emlib/em_gpio.o
 .debug_line    0x00002b28      0xa9b ./emlib/em_i2c.o
 .debug_line    0x000035c3      0x940 ./emlib/i2cspm.o
 .debug_line    0x00003f03      0x963 ./src/main.o

.debug_str      0x00000000    0x7a14c
 .debug_str     0x00000000    0x772e7 ./AMG8833/I2C.o
                              0x7757b (size before relaxing)
 .debug_str     0x000772e7       0x96 ./CMSIS/EFM32HG/startup_efm32hg.o
                                 0xe4 (size before relaxing)
 .debug_str     0x0007737d      0x353 ./CMSIS/EFM32HG/system_efm32hg.o
                              0x76cd8 (size before relaxing)
 .debug_str     0x000776d0     0x1b6e ./emlib/em_cmu.o
                              0x78dd1 (size before relaxing)
 .debug_str     0x0007923e      0x467 ./emlib/em_gpio.o
                              0x7758c (size before relaxing)
 .debug_str     0x000796a5      0x2f7 ./emlib/em_i2c.o
                              0x788a6 (size before relaxing)
 .debug_str     0x0007999c       0x90 ./emlib/i2cspm.o
                              0x786c7 (size before relaxing)
 .debug_str     0x00079a2c      0x720 ./src/main.o
                              0x78a3b (size before relaxing)

.debug_frame    0x00000000      0xc08
 .debug_frame   0x00000000       0xb4 ./AMG8833/I2C.o
 .debug_frame   0x000000b4      0x138 ./CMSIS/EFM32HG/system_efm32hg.o
 .debug_frame   0x000001ec      0x56c ./emlib/em_cmu.o
 .debug_frame   0x00000758      0x190 ./emlib/em_gpio.o
 .debug_frame   0x000008e8      0x170 ./emlib/em_i2c.o
 .debug_frame   0x00000a58       0x90 ./emlib/i2cspm.o
 .debug_frame   0x00000ae8       0x6c ./src/main.o
 .debug_frame   0x00000b54       0x20 e:/program files/simplicitystudio/developer/toolchains/gnu_arm/7.2_2017q4/bin/../lib/gcc/arm-none-eabi/7.2.1/thumb/v6-m\libgcc.a(_udivsi3.o)
 .debug_frame   0x00000b74       0x28 e:/program files/simplicitystudio/developer/toolchains/gnu_arm/7.2_2017q4/bin/../lib/gcc/arm-none-eabi/7.2.1/../../../../arm-none-eabi/lib/thumb/v6-m\libc_nano.a(lib_a-exit.o)
 .debug_frame   0x00000b9c       0x2c e:/program files/simplicitystudio/developer/toolchains/gnu_arm/7.2_2017q4/bin/../lib/gcc/arm-none-eabi/7.2.1/../../../../arm-none-eabi/lib/thumb/v6-m\libc_nano.a(lib_a-init.o)
 .debug_frame   0x00000bc8       0x20 e:/program files/simplicitystudio/developer/toolchains/gnu_arm/7.2_2017q4/bin/../lib/gcc/arm-none-eabi/7.2.1/../../../../arm-none-eabi/lib/thumb/v6-m\libc_nano.a(lib_a-memset.o)
 .debug_frame   0x00000be8       0x20 e:/program files/simplicitystudio/developer/toolchains/gnu_arm/7.2_2017q4/bin/../lib/gcc/arm-none-eabi/7.2.1/../../../../arm-none-eabi/lib/thumb/v6-m\libnosys.a(_exit.o)
